<html>
<body>
<pre>
<h1>µVision Build Log</h1>
<h2>Tool Versions:</h2>
IDE-Version: µVision V5.37.0.0
Copyright (C) 2022 ARM Ltd and ARM Germany GmbH. All rights reserved.
License Information: leonardo buonaiuto, leo, LIC=----
 
Tool Versions:
Toolchain:       MDK-Lite  Version: 5.37.0.0
Toolchain Path:  C:\Keil_v5\ARM\ARMCLANG\Bin
C Compiler:      ArmClang.exe V6.18
Assembler:       Armasm.exe V6.18
Linker/Locator:  ArmLink.exe V6.18
Library Manager: ArmAr.exe V6.18
Hex Converter:   FromElf.exe V6.18
CPU DLL:         SARMCM3.DLL V5.37.0.0
Dialog DLL:      DCM.DLL V1.17.5.0
Target DLL:      STLink\ST-LINKIII-KEIL_SWO.dll V3.0.9.0
Dialog DLL:      TCM.DLL V1.56.1.0
 
<h2>Project:</h2>
C:\Users\bl91\Desktop\MicroVNewPrj\MicrvNewPrj\Training.uvprojx
Project File Date:  03/08/2026

<h2>Output:</h2>
*** Using Compiler 'V6.18', folder: 'C:\Keil_v5\ARM\ARMCLANG\Bin'
Build target 'Target_1'
main.c(27): warning: mixing declarations and code is incompatible with standards before C99 [-Wdeclaration-after-statement]
        const char string[]="Hello World from task1\n\r";
                   ^
main.c(24): warning: function 'Task1' could be declared with attribute 'noreturn' [-Wmissing-noreturn]
{
^
main.c(43): warning: mixing declarations and code is incompatible with standards before C99 [-Wdeclaration-after-statement]
        const char string[]="Hello World from task2\n\r";
                   ^
main.c(40): warning: function 'Task2' could be declared with attribute 'noreturn' [-Wmissing-noreturn]
{
^
main.c(58): warning: mixing declarations and code is incompatible with standards before C99 [-Wdeclaration-after-statement]
        msg_t m2;
              ^
main.c(56): warning: function 'Task3' could be declared with attribute 'noreturn' [-Wmissing-noreturn]
{
^
main.c(72): warning: no previous prototype for function 'createTask1' [-Wmissing-prototypes]
void createTask1(osThreadFunc_t Task)
     ^
main.c(72): note: declare 'static' if the function is not intended to be used outside of this translation unit
void createTask1(osThreadFunc_t Task)
^
static 
main.c(83): warning: no previous prototype for function 'createTask2' [-Wmissing-prototypes]
 void createTask2(osThreadFunc_t Task)
      ^
main.c(83): note: declare 'static' if the function is not intended to be used outside of this translation unit
 void createTask2(osThreadFunc_t Task)
 ^
 static 
main.c(92): warning: no previous prototype for function 'createTask3_UsartWrite' [-Wmissing-prototypes]
void createTask3_UsartWrite(osThreadFunc_t Task)
     ^
main.c(92): note: declare 'static' if the function is not intended to be used outside of this translation unit
void createTask3_UsartWrite(osThreadFunc_t Task)
^
static 
main.c(129): warning: implicit conversion changes signedness: 'int' to 'unsigned int' [-Wsign-conversion]
  GPIOA->MODER &= ~0x00000C00;    /* clear pin mode */
               ~~ ^~~~~~~~~~~
main.c(213): warning: no previous prototype for function 'DMA1_Stream6_IRQHandler' [-Wmissing-prototypes]
void DMA1_Stream6_IRQHandler(void)
     ^
main.c(213): note: declare 'static' if the function is not intended to be used outside of this translation unit
void DMA1_Stream6_IRQHandler(void)
^
static 
main.c(12): warning: no previous extern declaration for non-static variable 'semTxDone' [-Wmissing-variable-declarations]
osSemaphoreId_t semTxDone;
                ^
main.c(12): note: declare 'static' if the variable is not intended to be used outside of this translation unit
osSemaphoreId_t semTxDone;
^
main.c(15): warning: no previous extern declaration for non-static variable 'Task1_p' [-Wmissing-variable-declarations]
osThreadFunc_t Task1_p;   //un puntatore a funzione <E8> un puntatore non <E8> una funzione, quindi <E8>
               ^
main.c(15): note: declare 'static' if the variable is not intended to be used outside of this translation unit
osThreadFunc_t Task1_p;   //un puntatore a funzione <E8> un puntatore non <E8> una funzione, quindi <E8>
^
main.c(20): warning: no previous extern declaration for non-static variable 'shared_queue' [-Wmissing-variable-declarations]
osMessageQueueId_t shared_queue;
                   ^
main.c(20): note: declare 'static' if the variable is not intended to be used outside of this translation unit
osMessageQueueId_t shared_queue;
^
14 warnings generated.
compiling main.c...
linking...
Program Size: Code=21788 RO-data=884 RW-data=168 ZI-data=37520  
".\Objects\Training.axf" - 0 Error(s), 14 Warning(s).

<h2>Software Packages used:</h2>

Package Vendor: ARM
                https://www.keil.com/pack/ARM.CMSIS.6.0.0.pack
                ARM.CMSIS.6.0.0
                CMSIS (Common Microcontroller Software Interface Standard)
   * Component: OS Tick Version: 1.0.1
   * Component: RTOS2 Version: 2.3.0
   * Component: CORE Version: 6.0.0
   * Component: SysTick Version: 1.0.5

Package Vendor: ARM
                https://www.keil.com/pack/ARM.CMSIS-RTX.5.9.0.pack
                ARM.CMSIS-RTX.5.9.0
                RTX RTOS implementation of CMSIS-RTOS2 API
   * Component: Keil RTX5 Variant: Source Version: 5.9.0

Package Vendor: ARM
                https://www.keil.com/pack/ARM.CMSIS-View.1.2.0.pack
                ARM.CMSIS-View.1.2.0
                Debugger visualization of software events and statistics
   * Component: Event Recorder Variant: DAP Version: 1.6.0

Package Vendor: Keil
                https://www.keil.com/pack/Keil.STM32F4xx_DFP.2.17.0.pack
                Keil.STM32F4xx_DFP.2.17.0
                STMicroelectronics STM32F4 Series Device Support, Drivers and Examples
   * Component: Startup Version: 2.6.3

<h2>Collection of Component include folders:</h2>
  ./RTE/CMSIS
  ./RTE/CMSIS-View
  ./RTE/_Target_1
  C:/Users/bl91/AppData/Local/Arm/Packs/ARM/CMSIS-RTX/5.9.0/Include
  C:/Users/bl91/AppData/Local/Arm/Packs/ARM/CMSIS-View/1.2.0/EventRecorder/Include
  C:/Users/bl91/AppData/Local/Arm/Packs/ARM/CMSIS/6.0.0/CMSIS/Core/Include
  C:/Users/bl91/AppData/Local/Arm/Packs/ARM/CMSIS/6.0.0/CMSIS/RTOS2/Include
  C:/Users/bl91/AppData/Local/Arm/Packs/Keil/STM32F4xx_DFP/2.17.0/Drivers/CMSIS/Device/ST/STM32F4xx/Include

<h2>Collection of Component Files used:</h2>

   * Component: ::CMSIS:OS Tick:1.0.1 (API)
      Include file:  CMSIS/RTOS2/Include/os_tick.h

   * Component: ::CMSIS:RTOS2:2.3.0 (API)
      Include file:  CMSIS/RTOS2/Include/cmsis_os2.h

   * Component: ARM::CMSIS-View:Event Recorder:DAP:1.6.0
      Include file:  EventRecorder/Config/EventRecorderConf.h
      Include file:  EventRecorder/Include/EventRecorder.h
      Source file:   EventRecorder/Source/EventRecorder.c

   * Component: ARM::CMSIS:CORE:6.0.0

   * Component: ARM::CMSIS:OS Tick:SysTick:1.0.5
      Source file:   CMSIS/RTOS2/Source/os_systick.c

   * Component: ARM::CMSIS:RTOS2:Keil RTX5:Source:5.9.0
      Source file:   Source/rtx_evflags.c
      Source file:   Template/Mutex.c
      Source file:   Source/rtx_kernel.c
      Include file:  Config/RTX_Config.h
      Source file:   Template/Semaphore.c
      Source file:   Template/MsgQueue.c
      Source file:   Config/RTX_Config.c
      Include file:  Include/rtx_os.h
      Source file:   Template/Events.c
      Source file:   Template/MemPool.c
      Source file:   Template/Thread.c
      Source file:   Template/Timer.c
      Source file:   Template/svc_user.c
      Source file:   Source/rtx_delay.c
      Source file:   Source/rtx_thread.c
      Source file:   Source/rtx_timer.c
      Source file:   Source/rtx_mutex.c
      Source file:   Source/rtx_semaphore.c
      Source file:   Source/rtx_memory.c
      Source file:   Source/rtx_mempool.c
      Source file:   Source/rtx_msgqueue.c
      Source file:   Template/main.c
      Source file:   Source/rtx_system.c
      Source file:   Source/GCC/irq_armv7m.S
      Source file:   Source/rtx_evr.c
      Source file:   Source/rtx_lib.c

   * Component: Keil::Device:Startup:2.6.3
      Include file:  Drivers/CMSIS/Device/ST/STM32F4xx/Include/stm32f4xx.h
      Source file:   MDK/Device/Source/ARM/STM32F446xx_OPT.s
      Source file:   MDK/Device/Source/ARM/STM32F4xx_OTP.s
      Source file:   Drivers/CMSIS/Device/ST/STM32F4xx/Source/Templates/arm/startup_stm32f446xx.s
      Source file:   Drivers/CMSIS/Device/ST/STM32F4xx/Source/Templates/system_stm32f4xx.c
Build Time Elapsed:  00:00:01
</pre>
</body>
</html>
