Component: Arm Compiler for Embedded 6.24 Tool: armlink [5f371500]

==============================================================================

Section Cross References

    main.o(.text.Task1) refers to rtx_delay.o(.text.osDelay) for osDelay
    main.o(.ARM.exidx.text.Task1) refers to main.o(.text.Task1) for [Anonymous Symbol]
    main.o(.text.Task2) refers to rtx_delay.o(.text.osDelay) for osDelay
    main.o(.ARM.exidx.text.Task2) refers to main.o(.text.Task2) for [Anonymous Symbol]
    main.o(.text.createTask1) refers to rt_memclr_w.o(.text) for __aeabi_memclr4
    main.o(.text.createTask1) refers to main.o(.rodata.str1.1) for .L.str
    main.o(.text.createTask1) refers to rtx_thread.o(.text.osThreadNew) for osThreadNew
    main.o(.ARM.exidx.text.createTask1) refers to main.o(.text.createTask1) for [Anonymous Symbol]
    main.o(.text.createTask2) refers to rt_memclr_w.o(.text) for __aeabi_memclr4
    main.o(.text.createTask2) refers to main.o(.rodata.str1.1) for .L.str.1
    main.o(.text.createTask2) refers to rtx_thread.o(.text.osThreadNew) for osThreadNew
    main.o(.ARM.exidx.text.createTask2) refers to main.o(.text.createTask2) for [Anonymous Symbol]
    main.o(.text.main) refers to main.o(.text.GPIO_Init) for GPIO_Init
    main.o(.text.main) refers to eventrecorder.o(.text.EventRecorderInitialize) for EventRecorderInitialize
    main.o(.text.main) refers to eventrecorder.o(.text.EventRecorderStart) for EventRecorderStart
    main.o(.text.main) refers to main.o(.bss.Task1_p) for Task1_p
    main.o(.text.main) refers to main.o(.text.Task1) for Task1
    main.o(.text.main) refers to rtx_kernel.o(.text.osKernelInitialize) for osKernelInitialize
    main.o(.text.main) refers to main.o(.text.createTask1) for createTask1
    main.o(.text.main) refers to main.o(.text.Task2) for Task2
    main.o(.text.main) refers to main.o(.text.createTask2) for createTask2
    main.o(.text.main) refers to rtx_kernel.o(.text.osKernelStart) for osKernelStart
    main.o(.ARM.exidx.text.main) refers to main.o(.text.main) for [Anonymous Symbol]
    main.o(.ARM.exidx.text.GPIO_Init) refers to main.o(.text.GPIO_Init) for [Anonymous Symbol]
    irq_armv7m.o(.text) refers to rtx_thread.o(.text.osRtxThreadStackCheck) for osRtxThreadStackCheck
    irq_armv7m.o(.text) refers to rtx_kernel.o(.text.osRtxKernelErrorNotify) for osRtxKernelErrorNotify
    irq_armv7m.o(.text) refers to rtx_system.o(.text.osRtxPendSV_Handler) for osRtxPendSV_Handler
    irq_armv7m.o(.text) refers to rtx_system.o(.text.osRtxTick_Handler) for osRtxTick_Handler
    irq_armv7m.o(.text) refers to rtx_kernel.o(.data.os) for osRtxInfo
    irq_armv7m.o(.text) refers to rtx_lib.o(.rodata.osRtxUserSVC) for osRtxUserSVC
    irq_armv7m.o(.ARM.exidx) refers to irq_armv7m.o(.text) for [Anonymous Symbol]
    rtx_delay.o(.text.osDelay) refers to rtx_evr.o(.text.EvrRtxDelay) for EvrRtxDelay
    rtx_delay.o(.text.osDelay) refers to rtx_delay.o(.text.IsException) for IsException
    rtx_delay.o(.text.osDelay) refers to rtx_delay.o(.text.IsIrqMasked) for IsIrqMasked
    rtx_delay.o(.text.osDelay) refers to rtx_evr.o(.text.EvrRtxDelayError) for EvrRtxDelayError
    rtx_delay.o(.text.osDelay) refers to rtx_delay.o(.text.svcRtxDelay) for svcRtxDelay
    rtx_delay.o(.ARM.exidx.text.osDelay) refers to rtx_delay.o(.text.osDelay) for [Anonymous Symbol]
    rtx_delay.o(.ARM.exidx.text.IsException) refers to rtx_delay.o(.text.IsException) for [Anonymous Symbol]
    rtx_delay.o(.ARM.exidx.text.IsIrqMasked) refers to rtx_delay.o(.text.IsIrqMasked) for [Anonymous Symbol]
    rtx_delay.o(.text.osDelayUntil) refers to rtx_evr.o(.text.EvrRtxDelayUntil) for EvrRtxDelayUntil
    rtx_delay.o(.text.osDelayUntil) refers to rtx_delay.o(.text.IsException) for IsException
    rtx_delay.o(.text.osDelayUntil) refers to rtx_delay.o(.text.IsIrqMasked) for IsIrqMasked
    rtx_delay.o(.text.osDelayUntil) refers to rtx_evr.o(.text.EvrRtxDelayError) for EvrRtxDelayError
    rtx_delay.o(.text.osDelayUntil) refers to rtx_delay.o(.text.svcRtxDelayUntil) for svcRtxDelayUntil
    rtx_delay.o(.ARM.exidx.text.osDelayUntil) refers to rtx_delay.o(.text.osDelayUntil) for [Anonymous Symbol]
    rtx_delay.o(.text.svcRtxDelay) refers to rtx_evr.o(.text.EvrRtxDelayError) for EvrRtxDelayError
    rtx_delay.o(.text.svcRtxDelay) refers to rtx_thread.o(.text.osRtxThreadWaitEnter) for osRtxThreadWaitEnter
    rtx_delay.o(.text.svcRtxDelay) refers to rtx_evr.o(.text.EvrRtxDelayStarted) for EvrRtxDelayStarted
    rtx_delay.o(.ARM.exidx.text.svcRtxDelay) refers to rtx_delay.o(.text.svcRtxDelay) for [Anonymous Symbol]
    rtx_delay.o(.text.svcRtxDelayUntil) refers to rtx_kernel.o(.data.os) for osRtxInfo
    rtx_delay.o(.text.svcRtxDelayUntil) refers to rtx_evr.o(.text.EvrRtxDelayError) for EvrRtxDelayError
    rtx_delay.o(.text.svcRtxDelayUntil) refers to rtx_thread.o(.text.osRtxThreadWaitEnter) for osRtxThreadWaitEnter
[...]
    [Anonymous Symbol]                       0x08003fcc   Section        0  rtx_kernel.o(.text.svcRtxKernelStart)
    svcRtxMessageQueueGet                    0x08004071   Thumb Code   360  rtx_msgqueue.o(.text.svcRtxMessageQueueGet)
    [Anonymous Symbol]                       0x08004070   Section        0  rtx_msgqueue.o(.text.svcRtxMessageQueueGet)
    svcRtxMessageQueueNew                    0x080041d9   Thumb Code   656  rtx_msgqueue.o(.text.svcRtxMessageQueueNew)
    [Anonymous Symbol]                       0x080041d8   Section        0  rtx_msgqueue.o(.text.svcRtxMessageQueueNew)
    svcRtxMessageQueuePut                    0x08004469   Thumb Code   348  rtx_msgqueue.o(.text.svcRtxMessageQueuePut)
    [Anonymous Symbol]                       0x08004468   Section        0  rtx_msgqueue.o(.text.svcRtxMessageQueuePut)
    svcRtxMutexAcquire                       0x080045c5   Thumb Code   374  rtx_mutex.o(.text.svcRtxMutexAcquire)
    [Anonymous Symbol]                       0x080045c4   Section        0  rtx_mutex.o(.text.svcRtxMutexAcquire)
    svcRtxMutexDelete                        0x0800473d   Thumb Code    88  rtx_mutex.o(.text.svcRtxMutexDelete)
    [Anonymous Symbol]                       0x0800473c   Section        0  rtx_mutex.o(.text.svcRtxMutexDelete)
    svcRtxMutexNew                           0x08004795   Thumb Code   322  rtx_mutex.o(.text.svcRtxMutexNew)
    [Anonymous Symbol]                       0x08004794   Section        0  rtx_mutex.o(.text.svcRtxMutexNew)
    svcRtxMutexRelease                       0x080048d9   Thumb Code   416  rtx_mutex.o(.text.svcRtxMutexRelease)
    [Anonymous Symbol]                       0x080048d8   Section        0  rtx_mutex.o(.text.svcRtxMutexRelease)
    svcRtxThreadExit                         0x08004a79   Thumb Code   132  rtx_thread.o(.text.svcRtxThreadExit)
    [Anonymous Symbol]                       0x08004a78   Section        0  rtx_thread.o(.text.svcRtxThreadExit)
    svcRtxThreadNew                          0x08004afd   Thumb Code  1130  rtx_thread.o(.text.svcRtxThreadNew)
    [Anonymous Symbol]                       0x08004afc   Section        0  rtx_thread.o(.text.svcRtxThreadNew)
    user_perthread_libspace_free             0x08004f69   Thumb Code    72  rtx_lib.o(.text.user_perthread_libspace_free)
    [Anonymous Symbol]                       0x08004f68   Section        0  rtx_lib.o(.text.user_perthread_libspace_free)
    xPSR_InitVal                             0x08004fb1   Thumb Code    18  rtx_thread.o(.text.xPSR_InitVal)
    [Anonymous Symbol]                       0x08004fb0   Section        0  rtx_thread.o(.text.xPSR_InitVal)
    $v0                                      0x08004fc2   Number         0  fpinit.o(x$fpl$fpinit)
    x$fpl$fpinit                             0x08004fc2   Section       26  fpinit.o(x$fpl$fpinit)
    __tagsym$$used.4                         0x08004fdc   Number         0  rtx_lib.o(.rodata)
    __tagsym$$used.5                         0x0800504c   Number         0  rtx_lib.o(.rodata)
    __tagsym$$used.0                         0x08005084   Number         0  eventrecorder.o(.rodata.EventRecorderInfo)
    os_idle_thread_attr                      0x080050a0   Data          36  rtx_lib.o(.rodata.os_idle_thread_attr)
    [Anonymous Symbol]                       0x080050a0   Section        0  rtx_lib.o(.rodata.os_idle_thread_attr)
    os_timer_mq_attr                         0x080050c4   Data          24  rtx_lib.o(.rodata.os_timer_mq_attr)
    [Anonymous Symbol]                       0x080050c4   Section        0  rtx_lib.o(.rodata.os_timer_mq_attr)
    os_timer_thread_attr                     0x080050dc   Data          36  rtx_lib.o(.rodata.os_timer_thread_attr)
    [Anonymous Symbol]                       0x080050dc   Section        0  rtx_lib.o(.rodata.os_timer_thread_attr)
    .L.str.1                                 0x08005100   Data          10  main.o(.rodata.str1.1)
    [Anonymous Symbol]                       0x08005100   Section        0  main.o(.rodata.str1.1)
    .L.str                                   0x0800510a   Data           9  main.o(.rodata.str1.1)
    .L.str                                   0x08005113   Data          11  rtx_kernel.o(.rodata.str1.1)
    [Anonymous Symbol]                       0x08005113   Section        0  rtx_kernel.o(.rodata.str1.1)
    .bss                                     0x200000c0   Section       96  libspace.o(.bss)
    SysTimerState                            0x20000120   Data           1  eventrecorder.o(.bss.SysTimerState)
    [Anonymous Symbol]                       0x20000120   Section        0  eventrecorder.o(.bss.SysTimerState)
    EventBuffer                              0x20000140   Data        1024  eventrecorder.o(.bss.noinit)
    [Anonymous Symbol]                       0x20000140   Section        0  eventrecorder.o(.bss.noinit)
    EventFilter                              0x20000540   Data         128  eventrecorder.o(.bss.noinit)
    EventStatus                              0x200005c0   Data          36  eventrecorder.o(.bss.noinit)
    os_isr_queue                             0x200005e8   Data          64  rtx_lib.o(.bss.os)
    [Anonymous Symbol]                       0x200005e8   Section        0  rtx_lib.o(.bss.os)
    os_mem                                   0x20000628   Data       32768  rtx_lib.o(.bss.os)
    PendST                                   0x20008628   Data           1  os_systick.o(.bss.os)
    [Anonymous Symbol]                       0x20008628   Section        0  os_systick.o(.bss.os)
    os_libspace_id                           0x2000862c   Data          16  rtx_lib.o(.bss.os.libspace)
    [Anonymous Symbol]                       0x2000862c   Section        0  rtx_lib.o(.bss.os.libspace)
    os_libspace                              0x2000863c   Data         480  rtx_lib.o(.bss.os.libspace)
    os_timer_mq_cb                           0x2000881c   Data          52  rtx_lib.o(.bss.os.msgqueue.cb)
    [Anonymous Symbol]                       0x2000881c   Section        0  rtx_lib.o(.bss.os.msgqueue.cb)
    os_timer_mq_data                         0x20008850   Data          80  rtx_lib.o(.bss.os.msgqueue.mem)
    [Anonymous Symbol]                       0x20008850   Section        0  rtx_lib.o(.bss.os.msgqueue.mem)
    os_idle_thread_cb                        0x200088a0   Data          80  rtx_lib.o(.bss.os.thread.cb)
    [Anonymous Symbol]                       0x200088a0   Section        0  rtx_lib.o(.bss.os.thread.cb)
    os_timer_thread_cb                       0x200088f0   Data          80  rtx_lib.o(.bss.os.thread.cb)
    os_idle_thread_stack                     0x20008940   Data         512  rtx_lib.o(.bss.os.thread.idle.stack)
    [Anonymous Symbol]                       0x20008940   Section        0  rtx_lib.o(.bss.os.thread.idle.stack)
    os_timer_thread_stack                    0x20008b40   Data         512  rtx_lib.o(.bss.os.thread.timer.stack)
    [Anonymous Symbol]                       0x20008b40   Section        0  rtx_lib.o(.bss.os.thread.timer.stack)
    os_kernel_is_active.os_kernel_active     0x20008d40   Data           1  rtx_lib.o(.bss.os_kernel_is_active.os_kernel_active)
    [Anonymous Symbol]                       0x20008d40   Section        0  rtx_lib.o(.bss.os_kernel_is_active.os_kernel_active)
    Heap_Mem                                 0x20008d48   Data         512  startup_stm32f446xx.o(HEAP)
    HEAP                                     0x20008d48   Section      512  startup_stm32f446xx.o(HEAP)
    Stack_Mem                                0x20008f48   Data        1024  startup_stm32f446xx.o(STACK)
    STACK                                    0x20008f48   Section     1024  startup_stm32f446xx.o(STACK)
    __initial_sp                             0x20009348   Data           0  startup_stm32f446xx.o(STACK)
    FPCCR                                    0xe000ef34   Number         0  irq_armv7m.o ABSOLUTE

    Global Symbols

    Symbol Name                              Value     Ov Type        Size  Object(Section)

    BuildAttributes$$THM_ISAv4$E$P$D$K$B$S$7EM$VFPi3$EXTD16$VFPS$VFMA$PE$A:L22UL41UL21$X:L11$S22US41US21$IEEE1$IW$~IW$USESV6$~STKCKD$USESV7$~SHL$OSPACE$ROPI$EBA8$UX$STANDARDLIB$REQ8$PRES8$EABIv2 0x00000000   Number         0  anon$$obj.o ABSOLUTE
    .bss.os.evflags.cb$$Base                  - Undefined Weak Reference
    .bss.os.evflags.cb$$Limit                 - Undefined Weak Reference
    .bss.os.mempool.cb$$Base                  - Undefined Weak Reference
    .bss.os.mempool.cb$$Limit                 - Undefined Weak Reference
    .bss.os.mutex.cb$$Base                    - Undefined Weak Reference
    .bss.os.mutex.cb$$Limit                   - Undefined Weak Reference
    .bss.os.semaphore.cb$$Base                - Undefined Weak Reference
    .bss.os.semaphore.cb$$Limit               - Undefined Weak Reference
    .bss.os.timer.cb$$Base                    - Undefined Weak Reference
    .bss.os.timer.cb$$Limit                   - Undefined Weak Reference
    __ARM_exceptions_init                     - Undefined Weak Reference
    __alloca_initialize                       - Undefined Weak Reference
    __arm_preinit_                            - Undefined Weak Reference
    __arm_relocate_pie_                       - Undefined Weak Reference
    __cpp_initialize__aeabi_                  - Undefined Weak Reference
    __cxa_finalize                            - Undefined Weak Reference
    __rt_locale                               - Undefined Weak Reference
    __sigvec_lookup                           - Undefined Weak Reference
    _atexit_init                              - Undefined Weak Reference
    _call_atexit_fns                          - Undefined Weak Reference
    _clock_init                               - Undefined Weak Reference
    _fp_trap_init                             - Undefined Weak Reference
    _fp_trap_shutdown                         - Undefined Weak Reference
    _get_lc_collate                           - Undefined Weak Reference
    _get_lc_ctype                             - Undefined Weak Reference
    _get_lc_monetary                          - Undefined Weak Reference
    _get_lc_numeric                           - Undefined Weak Reference
    _get_lc_time                              - Undefined Weak Reference
    _getenv_init                              - Undefined Weak Reference
    _handle_redirection                       - Undefined Weak Reference
    _init_alloc                               - Undefined Weak Reference
    _init_user_alloc                          - Undefined Weak Reference
    _initio                                   - Undefined Weak Reference
    _rand_init                                - Undefined Weak Reference
    _signal_finish                            - Undefined Weak Reference
    _signal_init                              - Undefined Weak Reference
    _terminate_alloc                          - Undefined Weak Reference
    _terminate_user_alloc                     - Undefined Weak Reference
    _terminateio                              - Undefined Weak Reference
    __Vectors_Size                           0x000001c4   Number         0  startup_stm32f446xx.o ABSOLUTE
    __Vectors                                0x08000000   Data           4  startup_stm32f446xx.o(RESET)
    __Vectors_End                            0x080001c4   Data           0  startup_stm32f446xx.o(RESET)
    __main                                   0x080001c5   Thumb Code     8  __main.o(!!!main)
    __scatterload                            0x080001cd   Thumb Code     0  __scatter.o(!!!scatter)
    __scatterload_rt2                        0x080001cd   Thumb Code    84  __scatter.o(!!!scatter)
    __scatterload_rt2_thumb_only             0x080001cd   Thumb Code     0  __scatter.o(!!!scatter)
    __scatterload_loop                       0x080001d7   Thumb Code     0  __scatter.o(!!!scatter)
    __scatterload_copy                       0x08000229   Thumb Code    26  __scatter_copy.o(!!handler_copy)
    __scatterload_null                       0x08000245   Thumb Code     2  __scatter.o(!!handler_null)
    __scatterload_zeroinit                   0x08000249   Thumb Code    28  __scatter_zi.o(!!handler_zi)
    __rt_lib_init                            0x08000265   Thumb Code     0  libinit.o(.ARM.Collect$$libinit$$00000000)
    __rt_lib_init_fp_1                       0x08000267   Thumb Code     0  libinit2.o(.ARM.Collect$$libinit$$00000001)
    __rt_lib_init_alloca_1                   0x0800026b   Thumb Code     0  libinit2.o(.ARM.Collect$$libinit$$00000030)
    __rt_lib_init_argv_1                     0x0800026b   Thumb Code     0  libinit2.o(.ARM.Collect$$libinit$$0000002E)
    __rt_lib_init_atexit_1                   0x0800026b   Thumb Code     0  libinit2.o(.ARM.Collect$$libinit$$0000001D)
    __rt_lib_init_clock_1                    0x0800026b   Thumb Code     0  libinit2.o(.ARM.Collect$$libinit$$00000023)
    __rt_lib_init_cpp_1                      0x0800026b   Thumb Code     0  libinit2.o(.ARM.Collect$$libinit$$00000034)
    __rt_lib_init_exceptions_1               0x0800026b   Thumb Code     0  libinit2.o(.ARM.Collect$$libinit$$00000032)
    __rt_lib_init_fp_trap_1                  0x0800026b   Thumb Code     0  libinit2.o(.ARM.Collect$$libinit$$00000021)
    __rt_lib_init_getenv_1                   0x0800026b   Thumb Code     0  libinit2.o(.ARM.Collect$$libinit$$00000025)
    __rt_lib_init_heap_1                     0x0800026b   Thumb Code     0  libinit2.o(.ARM.Collect$$libinit$$0000000C)
    __rt_lib_init_lc_collate_1               0x0800026b   Thumb Code     0  libinit2.o(.ARM.Collect$$libinit$$00000013)
    __rt_lib_init_lc_ctype_1                 0x0800026b   Thumb Code     0  libinit2.o(.ARM.Collect$$libinit$$00000015)
    __rt_lib_init_lc_monetary_1              0x0800026b   Thumb Code     0  libinit2.o(.ARM.Collect$$libinit$$00000017)
    __rt_lib_init_lc_numeric_1               0x0800026b   Thumb Code     0  libinit2.o(.ARM.Collect$$libinit$$00000019)
    __rt_lib_init_lc_time_1                  0x0800026b   Thumb Code     0  libinit2.o(.ARM.Collect$$libinit$$0000001B)
    __rt_lib_init_preinit_1                  0x0800026b   Thumb Code     0  libinit2.o(.ARM.Collect$$libinit$$00000006)
    __rt_lib_init_rand_1                     0x0800026b   Thumb Code     0  libinit2.o(.ARM.Collect$$libinit$$00000010)
    __rt_lib_init_relocate_pie_1             0x0800026b   Thumb Code     0  libinit2.o(.ARM.Collect$$libinit$$00000004)
    __rt_lib_init_return                     0x0800026b   Thumb Code     0  libinit2.o(.ARM.Collect$$libinit$$00000035)
    __rt_lib_init_signal_1                   0x0800026b   Thumb Code     0  libinit2.o(.ARM.Collect$$libinit$$0000001F)
    __rt_lib_init_stdio_1                    0x0800026b   Thumb Code     0  libinit2.o(.ARM.Collect$$libinit$$00000027)
    __rt_lib_init_user_alloc_1               0x0800026b   Thumb Code     0  libinit2.o(.ARM.Collect$$libinit$$0000000E)
    __rt_lib_shutdown                        0x0800026d   Thumb Code     0  libshutdown.o(.ARM.Collect$$libshutdown$$00000000)
    __rt_lib_shutdown_cpp_1                  0x0800026f   Thumb Code     0  libshutdown2.o(.ARM.Collect$$libshutdown$$00000002)
    __rt_lib_shutdown_fp_trap_1              0x0800026f   Thumb Code     0  libshutdown2.o(.ARM.Collect$$libshutdown$$00000007)
    __rt_lib_shutdown_heap_1                 0x0800026f   Thumb Code     0  libshutdown2.o(.ARM.Collect$$libshutdown$$0000000F)
    __rt_lib_shutdown_return                 0x0800026f   Thumb Code     0  libshutdown2.o(.ARM.Collect$$libshutdown$$00000010)
    __rt_lib_shutdown_signal_1               0x0800026f   Thumb Code     0  libshutdown2.o(.ARM.Collect$$libshutdown$$0000000A)
    __rt_lib_shutdown_stdio_1                0x0800026f   Thumb Code     0  libshutdown2.o(.ARM.Collect$$libshutdown$$00000004)
    __rt_lib_shutdown_user_alloc_1           0x0800026f   Thumb Code     0  libshutdown2.o(.ARM.Collect$$libshutdown$$0000000C)
    __rt_entry                               0x08000271   Thumb Code     0  __rtentry.o(.ARM.Collect$$rtentry$$00000000)
    __rt_entry_presh_1                       0x08000271   Thumb Code     0  __rtentry2.o(.ARM.Collect$$rtentry$$00000002)
    __rt_entry_sh                            0x08000271   Thumb Code     0  __rtentry4.o(.ARM.Collect$$rtentry$$00000004)
    __rt_entry_postsh_1                      0x08000277   Thumb Code     0  __rtentry2.o(.ARM.Collect$$rtentry$$00000008)
    __rt_entry_li                            0x0800027f   Thumb Code     0  __rtentry2.o(.ARM.Collect$$rtentry$$0000000A)
    __rt_entry_main                          0x08000283   Thumb Code     0  __rtentry2.o(.ARM.Collect$$rtentry$$0000000D)
    __rt_entry_postli_1                      0x08000283   Thumb Code     0  __rtentry2.o(.ARM.Collect$$rtentry$$0000000C)
    __rt_exit                                0x0800028b   Thumb Code     0  rtexit.o(.ARM.Collect$$rtexit$$00000000)
    __rt_exit_ls                             0x0800028d   Thumb Code     0  rtexit2.o(.ARM.Collect$$rtexit$$00000003)
    __rt_exit_prels_1                        0x0800028d   Thumb Code     0  rtexit2.o(.ARM.Collect$$rtexit$$00000002)
    __rt_exit_exit                           0x08000291   Thumb Code     0  rtexit2.o(.ARM.Collect$$rtexit$$00000004)
    SVC_Handler                              0x08000299   Thumb Code   208  irq_armv7m.o(.text)
    PendSV_Handler                           0x08000369   Thumb Code    16  irq_armv7m.o(.text)
    SysTick_Handler                          0x08000379   Thumb Code    16  irq_armv7m.o(.text)
    Reset_Handler                            0x08000399   Thumb Code     8  startup_stm32f446xx.o(.text)
    NMI_Handler                              0x080003a1   Thumb Code     2  startup_stm32f446xx.o(.text)
    HardFault_Handler                        0x080003a3   Thumb Code     2  startup_stm32f446xx.o(.text)
    MemManage_Handler                        0x080003a5   Thumb Code     2  startup_stm32f446xx.o(.text)
    BusFault_Handler                         0x080003a7   Thumb Code     2  startup_stm32f446xx.o(.text)
    UsageFault_Handler                       0x080003a9   Thumb Code     2  startup_stm32f446xx.o(.text)
    DebugMon_Handler                         0x080003ad   Thumb Code     2  startup_stm32f446xx.o(.text)
    ADC_IRQHandler                           0x080003b3   Thumb Code     0  startup_stm32f446xx.o(.text)
    CAN1_RX0_IRQHandler                      0x080003b3   Thumb Code     0  startup_stm32f446xx.o(.text)
    CAN1_RX1_IRQHandler                      0x080003b3   Thumb Code     0  startup_stm32f446xx.o(.text)
    CAN1_SCE_IRQHandler                      0x080003b3   Thumb Code     0  startup_stm32f446xx.o(.text)
    CAN1_TX_IRQHandler                       0x080003b3   Thumb Code     0  startup_stm32f446xx.o(.text)
    CAN2_RX0_IRQHandler                      0x080003b3   Thumb Code     0  startup_stm32f446xx.o(.text)
    CAN2_RX1_IRQHandler                      0x080003b3   Thumb Code     0  startup_stm32f446xx.o(.text)
    CAN2_SCE_IRQHandler                      0x080003b3   Thumb Code     0  startup_stm32f446xx.o(.text)
    CAN2_TX_IRQHandler                       0x080003b3   Thumb Code     0  startup_stm32f446xx.o(.text)
    CEC_IRQHandler                           0x080003b3   Thumb Code     0  startup_stm32f446xx.o(.text)
    DCMI_IRQHandler                          0x080003b3   Thumb Code     0  startup_stm32f446xx.o(.text)
    DMA1_Stream0_IRQHandler                  0x080003b3   Thumb Code     0  startup_stm32f446xx.o(.text)
    DMA1_Stream1_IRQHandler                  0x080003b3   Thumb Code     0  startup_stm32f446xx.o(.text)
    DMA1_Stream2_IRQHandler                  0x080003b3   Thumb Code     0  startup_stm32f446xx.o(.text)
    DMA1_Stream3_IRQHandler                  0x080003b3   Thumb Code     0  startup_stm32f446xx.o(.text)
    DMA1_Stream4_IRQHandler                  0x080003b3   Thumb Code     0  startup_stm32f446xx.o(.text)
    DMA1_Stream5_IRQHandler                  0x080003b3   Thumb Code     0  startup_stm32f446xx.o(.text)
    DMA1_Stream6_IRQHandler                  0x080003b3   Thumb Code     0  startup_stm32f446xx.o(.text)
    DMA1_Stream7_IRQHandler                  0x080003b3   Thumb Code     0  startup_stm32f446xx.o(.text)
    DMA2_Stream0_IRQHandler                  0x080003b3   Thumb Code     0  startup_stm32f446xx.o(.text)
    DMA2_Stream1_IRQHandler                  0x080003b3   Thumb Code     0  startup_stm32f446xx.o(.text)
    DMA2_Stream2_IRQHandler                  0x080003b3   Thumb Code     0  startup_stm32f446xx.o(.text)
    DMA2_Stream3_IRQHandler                  0x080003b3   Thumb Code     0  startup_stm32f446xx.o(.text)
    DMA2_Stream4_IRQHandler                  0x080003b3   Thumb Code     0  startup_stm32f446xx.o(.text)
    DMA2_Stream5_IRQHandler                  0x080003b3   Thumb Code     0  startup_stm32f446xx.o(.text)
    DMA2_Stream6_IRQHandler                  0x080003b3   Thumb Code     0  startup_stm32f446xx.o(.text)
    DMA2_Stream7_IRQHandler                  0x080003b3   Thumb Code     0  startup_stm32f446xx.o(.text)
    EXTI0_IRQHandler                         0x080003b3   Thumb Code     0  startup_stm32f446xx.o(.text)
    EXTI15_10_IRQHandler                     0x080003b3   Thumb Code     0  startup_stm32f446xx.o(.text)
    EXTI1_IRQHandler                         0x080003b3   Thumb Code     0  startup_stm32f446xx.o(.text)
    EXTI2_IRQHandler                         0x080003b3   Thumb Code     0  startup_stm32f446xx.o(.text)
    EXTI3_IRQHandler                         0x080003b3   Thumb Code     0  startup_stm32f446xx.o(.text)
    EXTI4_IRQHandler                         0x080003b3   Thumb Code     0  startup_stm32f446xx.o(.text)
    EXTI9_5_IRQHandler                       0x080003b3   Thumb Code     0  startup_stm32f446xx.o(.text)
    FLASH_IRQHandler                         0x080003b3   Thumb Code     0  startup_stm32f446xx.o(.text)
    FMC_IRQHandler                           0x080003b3   Thumb Code     0  startup_stm32f446xx.o(.text)
    FMPI2C1_ER_IRQHandler                    0x080003b3   Thumb Code     0  startup_stm32f446xx.o(.text)
    FMPI2C1_EV_IRQHandler                    0x080003b3   Thumb Code     0  startup_stm32f446xx.o(.text)
    FPU_IRQHandler                           0x080003b3   Thumb Code     0  startup_stm32f446xx.o(.text)
    I2C1_ER_IRQHandler                       0x080003b3   Thumb Code     0  startup_stm32f446xx.o(.text)
    I2C1_EV_IRQHandler                       0x080003b3   Thumb Code     0  startup_stm32f446xx.o(.text)
    I2C2_ER_IRQHandler                       0x080003b3   Thumb Code     0  startup_stm32f446xx.o(.text)
    I2C2_EV_IRQHandler                       0x080003b3   Thumb Code     0  startup_stm32f446xx.o(.text)
    I2C3_ER_IRQHandler                       0x080003b3   Thumb Code     0  startup_stm32f446xx.o(.text)
    I2C3_EV_IRQHandler                       0x080003b3   Thumb Code     0  startup_stm32f446xx.o(.text)
    OTG_FS_IRQHandler                        0x080003b3   Thumb Code     0  startup_stm32f446xx.o(.text)
    OTG_FS_WKUP_IRQHandler                   0x080003b3   Thumb Code     0  startup_stm32f446xx.o(.text)
    OTG_HS_EP1_IN_IRQHandler                 0x080003b3   Thumb Code     0  startup_stm32f446xx.o(.text)
    OTG_HS_EP1_OUT_IRQHandler                0x080003b3   Thumb Code     0  startup_stm32f446xx.o(.text)
    OTG_HS_IRQHandler                        0x080003b3   Thumb Code     0  startup_stm32f446xx.o(.text)
    OTG_HS_WKUP_IRQHandler                   0x080003b3   Thumb Code     0  startup_stm32f446xx.o(.text)
    PVD_IRQHandler                           0x080003b3   Thumb Code     0  startup_stm32f446xx.o(.text)
    QUADSPI_IRQHandler                       0x080003b3   Thumb Code     0  startup_stm32f446xx.o(.text)
    RCC_IRQHandler                           0x080003b3   Thumb Code     0  startup_stm32f446xx.o(.text)
    RTC_Alarm_IRQHandler                     0x080003b3   Thumb Code     0  startup_stm32f446xx.o(.text)
    RTC_WKUP_IRQHandler                      0x080003b3   Thumb Code     0  startup_stm32f446xx.o(.text)
    SAI1_IRQHandler                          0x080003b3   Thumb Code     0  startup_stm32f446xx.o(.text)
    SAI2_IRQHandler                          0x080003b3   Thumb Code     0  startup_stm32f446xx.o(.text)
    SDIO_IRQHandler                          0x080003b3   Thumb Code     0  startup_stm32f446xx.o(.text)
    SPDIF_RX_IRQHandler                      0x080003b3   Thumb Code     0  startup_stm32f446xx.o(.text)
    SPI1_IRQHandler                          0x080003b3   Thumb Code     0  startup_stm32f446xx.o(.text)
    SPI2_IRQHandler                          0x080003b3   Thumb Code     0  startup_stm32f446xx.o(.text)
    SPI3_IRQHandler                          0x080003b3   Thumb Code     0  startup_stm32f446xx.o(.text)
    SPI4_IRQHandler                          0x080003b3   Thumb Code     0  startup_stm32f446xx.o(.text)
    TAMP_STAMP_IRQHandler                    0x080003b3   Thumb Code     0  startup_stm32f446xx.o(.text)
    TIM1_BRK_TIM9_IRQHandler                 0x080003b3   Thumb Code     0  startup_stm32f446xx.o(.text)
    TIM1_CC_IRQHandler                       0x080003b3   Thumb Code     0  startup_stm32f446xx.o(.text)
    TIM1_TRG_COM_TIM11_IRQHandler            0x080003b3   Thumb Code     0  startup_stm32f446xx.o(.text)
    TIM1_UP_TIM10_IRQHandler                 0x080003b3   Thumb Code     0  startup_stm32f446xx.o(.text)
    TIM2_IRQHandler                          0x080003b3   Thumb Code     0  startup_stm32f446xx.o(.text)
    TIM3_IRQHandler                          0x080003b3   Thumb Code     0  startup_stm32f446xx.o(.text)
    TIM4_IRQHandler                          0x080003b3   Thumb Code     0  startup_stm32f446xx.o(.text)
    TIM5_IRQHandler                          0x080003b3   Thumb Code     0  startup_stm32f446xx.o(.text)
    TIM6_DAC_IRQHandler                      0x080003b3   Thumb Code     0  startup_stm32f446xx.o(.text)
    TIM7_IRQHandler                          0x080003b3   Thumb Code     0  startup_stm32f446xx.o(.text)
    TIM8_BRK_TIM12_IRQHandler                0x080003b3   Thumb Code     0  startup_stm32f446xx.o(.text)
    TIM8_CC_IRQHandler                       0x080003b3   Thumb Code     0  startup_stm32f446xx.o(.text)
    TIM8_TRG_COM_TIM14_IRQHandler            0x080003b3   Thumb Code     0  startup_stm32f446xx.o(.text)
    TIM8_UP_TIM13_IRQHandler                 0x080003b3   Thumb Code     0  startup_stm32f446xx.o(.text)
    UART4_IRQHandler                         0x080003b3   Thumb Code     0  startup_stm32f446xx.o(.text)
    UART5_IRQHandler                         0x080003b3   Thumb Code     0  startup_stm32f446xx.o(.text)
    USART1_IRQHandler                        0x080003b3   Thumb Code     0  startup_stm32f446xx.o(.text)
    USART2_IRQHandler                        0x080003b3   Thumb Code     0  startup_stm32f446xx.o(.text)
    USART3_IRQHandler                        0x080003b3   Thumb Code     0  startup_stm32f446xx.o(.text)
    USART6_IRQHandler                        0x080003b3   Thumb Code     0  startup_stm32f446xx.o(.text)
    WWDG_IRQHandler                          0x080003b3   Thumb Code     0  startup_stm32f446xx.o(.text)
    __user_initial_stackheap                 0x080003b5   Thumb Code     0  startup_stm32f446xx.o(.text)
    __aeabi_memcpy                           0x080003d9   Thumb Code     0  rt_memcpy_v6.o(.text)
    __rt_memcpy                              0x080003d9   Thumb Code   138  rt_memcpy_v6.o(.text)
    _memcpy_lastbytes                        0x0800043f   Thumb Code     0  rt_memcpy_v6.o(.text)
    __aeabi_memclr                           0x08000463   Thumb Code     0  rt_memclr.o(.text)
    __rt_memclr                              0x08000463   Thumb Code     0  rt_memclr.o(.text)
    _memset                                  0x08000467   Thumb Code    64  rt_memclr.o(.text)
    __aeabi_memclr4                          0x080004a7   Thumb Code     0  rt_memclr_w.o(.text)
    __aeabi_memclr8                          0x080004a7   Thumb Code     0  rt_memclr_w.o(.text)
    __rt_memclr_w                            0x080004a7   Thumb Code     0  rt_memclr_w.o(.text)
    _memset_w                                0x080004ab   Thumb Code    74  rt_memclr_w.o(.text)
    __use_two_region_memory                  0x080004f5   Thumb Code     2  heapauxi.o(.text)
    __rt_heap_escrow$2region                 0x080004f7   Thumb Code     2  heapauxi.o(.text)
    __rt_heap_expand$2region                 0x080004f9   Thumb Code     2  heapauxi.o(.text)
    __aeabi_memcpy4                          0x080004fb   Thumb Code     0  rt_memcpy_w.o(.text)
    __aeabi_memcpy8                          0x080004fb   Thumb Code     0  rt_memcpy_w.o(.text)
    __rt_memcpy_w                            0x080004fb   Thumb Code   100  rt_memcpy_w.o(.text)
    _memcpy_lastbytes_aligned                0x08000543   Thumb Code     0  rt_memcpy_w.o(.text)
    __user_setup_stackheap                   0x0800055f   Thumb Code    74  sys_stackheap_outer.o(.text)
    exit                                     0x080005a9   Thumb Code    18  exit.o(.text)
    __user_libspace                          0x080005bd   Thumb Code     8  libspace.o(.text)
    __user_perproc_libspace                  0x080005bd   Thumb Code     0  libspace.o(.text)
    _sys_exit                                0x080005c5   Thumb Code     8  sys_exit.o(.text)
    __I$use$semihosting                      0x080005d1   Thumb Code     0  use_no_semi.o(.text)
    __use_no_semihosting_swi                 0x080005d1   Thumb Code     2  use_no_semi.o(.text)
    __semihosting_library_function           0x080005d3   Thumb Code     0  indicate_semi.o(.text)
    _fp_init                                 0x080005d5   Thumb Code    22  rtx_lib.o(.text.$Sub$$_fp_init)
    EventRecord2                             0x080006c5   Thumb Code    90  eventrecorder.o(.text.EventRecord2)
    EventRecord4                             0x08000721   Thumb Code   150  eventrecorder.o(.text.EventRecord4)
    EventRecorderEnable                      0x080008a9   Thumb Code   146  eventrecorder.o(.text.EventRecorderEnable)
    EventRecorderInitialize                  0x0800093d   Thumb Code   486  eventrecorder.o(.text.EventRecorderInitialize)
    EventRecorderStart                       0x08000b25   Thumb Code    74  eventrecorder.o(.text.EventRecorderStart)
    EventRecorderTimerGetCount               0x08000b71   Thumb Code    32  eventrecorder.o(.text.EventRecorderTimerGetCount)
    EventRecorderTimerSetup                  0x08000b91   Thumb Code    16  eventrecorder.o(.text.EventRecorderTimerSetup)
    EvrRtxDelay                              0x08000ba1   Thumb Code    26  rtx_evr.o(.text.EvrRtxDelay)
    EvrRtxDelayCompleted                     0x08000bbd   Thumb Code    26  rtx_evr.o(.text.EvrRtxDelayCompleted)
    EvrRtxDelayError                         0x08000bd9   Thumb Code    22  rtx_evr.o(.text.EvrRtxDelayError)
    EvrRtxDelayStarted                       0x08000bf1   Thumb Code    26  rtx_evr.o(.text.EvrRtxDelayStarted)
    EvrRtxEventFlagsWaitTimeout              0x08000c0d   Thumb Code    26  rtx_evr.o(.text.EvrRtxEventFlagsWaitTimeout)
    EvrRtxKernelError                        0x08000c29   Thumb Code    22  rtx_evr.o(.text.EvrRtxKernelError)
    EvrRtxKernelErrorNotify                  0x08000c41   Thumb Code    24  rtx_evr.o(.text.EvrRtxKernelErrorNotify)
    EvrRtxKernelInitialize                   0x08000c59   Thumb Code    20  rtx_evr.o(.text.EvrRtxKernelInitialize)
    EvrRtxKernelInitialized                  0x08000c6d   Thumb Code    20  rtx_evr.o(.text.EvrRtxKernelInitialized)
    EvrRtxKernelStart                        0x08000c81   Thumb Code    20  rtx_evr.o(.text.EvrRtxKernelStart)
    EvrRtxKernelStarted                      0x08000c95   Thumb Code    20  rtx_evr.o(.text.EvrRtxKernelStarted)
    EvrRtxMemoryAlloc                        0x08000ca9   Thumb Code    42  rtx_evr.o(.text.EvrRtxMemoryAlloc)
    EvrRtxMemoryBlockAlloc                   0x08000cd5   Thumb Code    28  rtx_evr.o(.text.EvrRtxMemoryBlockAlloc)
    EvrRtxMemoryBlockFree                    0x08000cf1   Thumb Code    40  rtx_evr.o(.text.EvrRtxMemoryBlockFree)
    EvrRtxMemoryBlockInit                    0x08000d19   Thumb Code    42  rtx_evr.o(.text.EvrRtxMemoryBlockInit)
    EvrRtxMemoryFree                         0x08000d45   Thumb Code    40  rtx_evr.o(.text.EvrRtxMemoryFree)
    EvrRtxMemoryInit                         0x08000d6d   Thumb Code    36  rtx_evr.o(.text.EvrRtxMemoryInit)
    EvrRtxMemoryPoolAllocTimeout             0x08000d91   Thumb Code    26  rtx_evr.o(.text.EvrRtxMemoryPoolAllocTimeout)
    EvrRtxMessageQueueCreated                0x08000dad   Thumb Code    28  rtx_evr.o(.text.EvrRtxMessageQueueCreated)
    EvrRtxMessageQueueError                  0x08000dc9   Thumb Code    24  rtx_evr.o(.text.EvrRtxMessageQueueError)
    EvrRtxMessageQueueGet                    0x08000de1   Thumb Code    42  rtx_evr.o(.text.EvrRtxMessageQueueGet)
    EvrRtxMessageQueueGetPending             0x08000e0d   Thumb Code    40  rtx_evr.o(.text.EvrRtxMessageQueueGetPending)
    EvrRtxMessageQueueGetTimeout             0x08000e35   Thumb Code    26  rtx_evr.o(.text.EvrRtxMessageQueueGetTimeout)
    EvrRtxMessageQueueInsertPending          0x08000e51   Thumb Code    28  rtx_evr.o(.text.EvrRtxMessageQueueInsertPending)
    EvrRtxMessageQueueInserted               0x08000e6d   Thumb Code    28  rtx_evr.o(.text.EvrRtxMessageQueueInserted)
    EvrRtxMessageQueueNotInserted            0x08000e89   Thumb Code    28  rtx_evr.o(.text.EvrRtxMessageQueueNotInserted)
    EvrRtxMessageQueueNotRetrieved           0x08000ea5   Thumb Code    28  rtx_evr.o(.text.EvrRtxMessageQueueNotRetrieved)
    EvrRtxMessageQueuePut                    0x08000ec1   Thumb Code    46  rtx_evr.o(.text.EvrRtxMessageQueuePut)
    EvrRtxMessageQueuePutPending             0x08000ef1   Thumb Code    40  rtx_evr.o(.text.EvrRtxMessageQueuePutPending)
    EvrRtxMessageQueuePutTimeout             0x08000f19   Thumb Code    26  rtx_evr.o(.text.EvrRtxMessageQueuePutTimeout)
    EvrRtxMessageQueueRetrieved              0x08000f35   Thumb Code    28  rtx_evr.o(.text.EvrRtxMessageQueueRetrieved)
    EvrRtxMutexAcquire                       0x08000f51   Thumb Code    28  rtx_evr.o(.text.EvrRtxMutexAcquire)
    EvrRtxMutexAcquirePending                0x08000f6d   Thumb Code    28  rtx_evr.o(.text.EvrRtxMutexAcquirePending)
    EvrRtxMutexAcquireTimeout                0x08000f89   Thumb Code    26  rtx_evr.o(.text.EvrRtxMutexAcquireTimeout)
    EvrRtxMutexAcquired                      0x08000fa5   Thumb Code    28  rtx_evr.o(.text.EvrRtxMutexAcquired)
    EvrRtxMutexCreated                       0x08000fc1   Thumb Code    28  rtx_evr.o(.text.EvrRtxMutexCreated)
    EvrRtxMutexDelete                        0x08000fdd   Thumb Code    26  rtx_evr.o(.text.EvrRtxMutexDelete)
    EvrRtxMutexDestroyed                     0x08000ff9   Thumb Code    26  rtx_evr.o(.text.EvrRtxMutexDestroyed)
    EvrRtxMutexError                         0x08001015   Thumb Code    24  rtx_evr.o(.text.EvrRtxMutexError)
    EvrRtxMutexNew                           0x0800102d   Thumb Code    26  rtx_evr.o(.text.EvrRtxMutexNew)
    EvrRtxMutexNotAcquired                   0x08001049   Thumb Code    26  rtx_evr.o(.text.EvrRtxMutexNotAcquired)
    EvrRtxMutexRelease                       0x08001065   Thumb Code    26  rtx_evr.o(.text.EvrRtxMutexRelease)
    EvrRtxMutexReleased                      0x08001081   Thumb Code    28  rtx_evr.o(.text.EvrRtxMutexReleased)
    EvrRtxSemaphoreAcquireTimeout            0x0800109d   Thumb Code    26  rtx_evr.o(.text.EvrRtxSemaphoreAcquireTimeout)
    EvrRtxThreadBlocked                      0x080010b9   Thumb Code    28  rtx_evr.o(.text.EvrRtxThreadBlocked)
    EvrRtxThreadCreated                      0x080010d5   Thumb Code    56  rtx_evr.o(.text.EvrRtxThreadCreated)
    EvrRtxThreadDestroyed                    0x0800110d   Thumb Code    26  rtx_evr.o(.text.EvrRtxThreadDestroyed)
    EvrRtxThreadError                        0x08001129   Thumb Code    24  rtx_evr.o(.text.EvrRtxThreadError)
    EvrRtxThreadExit                         0x08001141   Thumb Code    20  rtx_evr.o(.text.EvrRtxThreadExit)
    EvrRtxThreadFlagsWaitCompleted           0x08001155   Thumb Code    42  rtx_evr.o(.text.EvrRtxThreadFlagsWaitCompleted)
    EvrRtxThreadFlagsWaitTimeout             0x08001181   Thumb Code    26  rtx_evr.o(.text.EvrRtxThreadFlagsWaitTimeout)
    EvrRtxThreadJoined                       0x0800119d   Thumb Code    26  rtx_evr.o(.text.EvrRtxThreadJoined)
    EvrRtxThreadNew                          0x080011b9   Thumb Code    40  rtx_evr.o(.text.EvrRtxThreadNew)
    EvrRtxThreadPreempted                    0x080011e1   Thumb Code    26  rtx_evr.o(.text.EvrRtxThreadPreempted)
    EvrRtxThreadSwitched                     0x080011fd   Thumb Code    26  rtx_evr.o(.text.EvrRtxThreadSwitched)
    EvrRtxThreadUnblocked                    0x08001219   Thumb Code    28  rtx_evr.o(.text.EvrRtxThreadUnblocked)
    EvrRtxTimerCallback                      0x08001235   Thumb Code    28  rtx_evr.o(.text.EvrRtxTimerCallback)
    GPIO_Init                                0x08001251   Thumb Code    48  main.o(.text.GPIO_Init)
    OS_Tick_AcknowledgeIRQ                   0x08001699   Thumb Code    12  os_systick.o(.text.OS_Tick_AcknowledgeIRQ)
    OS_Tick_Enable                           0x080016a5   Thumb Code    60  os_systick.o(.text.OS_Tick_Enable)
    OS_Tick_GetCount                         0x080016e1   Thumb Code    52  os_systick.o(.text.OS_Tick_GetCount)
    OS_Tick_GetIRQn                          0x08001715   Thumb Code     6  os_systick.o(.text.OS_Tick_GetIRQn)
    OS_Tick_GetInterval                      0x0800171d   Thumb Code    14  os_systick.o(.text.OS_Tick_GetInterval)
    OS_Tick_GetOverflow                      0x0800172d   Thumb Code    16  os_systick.o(.text.OS_Tick_GetOverflow)
    OS_Tick_Setup                            0x0800173d   Thumb Code   126  os_systick.o(.text.OS_Tick_Setup)
    SystemInit                               0x080018a1   Thumb Code    18  system_stm32f4xx.o(.text.SystemInit)
    Task1                                    0x080018b5   Thumb Code    32  main.o(.text.Task1)
    Task2                                    0x080018d5   Thumb Code    18  main.o(.text.Task2)
    _mutex_acquire                           0x08001a95   Thumb Code    32  rtx_lib.o(.text._mutex_acquire)
    _mutex_free                              0x08001ab5   Thumb Code    18  rtx_lib.o(.text._mutex_free)
    _mutex_initialize                        0x08001ac9   Thumb Code    50  rtx_lib.o(.text._mutex_initialize)
    _mutex_release                           0x08001afd   Thumb Code    28  rtx_lib.o(.text._mutex_release)
    _platform_post_stackheap_init            0x08001b19   Thumb Code     8  rtx_lib.o(.text._platform_post_stackheap_init)
    createTask1                              0x08001eb5   Thumb Code    50  main.o(.text.createTask1)
    createTask2                              0x08001ee9   Thumb Code    50  main.o(.text.createTask2)
    main                                     0x08002139   Thumb Code    76  main.o(.text.main)
    osDelay                                  0x08002185   Thumb Code    84  rtx_delay.o(.text.osDelay)
    osKernelGetState                         0x080021d9   Thumb Code    66  rtx_kernel.o(.text.osKernelGetState)
    osKernelGetSysTimerCount                 0x0800221d   Thumb Code    58  rtx_kernel.o(.text.osKernelGetSysTimerCount)
    osKernelInitialize                       0x08002259   Thumb Code    74  rtx_kernel.o(.text.osKernelInitialize)
    osKernelStart                            0x080022a5   Thumb Code    70  rtx_kernel.o(.text.osKernelStart)
    osMessageQueueGet                        0x080022ed   Thumb Code   126  rtx_msgqueue.o(.text.osMessageQueueGet)
    osMessageQueuePut                        0x0800236d   Thumb Code   138  rtx_msgqueue.o(.text.osMessageQueuePut)
    osMutexAcquire                           0x080023f9   Thumb Code   100  rtx_mutex.o(.text.osMutexAcquire)
    osMutexDelete                            0x0800245d   Thumb Code    86  rtx_mutex.o(.text.osMutexDelete)
    osMutexNew                               0x080024b5   Thumb Code    86  rtx_mutex.o(.text.osMutexNew)
    osMutexRelease                           0x0800250d   Thumb Code    86  rtx_mutex.o(.text.osMutexRelease)
    osRtxErrorNotify                         0x08002565   Thumb Code    48  rtx_config.o(.text.osRtxErrorNotify)
    osRtxIdleThread                          0x080025a1   Thumb Code     8  rtx_config.o(.text.osRtxIdleThread)
    osRtxKernelBeforeInit                    0x080025a9   Thumb Code     2  rtx_kernel.o(.text.osRtxKernelBeforeInit)
    osRtxKernelErrorNotify                   0x080025ad   Thumb Code    28  rtx_kernel.o(.text.osRtxKernelErrorNotify)
    osRtxMemoryAlloc                         0x080025ed   Thumb Code   332  rtx_memory.o(.text.osRtxMemoryAlloc)
    osRtxMemoryFree                          0x08002739   Thumb Code   194  rtx_memory.o(.text.osRtxMemoryFree)
    osRtxMemoryInit                          0x080027fd   Thumb Code   150  rtx_memory.o(.text.osRtxMemoryInit)
    osRtxMemoryPoolAlloc                     0x08002895   Thumb Code    74  rtx_mempool.o(.text.osRtxMemoryPoolAlloc)
    osRtxMemoryPoolFree                      0x080028e1   Thumb Code   100  rtx_mempool.o(.text.osRtxMemoryPoolFree)
    osRtxMemoryPoolInit                      0x08002945   Thumb Code   152  rtx_mempool.o(.text.osRtxMemoryPoolInit)
    osRtxMessageQueueTimerSetup              0x08002b45   Thumb Code    62  rtx_msgqueue.o(.text.osRtxMessageQueueTimerSetup)
    osRtxMutexOwnerRelease                   0x08002bf9   Thumb Code   152  rtx_mutex.o(.text.osRtxMutexOwnerRelease)
    osRtxMutexOwnerRestore                   0x08002c91   Thumb Code   172  rtx_mutex.o(.text.osRtxMutexOwnerRestore)
    osRtxPendSV_Handler                      0x08002e69   Thumb Code   184  rtx_system.o(.text.osRtxPendSV_Handler)
    osRtxPostProcess                         0x08002f21   Thumb Code    66  rtx_system.o(.text.osRtxPostProcess)
    osRtxThreadBeforeFree                    0x08002f71   Thumb Code    16  rtx_lib.o(.text.osRtxThreadBeforeFree)
    osRtxThreadDelayRemove                   0x08003105   Thumb Code   156  rtx_thread.o(.text.osRtxThreadDelayRemove)
    osRtxThreadDelayTick                     0x080031a1   Thumb Code   336  rtx_thread.o(.text.osRtxThreadDelayTick)
    osRtxThreadDestroy                       0x080032f1   Thumb Code    96  rtx_thread.o(.text.osRtxThreadDestroy)
    osRtxThreadDispatch                      0x08003351   Thumb Code   150  rtx_thread.o(.text.osRtxThreadDispatch)
    osRtxThreadJoinWakeup                    0x080034c9   Thumb Code    60  rtx_thread.o(.text.osRtxThreadJoinWakeup)
    osRtxThreadListGet                       0x08003505   Thumb Code    54  rtx_thread.o(.text.osRtxThreadListGet)
    osRtxThreadListPut                       0x0800353d   Thumb Code   118  rtx_thread.o(.text.osRtxThreadListPut)
    osRtxThreadListRemove                    0x080035b5   Thumb Code    50  rtx_thread.o(.text.osRtxThreadListRemove)
    osRtxThreadListSort                      0x0800360d   Thumb Code    88  rtx_thread.o(.text.osRtxThreadListSort)
    osRtxThreadReadyPut                      0x080036c1   Thumb Code    32  rtx_thread.o(.text.osRtxThreadReadyPut)
    osRtxThreadRegPtr                        0x080036e1   Thumb Code    34  rtx_thread.o(.text.osRtxThreadRegPtr)
    osRtxThreadStackCheck                    0x0800372d   Thumb Code    60  rtx_thread.o(.text.osRtxThreadStackCheck)
    osRtxThreadStartup                       0x08003769   Thumb Code   150  rtx_thread.o(.text.osRtxThreadStartup)
    osRtxThreadSwitch                        0x08003801   Thumb Code    46  rtx_thread.o(.text.osRtxThreadSwitch)
    osRtxThreadWaitEnter                     0x08003831   Thumb Code   118  rtx_thread.o(.text.osRtxThreadWaitEnter)
    osRtxThreadWaitExit                      0x080038a9   Thumb Code    70  rtx_thread.o(.text.osRtxThreadWaitExit)
    osRtxTick_Handler                        0x080038f1   Thumb Code   272  rtx_system.o(.text.osRtxTick_Handler)
    osRtxTimerSetup                          0x08003a01   Thumb Code    48  rtx_timer.o(.text.osRtxTimerSetup)
    osRtxTimerThread                         0x08003a31   Thumb Code    50  rtx_timer.o(.text.osRtxTimerThread)
    osThreadExit                             0x08003b51   Thumb Code    36  rtx_thread.o(.text.osThreadExit)
    osThreadNew                              0x08003b75   Thumb Code   114  rtx_thread.o(.text.osThreadNew)
    $Super$$_fp_init                         0x08004fc3   Thumb Code    26  fpinit.o(x$fpl$fpinit)
    __fplib_config_fpu_vfp                   0x08004fdb   Thumb Code     0  fpinit.o(x$fpl$fpinit)
    __fplib_config_pureend_doubles           0x08004fdb   Thumb Code     0  fpinit.o(x$fpl$fpinit)
    osRtxConfig                              0x08004fdc   Data         112  rtx_lib.o(.rodata)
    os_cb_sections                           0x0800504c   Data          56  rtx_lib.o(.rodata)
    EventRecorderInfo                        0x08005084   Data          24  eventrecorder.o(.rodata.EventRecorderInfo)
    osRtxUserSVC                             0x0800509c   Data           4  rtx_lib.o(.rodata.osRtxUserSVC)
    Region$$Table$$Base                      0x08005120   Number         0  anon$$obj.o(Region$$Table)
    Region$$Table$$Limit                     0x08005140   Number         0  anon$$obj.o(Region$$Table)
    SystemCoreClock                          0x20000000   Data           4  system_stm32f4xx.o(.data.SystemCoreClock)
    osRtxInfo                                0x20000004   Data         164  rtx_kernel.o(.data.os)
    __libspace_start                         0x200000c0   Data          96  libspace.o(.bss)
    __temporary_stack_top$libspace           0x20000120   Data           0  libspace.o(.bss)
    Task1_p                                  0x20000124   Data           4  main.o(.bss.Task1_p)
    .bss.os.msgqueue.cb$$Base                0x2000881c   Number         0  rtx_lib.o(.bss.os.msgqueue.cb)
    .bss.os.msgqueue.cb$$Limit               0x20008850   Number         0  rtx_lib.o(.bss.os.msgqueue.cb)
    .bss.os.thread.cb$$Base                  0x200088a0   Number         0  rtx_lib.o(.bss.os.thread.cb)
    .bss.os.thread.cb$$Limit                 0x20008940   Number         0  rtx_lib.o(.bss.os.thread.cb)



==============================================================================

Memory Map of the image

  Image Entry point : 0x08000399

  Load Region LR_1 (Base: 0x08000000, Size: 0x000051e8, Max: 0xffffffff, ABSOLUTE)

    Execution Region ER_RO (Exec base: 0x08000000, Load base: 0x08000000, Size: 0x00005140, Max: 0xffffffff, ABSOLUTE)

    Exec Addr    Load Addr    Size         Type   Attr      Idx    E Section Name        Object

    0x08000000   0x08000000   0x000001c4   Data   RO         1349    RESET               startup_stm32f446xx.o
    0x080001c4   0x080001c4   0x00000008   Code   RO         1380  * !!!main             c_w.l(__main.o)
    0x080001cc   0x080001cc   0x0000005c   Code   RO         1545    !!!scatter          c_w.l(__scatter.o)
    0x08000228   0x08000228   0x0000001a   Code   RO         1549    !!handler_copy      c_w.l(__scatter_copy.o)
    0x08000242   0x08000242   0x00000002   PAD
    0x08000244   0x08000244   0x00000002   Code   RO         1546    !!handler_null      c_w.l(__scatter.o)
    0x08000246   0x08000246   0x00000002   PAD
    0x08000248   0x08000248   0x0000001c   Code   RO         1551    !!handler_zi        c_w.l(__scatter_zi.o)
    0x08000264   0x08000264   0x00000002   Code   RO         1409    .ARM.Collect$$libinit$$00000000  c_w.l(libinit.o)
    0x08000266   0x08000266   0x00000004   Code   RO         1415    .ARM.Collect$$libinit$$00000001  c_w.l(libinit2.o)
    0x0800026a   0x0800026a   0x00000000   Code   RO         1418    .ARM.Collect$$libinit$$00000004  c_w.l(libinit2.o)
    0x0800026a   0x0800026a   0x00000000   Code   RO         1420    .ARM.Collect$$libinit$$00000006  c_w.l(libinit2.o)
    0x0800026a   0x0800026a   0x00000000   Code   RO         1423    .ARM.Collect$$libinit$$0000000C  c_w.l(libinit2.o)
    0x0800026a   0x0800026a   0x00000000   Code   RO         1425    .ARM.Collect$$libinit$$0000000E  c_w.l(libinit2.o)
    0x0800026a   0x0800026a   0x00000000   Code   RO         1427    .ARM.Collect$$libinit$$00000010  c_w.l(libinit2.o)
    0x0800026a   0x0800026a   0x00000000   Code   RO         1430    .ARM.Collect$$libinit$$00000013  c_w.l(libinit2.o)
    0x0800026a   0x0800026a   0x00000000   Code   RO         1432    .ARM.Collect$$libinit$$00000015  c_w.l(libinit2.o)
    0x0800026a   0x0800026a   0x00000000   Code   RO         1434    .ARM.Collect$$libinit$$00000017  c_w.l(libinit2.o)
    0x0800026a   0x0800026a   0x00000000   Code   RO         1436    .ARM.Collect$$libinit$$00000019  c_w.l(libinit2.o)
    0x0800026a   0x0800026a   0x00000000   Code   RO         1438    .ARM.Collect$$libinit$$0000001B  c_w.l(libinit2.o)
    0x0800026a   0x0800026a   0x00000000   Code   RO         1440    .ARM.Collect$$libinit$$0000001D  c_w.l(libinit2.o)
    0x0800026a   0x0800026a   0x00000000   Code   RO         1442    .ARM.Collect$$libinit$$0000001F  c_w.l(libinit2.o)
    0x0800026a   0x0800026a   0x00000000   Code   RO         1444    .ARM.Collect$$libinit$$00000021  c_w.l(libinit2.o)
    0x0800026a   0x0800026a   0x00000000   Code   RO         1446    .ARM.Collect$$libinit$$00000023  c_w.l(libinit2.o)
    0x0800026a   0x0800026a   0x00000000   Code   RO         1448    .ARM.Collect$$libinit$$00000025  c_w.l(libinit2.o)
    0x0800026a   0x0800026a   0x00000000   Code   RO         1450    .ARM.Collect$$libinit$$00000027  c_w.l(libinit2.o)
    0x0800026a   0x0800026a   0x00000000   Code   RO         1454    .ARM.Collect$$libinit$$0000002E  c_w.l(libinit2.o)
    0x0800026a   0x0800026a   0x00000000   Code   RO         1456    .ARM.Collect$$libinit$$00000030  c_w.l(libinit2.o)
    0x0800026a   0x0800026a   0x00000000   Code   RO         1458    .ARM.Collect$$libinit$$00000032  c_w.l(libinit2.o)
    0x0800026a   0x0800026a   0x00000000   Code   RO         1460    .ARM.Collect$$libinit$$00000034  c_w.l(libinit2.o)
    0x0800026a   0x0800026a   0x00000002   Code   RO         1461    .ARM.Collect$$libinit$$00000035  c_w.l(libinit2.o)
    0x0800026c   0x0800026c   0x00000002   Code   RO         1481    .ARM.Collect$$libshutdown$$00000000  c_w.l(libshutdown.o)
    0x0800026e   0x0800026e   0x00000000   Code   RO         1496    .ARM.Collect$$libshutdown$$00000002  c_w.l(libshutdown2.o)
    0x0800026e   0x0800026e   0x00000000   Code   RO         1498    .ARM.Collect$$libshutdown$$00000004  c_w.l(libshutdown2.o)
    0x0800026e   0x0800026e   0x00000000   Code   RO         1501    .ARM.Collect$$libshutdown$$00000007  c_w.l(libshutdown2.o)
    0x0800026e   0x0800026e   0x00000000   Code   RO         1504    .ARM.Collect$$libshutdown$$0000000A  c_w.l(libshutdown2.o)
    0x0800026e   0x0800026e   0x00000000   Code   RO         1506    .ARM.Collect$$libshutdown$$0000000C  c_w.l(libshutdown2.o)
    0x0800026e   0x0800026e   0x00000000   Code   RO         1509    .ARM.Collect$$libshutdown$$0000000F  c_w.l(libshutdown2.o)
    0x0800026e   0x0800026e   0x00000002   Code   RO         1510    .ARM.Collect$$libshutdown$$00000010  c_w.l(libshutdown2.o)
    0x08000270   0x08000270   0x00000000   Code   RO         1384    .ARM.Collect$$rtentry$$00000000  c_w.l(__rtentry.o)
    0x08000270   0x08000270   0x00000000   Code   RO         1388    .ARM.Collect$$rtentry$$00000002  c_w.l(__rtentry2.o)
    0x08000270   0x08000270   0x00000006   Code   RO         1400    .ARM.Collect$$rtentry$$00000004  c_w.l(__rtentry4.o)
    0x08000276   0x08000276   0x00000008   Code   RO         1389    .ARM.Collect$$rtentry$$00000008  c_w.l(__rtentry2.o)
    0x0800027e   0x0800027e   0x00000004   Code   RO         1391    .ARM.Collect$$rtentry$$0000000A  c_w.l(__rtentry2.o)
    0x08000282   0x08000282   0x00000000   Code   RO         1393    .ARM.Collect$$rtentry$$0000000C  c_w.l(__rtentry2.o)
    0x08000282   0x08000282   0x00000008   Code   RO         1394    .ARM.Collect$$rtentry$$0000000D  c_w.l(__rtentry2.o)
    0x0800028a   0x0800028a   0x00000002   Code   RO         1413    .ARM.Collect$$rtexit$$00000000  c_w.l(rtexit.o)
    0x0800028c   0x0800028c   0x00000000   Code   RO         1463    .ARM.Collect$$rtexit$$00000002  c_w.l(rtexit2.o)
    0x0800028c   0x0800028c   0x00000004   Code   RO         1464    .ARM.Collect$$rtexit$$00000003  c_w.l(rtexit2.o)
    0x08000290   0x08000290   0x00000006   Code   RO         1465    .ARM.Collect$$rtexit$$00000004  c_w.l(rtexit2.o)
    0x08000296   0x08000296   0x00000002   PAD
    0x08000298   0x08000298   0x00000100   Code   RO           23    .text               irq_armv7m.o
    0x08000398   0x08000398   0x00000040   Code   RO         1350  * .text               startup_stm32f446xx.o
    0x080003d8   0x080003d8   0x0000008a   Code   RO         1372    .text               c_w.l(rt_memcpy_v6.o)
    0x08000462   0x08000462   0x00000044   Code   RO         1374    .text               c_w.l(rt_memclr.o)
    0x080004a6   0x080004a6   0x0000004e   Code   RO         1376    .text               c_w.l(rt_memclr_w.o)
    0x080004f4   0x080004f4   0x00000006   Code   RO         1378    .text               c_w.l(heapauxi.o)
    0x080004fa   0x080004fa   0x00000064   Code   RO         1385    .text               c_w.l(rt_memcpy_w.o)
    0x0800055e   0x0800055e   0x0000004a   Code   RO         1402    .text               c_w.l(sys_stackheap_outer.o)
    0x080005a8   0x080005a8   0x00000012   Code   RO         1404    .text               c_w.l(exit.o)
    0x080005ba   0x080005ba   0x00000002   PAD
    0x080005bc   0x080005bc   0x00000008   Code   RO         1410    .text               c_w.l(libspace.o)
    0x080005c4   0x080005c4   0x0000000c   Code   RO         1471    .text               c_w.l(sys_exit.o)
    0x080005d0   0x080005d0   0x00000002   Code   RO         1486    .text               c_w.l(use_no_semi.o)
    0x080005d2   0x080005d2   0x00000000   Code   RO         1488    .text               c_w.l(indicate_semi.o)
    0x080005d2   0x080005d2   0x00000002   PAD
    0x080005d4   0x080005d4   0x00000016   Code   RO          599    .text.$Sub$$_fp_init  rtx_lib.o
    0x080005ea   0x080005ea   0x00000002   PAD
    0x080005ec   0x080005ec   0x0000003c   Code   RO         1314    .text.EventCheckFilter  eventrecorder.o
    0x08000628   0x08000628   0x0000009a   Code   RO         1300    .text.EventGetTS    eventrecorder.o
    0x080006c2   0x080006c2   0x00000002   PAD
    0x080006c4   0x080006c4   0x0000005a   Code   RO         1318    .text.EventRecord2  eventrecorder.o
    0x0800071e   0x0800071e   0x00000002   PAD
    0x08000720   0x08000720   0x00000096   Code   RO         1320    .text.EventRecord4  eventrecorder.o
    0x080007b6   0x080007b6   0x00000002   PAD
    0x080007b8   0x080007b8   0x000000f0   Code   RO         1302    .text.EventRecordItem  eventrecorder.o
    0x080008a8   0x080008a8   0x00000092   Code   RO         1298    .text.EventRecorderEnable  eventrecorder.o
    0x0800093a   0x0800093a   0x00000002   PAD
    0x0800093c   0x0800093c   0x000001e6   Code   RO         1294    .text.EventRecorderInitialize  eventrecorder.o
    0x08000b22   0x08000b22   0x00000002   PAD
    0x08000b24   0x08000b24   0x0000004a   Code   RO         1304    .text.EventRecorderStart  eventrecorder.o
    0x08000b6e   0x08000b6e   0x00000002   PAD
    0x08000b70   0x08000b70   0x00000020   Code   RO         1292    .text.EventRecorderTimerGetCount  eventrecorder.o
    0x08000b90   0x08000b90   0x00000010   Code   RO         1286    .text.EventRecorderTimerSetup  eventrecorder.o
    0x08000ba0   0x08000ba0   0x0000001a   Code   RO          281    .text.EvrRtxDelay   rtx_evr.o
    0x08000bba   0x08000bba   0x00000002   PAD
    0x08000bbc   0x08000bbc   0x0000001a   Code   RO          289    .text.EvrRtxDelayCompleted  rtx_evr.o
    0x08000bd6   0x08000bd6   0x00000002   PAD
    0x08000bd8   0x08000bd8   0x00000016   Code   RO          279    .text.EvrRtxDelayError  rtx_evr.o
    0x08000bee   0x08000bee   0x00000002   PAD
    0x08000bf0   0x08000bf0   0x0000001a   Code   RO          285    .text.EvrRtxDelayStarted  rtx_evr.o
    0x08000c0a   0x08000c0a   0x00000002   PAD
    0x08000c0c   0x08000c0c   0x0000001a   Code   RO          337    .text.EvrRtxEventFlagsWaitTimeout  rtx_evr.o
    0x08000c26   0x08000c26   0x00000002   PAD
    0x08000c28   0x08000c28   0x00000016   Code   RO          131    .text.EvrRtxKernelError  rtx_evr.o
    0x08000c3e   0x08000c3e   0x00000002   PAD
    0x08000c40   0x08000c40   0x00000018   Code   RO          173    .text.EvrRtxKernelErrorNotify  rtx_evr.o
    0x08000c58   0x08000c58   0x00000014   Code   RO          133    .text.EvrRtxKernelInitialize  rtx_evr.o
    0x08000c6c   0x08000c6c   0x00000014   Code   RO          135    .text.EvrRtxKernelInitialized  rtx_evr.o
    0x08000c80   0x08000c80   0x00000014   Code   RO          141    .text.EvrRtxKernelStart  rtx_evr.o
    0x08000c94   0x08000c94   0x00000014   Code   RO          143    .text.EvrRtxKernelStarted  rtx_evr.o
    0x08000ca8   0x08000ca8   0x0000002a   Code   RO          121    .text.EvrRtxMemoryAlloc  rtx_evr.o
    0x08000cd2   0x08000cd2   0x00000002   PAD
    0x08000cd4   0x08000cd4   0x0000001c   Code   RO          127    .text.EvrRtxMemoryBlockAlloc  rtx_evr.o
    0x08000cf0   0x08000cf0   0x00000028   Code   RO          129    .text.EvrRtxMemoryBlockFree  rtx_evr.o
    0x08000d18   0x08000d18   0x0000002a   Code   RO          125    .text.EvrRtxMemoryBlockInit  rtx_evr.o
    0x08000d42   0x08000d42   0x00000002   PAD
    0x08000d44   0x08000d44   0x00000028   Code   RO          123    .text.EvrRtxMemoryFree  rtx_evr.o
    0x08000d6c   0x08000d6c   0x00000024   Code   RO          119    .text.EvrRtxMemoryInit  rtx_evr.o
    0x08000d90   0x08000d90   0x0000001a   Code   RO          415    .text.EvrRtxMemoryPoolAllocTimeout  rtx_evr.o
    0x08000daa   0x08000daa   0x00000002   PAD
    0x08000dac   0x08000dac   0x0000001c   Code   RO          443    .text.EvrRtxMessageQueueCreated  rtx_evr.o
    0x08000dc8   0x08000dc8   0x00000018   Code   RO          439    .text.EvrRtxMessageQueueError  rtx_evr.o
    0x08000de0   0x08000de0   0x0000002a   Code   RO          459    .text.EvrRtxMessageQueueGet  rtx_evr.o
    0x08000e0a   0x08000e0a   0x00000002   PAD
    0x08000e0c   0x08000e0c   0x00000028   Code   RO          461    .text.EvrRtxMessageQueueGetPending  rtx_evr.o
    0x08000e34   0x08000e34   0x0000001a   Code   RO          463    .text.EvrRtxMessageQueueGetTimeout  rtx_evr.o
    0x08000e4e   0x08000e4e   0x00000002   PAD
    0x08000e50   0x08000e50   0x0000001c   Code   RO          453    .text.EvrRtxMessageQueueInsertPending  rtx_evr.o
    0x08000e6c   0x08000e6c   0x0000001c   Code   RO          455    .text.EvrRtxMessageQueueInserted  rtx_evr.o
    0x08000e88   0x08000e88   0x0000001c   Code   RO          457    .text.EvrRtxMessageQueueNotInserted  rtx_evr.o
    0x08000ea4   0x08000ea4   0x0000001c   Code   RO          467    .text.EvrRtxMessageQueueNotRetrieved  rtx_evr.o
    0x08000ec0   0x08000ec0   0x0000002e   Code   RO          447    .text.EvrRtxMessageQueuePut  rtx_evr.o
    0x08000eee   0x08000eee   0x00000002   PAD
    0x08000ef0   0x08000ef0   0x00000028   Code   RO          449    .text.EvrRtxMessageQueuePutPending  rtx_evr.o
    0x08000f18   0x08000f18   0x0000001a   Code   RO          451    .text.EvrRtxMessageQueuePutTimeout  rtx_evr.o
    0x08000f32   0x08000f32   0x00000002   PAD
    0x08000f34   0x08000f34   0x0000001c   Code   RO          465    .text.EvrRtxMessageQueueRetrieved  rtx_evr.o
    0x08000f50   0x08000f50   0x0000001c   Code   RO          355    .text.EvrRtxMutexAcquire  rtx_evr.o
    0x08000f6c   0x08000f6c   0x0000001c   Code   RO          357    .text.EvrRtxMutexAcquirePending  rtx_evr.o
    0x08000f88   0x08000f88   0x0000001a   Code   RO          359    .text.EvrRtxMutexAcquireTimeout  rtx_evr.o
    0x08000fa2   0x08000fa2   0x00000002   PAD
    0x08000fa4   0x08000fa4   0x0000001c   Code   RO          361    .text.EvrRtxMutexAcquired  rtx_evr.o
    0x08000fc0   0x08000fc0   0x0000001c   Code   RO          351    .text.EvrRtxMutexCreated  rtx_evr.o
    0x08000fdc   0x08000fdc   0x0000001a   Code   RO          371    .text.EvrRtxMutexDelete  rtx_evr.o
    0x08000ff6   0x08000ff6   0x00000002   PAD
    0x08000ff8   0x08000ff8   0x0000001a   Code   RO          373    .text.EvrRtxMutexDestroyed  rtx_evr.o
    0x08001012   0x08001012   0x00000002   PAD
    0x08001014   0x08001014   0x00000018   Code   RO          347    .text.EvrRtxMutexError  rtx_evr.o
    0x0800102c   0x0800102c   0x0000001a   Code   RO          349    .text.EvrRtxMutexNew  rtx_evr.o
    0x08001046   0x08001046   0x00000002   PAD
    0x08001048   0x08001048   0x0000001a   Code   RO          363    .text.EvrRtxMutexNotAcquired  rtx_evr.o
    0x08001062   0x08001062   0x00000002   PAD
    0x08001064   0x08001064   0x0000001a   Code   RO          365    .text.EvrRtxMutexRelease  rtx_evr.o
    0x0800107e   0x0800107e   0x00000002   PAD
    0x08001080   0x08001080   0x0000001c   Code   RO          367    .text.EvrRtxMutexReleased  rtx_evr.o
    0x0800109c   0x0800109c   0x0000001a   Code   RO          387    .text.EvrRtxSemaphoreAcquireTimeout  rtx_evr.o
    0x080010b6   0x080010b6   0x00000002   PAD
    0x080010b8   0x080010b8   0x0000001c   Code   RO          223    .text.EvrRtxThreadBlocked  rtx_evr.o
    0x080010d4   0x080010d4   0x00000038   Code   RO          181    .text.EvrRtxThreadCreated  rtx_evr.o
    0x0800110c   0x0800110c   0x0000001a   Code   RO          235    .text.EvrRtxThreadDestroyed  rtx_evr.o
    0x08001126   0x08001126   0x00000002   PAD
    0x08001128   0x08001128   0x00000018   Code   RO          177    .text.EvrRtxThreadError  rtx_evr.o
    0x08001140   0x08001140   0x00000014   Code   RO          231    .text.EvrRtxThreadExit  rtx_evr.o
    0x08001154   0x08001154   0x0000002a   Code   RO          275    .text.EvrRtxThreadFlagsWaitCompleted  rtx_evr.o
    0x0800117e   0x0800117e   0x00000002   PAD
    0x08001180   0x08001180   0x0000001a   Code   RO          273    .text.EvrRtxThreadFlagsWaitTimeout  rtx_evr.o
    0x0800119a   0x0800119a   0x00000002   PAD
    0x0800119c   0x0800119c   0x0000001a   Code   RO          221    .text.EvrRtxThreadJoined  rtx_evr.o
    0x080011b6   0x080011b6   0x00000002   PAD
    0x080011b8   0x080011b8   0x00000028   Code   RO          179    .text.EvrRtxThreadNew  rtx_evr.o
    0x080011e0   0x080011e0   0x0000001a   Code   RO          227    .text.EvrRtxThreadPreempted  rtx_evr.o
    0x080011fa   0x080011fa   0x00000002   PAD
    0x080011fc   0x080011fc   0x0000001a   Code   RO          229    .text.EvrRtxThreadSwitched  rtx_evr.o
    0x08001216   0x08001216   0x00000002   PAD
    0x08001218   0x08001218   0x0000001c   Code   RO          225    .text.EvrRtxThreadUnblocked  rtx_evr.o
    0x08001234   0x08001234   0x0000001c   Code   RO          293    .text.EvrRtxTimerCallback  rtx_evr.o
    0x08001250   0x08001250   0x00000030   Code   RO           12    .text.GPIO_Init     main.o
    0x08001280   0x08001280   0x00000012   Code   RO         1316    .text.GetContext    eventrecorder.o
    0x08001292   0x08001292   0x00000002   PAD
    0x08001294   0x08001294   0x00000012   Code   RO         1324    .text.GetRecordIndex  eventrecorder.o
    0x080012a6   0x080012a6   0x00000002   PAD
    0x080012a8   0x080012a8   0x00000012   Code   RO         1332    .text.IncrementRecordsDumped  eventrecorder.o
    0x080012ba   0x080012ba   0x00000002   PAD
    0x080012bc   0x080012bc   0x00000012   Code   RO         1330    .text.IncrementRecordsWritten  eventrecorder.o
    0x080012ce   0x080012ce   0x00000002   PAD
    0x080012d0   0x080012d0   0x00000014   Code   RO           33    .text.IsException   rtx_delay.o
    0x080012e4   0x080012e4   0x00000014   Code   RO          498    .text.IsException   rtx_kernel.o
    0x080012f8   0x080012f8   0x00000014   Code   RO          741    .text.IsException   rtx_msgqueue.o
    0x0800130c   0x0800130c   0x00000014   Code   RO          822    .text.IsException   rtx_mutex.o
    0x08001320   0x08001320   0x00000014   Code   RO         1025    .text.IsException   rtx_thread.o
    0x08001334   0x08001334   0x0000002e   Code   RO           35    .text.IsIrqMasked   rtx_delay.o
    0x08001362   0x08001362   0x00000002   PAD
    0x08001364   0x08001364   0x0000002e   Code   RO          500    .text.IsIrqMasked   rtx_kernel.o
    0x08001392   0x08001392   0x00000002   PAD
    0x08001394   0x08001394   0x0000002e   Code   RO          743    .text.IsIrqMasked   rtx_msgqueue.o
    0x080013c2   0x080013c2   0x00000002   PAD
    0x080013c4   0x080013c4   0x0000002e   Code   RO          824    .text.IsIrqMasked   rtx_mutex.o
    0x080013f2   0x080013f2   0x00000002   PAD
    0x080013f4   0x080013f4   0x0000002e   Code   RO         1027    .text.IsIrqMasked   rtx_thread.o
    0x08001422   0x08001422   0x00000002   PAD
    0x08001424   0x08001424   0x00000022   Code   RO          777    .text.IsMessageQueuePtrValid  rtx_msgqueue.o
    0x08001446   0x08001446   0x00000002   PAD
    0x08001448   0x08001448   0x00000022   Code   RO          840    .text.IsMutexPtrValid  rtx_mutex.o
    0x0800146a   0x0800146a   0x00000002   PAD
    0x0800146c   0x0800146c   0x00000014   Code   RO          504    .text.IsPrivileged  rtx_kernel.o
    0x08001480   0x08001480   0x00000022   Code   RO         1111    .text.IsThreadPtrValid  rtx_thread.o
    0x080014a2   0x080014a2   0x00000002   PAD
    0x080014a4   0x080014a4   0x0000008c   Code   RO         1326    .text.LockRecord    eventrecorder.o
    0x08001530   0x08001530   0x00000018   Code   RO          643    .text.MemBlockPtr   rtx_memory.o
    0x08001548   0x08001548   0x0000000a   Code   RO          641    .text.MemHeadPtr    rtx_memory.o
    0x08001552   0x08001552   0x00000002   PAD
    0x08001554   0x08001554   0x00000052   Code   RO          793    .text.MessageQueueGet  rtx_msgqueue.o
    0x080015a6   0x080015a6   0x00000002   PAD
    0x080015a8   0x080015a8   0x000000ac   Code   RO          785    .text.MessageQueuePut  rtx_msgqueue.o
    0x08001654   0x08001654   0x00000042   Code   RO          781    .text.MessageQueueRemove  rtx_msgqueue.o
    0x08001696   0x08001696   0x00000002   PAD
    0x08001698   0x08001698   0x0000000c   Code   RO         1255    .text.OS_Tick_AcknowledgeIRQ  os_systick.o
    0x080016a4   0x080016a4   0x0000003c   Code   RO         1251    .text.OS_Tick_Enable  os_systick.o
    0x080016e0   0x080016e0   0x00000034   Code   RO         1263    .text.OS_Tick_GetCount  os_systick.o
    0x08001714   0x08001714   0x00000006   Code   RO         1257    .text.OS_Tick_GetIRQn  os_systick.o
    0x0800171a   0x0800171a   0x00000002   PAD
    0x0800171c   0x0800171c   0x0000000e   Code   RO         1261    .text.OS_Tick_GetInterval  os_systick.o
    0x0800172a   0x0800172a   0x00000002   PAD
    0x0800172c   0x0800172c   0x00000010   Code   RO         1265    .text.OS_Tick_GetOverflow  os_systick.o
    0x0800173c   0x0800173c   0x0000007e   Code   RO         1249    .text.OS_Tick_Setup  os_systick.o
    0x080017ba   0x080017ba   0x00000002   PAD
    0x080017bc   0x080017bc   0x00000050   Code   RO          562    .text.SVC_Setup     rtx_kernel.o
    0x0800180c   0x0800180c   0x00000010   Code   RO          946    .text.SetPendSV     rtx_system.o
    0x0800181c   0x0800181c   0x00000034   Code   RO          991    .text.SetPrivileged  rtx_thread.o
    0x08001850   0x08001850   0x00000018   Code   RO          987    .text.StackOffsetR0  rtx_thread.o
    0x08001868   0x08001868   0x00000036   Code   RO         1290    .text.SysTimerIsRunning  eventrecorder.o
    0x0800189e   0x0800189e   0x00000002   PAD
    0x080018a0   0x080018a0   0x00000012   Code   RO         1357    .text.SystemInit    system_stm32f4xx.o
    0x080018b2   0x080018b2   0x00000002   PAD
    0x080018b4   0x080018b4   0x00000020   Code   RO            2    .text.Task1         main.o
    0x080018d4   0x080018d4   0x00000012   Code   RO            4    .text.Task2         main.o
    0x080018e6   0x080018e6   0x00000002   PAD
    0x080018e8   0x080018e8   0x0000007c   Code   RO         1119    .text.ThreadFlagsCheck  rtx_thread.o
    0x08001964   0x08001964   0x0000009e   Code   RO         1222    .text.TimerInsert   rtx_timer.o
    0x08001a02   0x08001a02   0x00000002   PAD
    0x08001a04   0x08001a04   0x00000028   Code   RO         1218    .text.TimerUnlink   rtx_timer.o
    0x08001a2c   0x08001a2c   0x00000056   Code   RO         1328    .text.UnlockRecord  eventrecorder.o
    0x08001a82   0x08001a82   0x00000002   PAD
    0x08001a84   0x08001a84   0x00000010   Code   RO          564    .text.__NVIC_GetPriorityGrouping  rtx_kernel.o
    0x08001a94   0x08001a94   0x00000020   Code   RO          611    .text._mutex_acquire  rtx_lib.o
    0x08001ab4   0x08001ab4   0x00000012   Code   RO          615    .text._mutex_free   rtx_lib.o
    0x08001ac6   0x08001ac6   0x00000002   PAD
    0x08001ac8   0x08001ac8   0x00000032   Code   RO          609    .text._mutex_initialize  rtx_lib.o
    0x08001afa   0x08001afa   0x00000002   PAD
    0x08001afc   0x08001afc   0x0000001c   Code   RO          613    .text._mutex_release  rtx_lib.o
    0x08001b18   0x08001b18   0x00000008   Code   RO          597    .text._platform_post_stackheap_init  rtx_lib.o
    0x08001b20   0x08001b20   0x00000038   Code   RO         1121    .text.atomic_chk32_all  rtx_thread.o
    0x08001b58   0x08001b58   0x00000034   Code   RO         1123    .text.atomic_chk32_any  rtx_thread.o
    0x08001b8c   0x08001b8c   0x00000060   Code   RO         1322    .text.atomic_cmp_xch_32  eventrecorder.o
    0x08001bec   0x08001bec   0x0000002c   Code   RO          948    .text.atomic_dec16_nz  rtx_system.o
    0x08001c18   0x08001c18   0x00000020   Code   RO          668    .text.atomic_dec32  rtx_mempool.o
    0x08001c38   0x08001c38   0x00000028   Code   RO          795    .text.atomic_dec32_nz  rtx_msgqueue.o
    0x08001c60   0x08001c60   0x00000034   Code   RO          950    .text.atomic_inc16_lim  rtx_system.o
    0x08001c94   0x08001c94   0x00000038   Code   RO          954    .text.atomic_inc16_lt  rtx_system.o
    0x08001ccc   0x08001ccc   0x00000020   Code   RO          662    .text.atomic_inc32  rtx_mempool.o
    0x08001cec   0x08001cec   0x00000020   Code   RO          787    .text.atomic_inc32  rtx_msgqueue.o
    0x08001d0c   0x08001d0c   0x0000004c   Code   RO         1334    .text.atomic_inc_32  eventrecorder.o
    0x08001d58   0x08001d58   0x00000058   Code   RO         1336    .text.atomic_inc_8  eventrecorder.o
    0x08001db0   0x08001db0   0x00000028   Code   RO          660    .text.atomic_link_get  rtx_mempool.o
    0x08001dd8   0x08001dd8   0x00000030   Code   RO          666    .text.atomic_link_put  rtx_mempool.o
    0x08001e08   0x08001e08   0x00000028   Code   RO          797    .text.atomic_wr8    rtx_msgqueue.o
    0x08001e30   0x08001e30   0x00000082   Code   RO         1296    .text.crc16_ccitt   eventrecorder.o
    0x08001eb2   0x08001eb2   0x00000002   PAD
    0x08001eb4   0x08001eb4   0x00000032   Code   RO            6    .text.createTask1   main.o
    0x08001ee6   0x08001ee6   0x00000002   PAD
    0x08001ee8   0x08001ee8   0x00000032   Code   RO            8    .text.createTask2   main.o
    0x08001f1a   0x08001f1a   0x00000002   PAD
    0x08001f1c   0x08001f1c   0x000000ac   Code   RO          755    .text.isrRtxMessageQueueGet  rtx_msgqueue.o
    0x08001fc8   0x08001fc8   0x000000bc   Code   RO          751    .text.isrRtxMessageQueuePut  rtx_msgqueue.o
    0x08002084   0x08002084   0x00000054   Code   RO          930    .text.isr_queue_get  rtx_system.o
    0x080020d8   0x080020d8   0x0000005e   Code   RO          944    .text.isr_queue_put  rtx_system.o
    0x08002136   0x08002136   0x00000002   PAD
    0x08002138   0x08002138   0x0000004c   Code   RO           10    .text.main          main.o
    0x08002184   0x08002184   0x00000054   Code   RO           31    .text.osDelay       rtx_delay.o
    0x080021d8   0x080021d8   0x00000042   Code   RO          508    .text.osKernelGetState  rtx_kernel.o
    0x0800221a   0x0800221a   0x00000002   PAD
    0x0800221c   0x0800221c   0x0000003a   Code   RO          548    .text.osKernelGetSysTimerCount  rtx_kernel.o
    0x08002256   0x08002256   0x00000002   PAD
    0x08002258   0x08002258   0x0000004a   Code   RO          496    .text.osKernelInitialize  rtx_kernel.o
    0x080022a2   0x080022a2   0x00000002   PAD
    0x080022a4   0x080022a4   0x00000046   Code   RO          512    .text.osKernelStart  rtx_kernel.o
    0x080022ea   0x080022ea   0x00000002   PAD
    0x080022ec   0x080022ec   0x0000007e   Code   RO          753    .text.osMessageQueueGet  rtx_msgqueue.o
    0x0800236a   0x0800236a   0x00000002   PAD
    0x0800236c   0x0800236c   0x0000008a   Code   RO          749    .text.osMessageQueuePut  rtx_msgqueue.o
    0x080023f6   0x080023f6   0x00000002   PAD
    0x080023f8   0x080023f8   0x00000064   Code   RO          830    .text.osMutexAcquire  rtx_mutex.o
    0x0800245c   0x0800245c   0x00000056   Code   RO          836    .text.osMutexDelete  rtx_mutex.o
    0x080024b2   0x080024b2   0x00000002   PAD
    0x080024b4   0x080024b4   0x00000056   Code   RO          820    .text.osMutexNew    rtx_mutex.o
    0x0800250a   0x0800250a   0x00000002   PAD
    0x0800250c   0x0800250c   0x00000056   Code   RO          832    .text.osMutexRelease  rtx_mutex.o
    0x08002562   0x08002562   0x00000002   PAD
    0x08002564   0x08002564   0x00000030   Code   RO         1277    .text.osRtxErrorNotify  rtx_config.o
    0x08002594   0x08002594   0x0000000a   Code   RO          934    .text.osRtxEventFlagsObject  rtx_system.o
    0x0800259e   0x0800259e   0x00000002   PAD
    0x080025a0   0x080025a0   0x00000008   Code   RO         1275    .text.osRtxIdleThread  rtx_config.o
    0x080025a8   0x080025a8   0x00000002   Code   RO          492    .text.osRtxKernelBeforeInit  rtx_kernel.o
    0x080025aa   0x080025aa   0x00000002   PAD
    0x080025ac   0x080025ac   0x0000001c   Code   RO          494    .text.osRtxKernelErrorNotify  rtx_kernel.o
    0x080025c8   0x080025c8   0x0000000c   Code   RO          926    .text.osRtxKernelGetState  rtx_system.o
    0x080025d4   0x080025d4   0x0000000c   Code   RO          995    .text.osRtxKernelGetState  rtx_thread.o
    0x080025e0   0x080025e0   0x0000000c   Code   RO          558    .text.osRtxKernelState  rtx_kernel.o
    0x080025ec   0x080025ec   0x0000014c   Code   RO          645    .text.osRtxMemoryAlloc  rtx_memory.o
    0x08002738   0x08002738   0x000000c2   Code   RO          647    .text.osRtxMemoryFree  rtx_memory.o
    0x080027fa   0x080027fa   0x00000002   PAD
    0x080027fc   0x080027fc   0x00000096   Code   RO          639    .text.osRtxMemoryInit  rtx_memory.o
    0x08002892   0x08002892   0x00000002   PAD
    0x08002894   0x08002894   0x0000004a   Code   RO          658    .text.osRtxMemoryPoolAlloc  rtx_mempool.o
    0x080028de   0x080028de   0x00000002   PAD
    0x080028e0   0x080028e0   0x00000064   Code   RO          664    .text.osRtxMemoryPoolFree  rtx_mempool.o
    0x08002944   0x08002944   0x00000098   Code   RO          656    .text.osRtxMemoryPoolInit  rtx_mempool.o
    0x080029dc   0x080029dc   0x0000000a   Code   RO          938    .text.osRtxMemoryPoolObject  rtx_system.o
    0x080029e6   0x080029e6   0x00000002   PAD
    0x080029e8   0x080029e8   0x0000000a   Code   RO          940    .text.osRtxMessageObject  rtx_system.o
    0x080029f2   0x080029f2   0x00000002   PAD
    0x080029f4   0x080029f4   0x0000000a   Code   RO          735    .text.osRtxMessageQueueId  rtx_msgqueue.o
    0x080029fe   0x080029fe   0x00000002   PAD
    0x08002a00   0x08002a00   0x00000144   Code   RO          779    .text.osRtxMessageQueuePostProcess  rtx_msgqueue.o
    0x08002b44   0x08002b44   0x0000003e   Code   RO          733    .text.osRtxMessageQueueTimerSetup  rtx_msgqueue.o
    0x08002b82   0x08002b82   0x00000002   PAD
    0x08002b84   0x08002b84   0x0000005a   Code   RO          856    .text.osRtxMutexDestroy  rtx_mutex.o
    0x08002bde   0x08002bde   0x00000002   PAD
    0x08002be0   0x08002be0   0x0000000a   Code   RO          842    .text.osRtxMutexId  rtx_mutex.o
    0x08002bea   0x08002bea   0x00000002   PAD
    0x08002bec   0x08002bec   0x0000000a   Code   RO          983    .text.osRtxMutexObject  rtx_thread.o
    0x08002bf6   0x08002bf6   0x00000002   PAD
    0x08002bf8   0x08002bf8   0x00000098   Code   RO          814    .text.osRtxMutexOwnerRelease  rtx_mutex.o
    0x08002c90   0x08002c90   0x000000ac   Code   RO          818    .text.osRtxMutexOwnerRestore  rtx_mutex.o
    0x08002d3c   0x08002d3c   0x000000fc   Code   RO          854    .text.osRtxMutexOwnerUnlock  rtx_mutex.o
    0x08002e38   0x08002e38   0x0000000a   Code   RO          783    .text.osRtxObject   rtx_msgqueue.o
    0x08002e42   0x08002e42   0x00000002   PAD
    0x08002e44   0x08002e44   0x0000000a   Code   RO          816    .text.osRtxObject   rtx_mutex.o
    0x08002e4e   0x08002e4e   0x00000002   PAD
    0x08002e50   0x08002e50   0x0000000a   Code   RO          952    .text.osRtxObject   rtx_system.o
    0x08002e5a   0x08002e5a   0x00000002   PAD
    0x08002e5c   0x08002e5c   0x0000000a   Code   RO          971    .text.osRtxObject   rtx_thread.o
    0x08002e66   0x08002e66   0x00000002   PAD
    0x08002e68   0x08002e68   0x000000b8   Code   RO          928    .text.osRtxPendSV_Handler  rtx_system.o
    0x08002f20   0x08002f20   0x00000042   Code   RO          942    .text.osRtxPostProcess  rtx_system.o
    0x08002f62   0x08002f62   0x00000002   PAD
    0x08002f64   0x08002f64   0x0000000a   Code   RO          936    .text.osRtxSemaphoreObject  rtx_system.o
    0x08002f6e   0x08002f6e   0x00000002   PAD
    0x08002f70   0x08002f70   0x00000010   Code   RO          605    .text.osRtxThreadBeforeFree  rtx_lib.o
    0x08002f80   0x08002f80   0x00000088   Code   RO          999    .text.osRtxThreadBlock  rtx_thread.o
    0x08003008   0x08003008   0x000000fa   Code   RO         1005    .text.osRtxThreadDelayInsert  rtx_thread.o
    0x08003102   0x08003102   0x00000002   PAD
    0x08003104   0x08003104   0x0000009c   Code   RO          977    .text.osRtxThreadDelayRemove  rtx_thread.o
    0x080031a0   0x080031a0   0x00000150   Code   RO          979    .text.osRtxThreadDelayTick  rtx_thread.o
    0x080032f0   0x080032f0   0x00000060   Code   RO         1011    .text.osRtxThreadDestroy  rtx_thread.o
    0x08003350   0x08003350   0x00000096   Code   RO          993    .text.osRtxThreadDispatch  rtx_thread.o
    0x080033e6   0x080033e6   0x00000002   PAD
    0x080033e8   0x080033e8   0x000000a2   Code   RO         1013    .text.osRtxThreadFree  rtx_thread.o
    0x0800348a   0x0800348a   0x00000002   PAD
    0x0800348c   0x0800348c   0x0000000c   Code   RO          791    .text.osRtxThreadGetRunning  rtx_msgqueue.o
    0x08003498   0x08003498   0x0000000c   Code   RO          846    .text.osRtxThreadGetRunning  rtx_mutex.o
    0x080034a4   0x080034a4   0x0000000c   Code   RO          997    .text.osRtxThreadGetRunning  rtx_thread.o
    0x080034b0   0x080034b0   0x0000000c   Code   RO         1216    .text.osRtxThreadGetRunning  rtx_timer.o
    0x080034bc   0x080034bc   0x0000000a   Code   RO         1019    .text.osRtxThreadId  rtx_thread.o
    0x080034c6   0x080034c6   0x00000002   PAD
    0x080034c8   0x080034c8   0x0000003c   Code   RO         1009    .text.osRtxThreadJoinWakeup  rtx_thread.o
    0x08003504   0x08003504   0x00000036   Code   RO          967    .text.osRtxThreadListGet  rtx_thread.o
    0x0800353a   0x0800353a   0x00000002   PAD
    0x0800353c   0x0800353c   0x00000076   Code   RO          963    .text.osRtxThreadListPut  rtx_thread.o
    0x080035b2   0x080035b2   0x00000002   PAD
    0x080035b4   0x080035b4   0x00000032   Code   RO          973    .text.osRtxThreadListRemove  rtx_thread.o
    0x080035e6   0x080035e6   0x00000002   PAD
    0x080035e8   0x080035e8   0x00000022   Code   RO          981    .text.osRtxThreadListRoot  rtx_thread.o
    0x0800360a   0x0800360a   0x00000002   PAD
    0x0800360c   0x0800360c   0x00000058   Code   RO          969    .text.osRtxThreadListSort  rtx_thread.o
    0x08003664   0x08003664   0x0000000a   Code   RO          932    .text.osRtxThreadObject  rtx_system.o
    0x0800366e   0x0800366e   0x00000002   PAD
    0x08003670   0x08003670   0x0000000a   Code   RO          965    .text.osRtxThreadObject  rtx_thread.o
    0x0800367a   0x0800367a   0x00000002   PAD
    0x0800367c   0x0800367c   0x00000044   Code   RO         1117    .text.osRtxThreadPostProcess  rtx_thread.o
    0x080036c0   0x080036c0   0x00000020   Code   RO          975    .text.osRtxThreadReadyPut  rtx_thread.o
    0x080036e0   0x080036e0   0x00000022   Code   RO          985    .text.osRtxThreadRegPtr  rtx_thread.o
    0x08003702   0x08003702   0x00000002   PAD
    0x08003704   0x08003704   0x00000014   Code   RO         1153    .text.osRtxThreadSetRunning  rtx_thread.o
    0x08003718   0x08003718   0x00000014   Code   RO         1220    .text.osRtxThreadSetRunning  rtx_timer.o
    0x0800372c   0x0800372c   0x0000003c   Code   RO         1007    .text.osRtxThreadStackCheck  rtx_thread.o
    0x08003768   0x08003768   0x00000096   Code   RO         1017    .text.osRtxThreadStartup  rtx_thread.o
    0x080037fe   0x080037fe   0x00000002   PAD
    0x08003800   0x08003800   0x0000002e   Code   RO          989    .text.osRtxThreadSwitch  rtx_thread.o
    0x0800382e   0x0800382e   0x00000002   PAD
    0x08003830   0x08003830   0x00000076   Code   RO         1003    .text.osRtxThreadWaitEnter  rtx_thread.o
    0x080038a6   0x080038a6   0x00000002   PAD
    0x080038a8   0x080038a8   0x00000046   Code   RO         1001    .text.osRtxThreadWaitExit  rtx_thread.o
    0x080038ee   0x080038ee   0x00000002   PAD
    0x080038f0   0x080038f0   0x00000110   Code   RO          924    .text.osRtxTick_Handler  rtx_system.o
    0x08003a00   0x08003a00   0x00000030   Code   RO         1192    .text.osRtxTimerSetup  rtx_timer.o
    0x08003a30   0x08003a30   0x00000032   Code   RO         1196    .text.osRtxTimerThread  rtx_timer.o
    0x08003a62   0x08003a62   0x00000002   PAD
    0x08003a64   0x08003a64   0x000000dc   Code   RO         1194    .text.osRtxTimerTick  rtx_timer.o
    0x08003b40   0x08003b40   0x00000010   Code   RO         1113    .text.osThreadEntry  rtx_thread.o
    0x08003b50   0x08003b50   0x00000024   Code   RO         1065    .text.osThreadExit  rtx_thread.o
    0x08003b74   0x08003b74   0x00000072   Code   RO         1023    .text.osThreadNew   rtx_thread.o
    0x08003be6   0x08003be6   0x00000002   PAD
    0x08003be8   0x08003be8   0x00000036   Code   RO          603    .text.os_kernel_is_active  rtx_lib.o
    0x08003c1e   0x08003c1e   0x00000002   PAD
    0x08003c20   0x08003c20   0x00000050   Code   RO           39    .text.svcRtxDelay   rtx_delay.o
    0x08003c70   0x08003c70   0x00000010   Code   RO          510    .text.svcRtxKernelGetState  rtx_kernel.o
    0x08003c80   0x08003c80   0x00000046   Code   RO          550    .text.svcRtxKernelGetSysTimerCount  rtx_kernel.o
    0x08003cc6   0x08003cc6   0x00000002   PAD
    0x08003cc8   0x08003cc8   0x00000304   Code   RO          556    .text.svcRtxKernelInitialize  rtx_kernel.o
    0x08003fcc   0x08003fcc   0x000000a4   Code   RO          560    .text.svcRtxKernelStart  rtx_kernel.o
    0x08004070   0x08004070   0x00000168   Code   RO          799    .text.svcRtxMessageQueueGet  rtx_msgqueue.o
    0x080041d8   0x080041d8   0x00000290   Code   RO          737    .text.svcRtxMessageQueueNew  rtx_msgqueue.o
    0x08004468   0x08004468   0x0000015c   Code   RO          789    .text.svcRtxMessageQueuePut  rtx_msgqueue.o
    0x080045c4   0x080045c4   0x00000176   Code   RO          844    .text.svcRtxMutexAcquire  rtx_mutex.o
    0x0800473a   0x0800473a   0x00000002   PAD
    0x0800473c   0x0800473c   0x00000058   Code   RO          852    .text.svcRtxMutexDelete  rtx_mutex.o
    0x08004794   0x08004794   0x00000142   Code   RO          838    .text.svcRtxMutexNew  rtx_mutex.o
    0x080048d6   0x080048d6   0x00000002   PAD
    0x080048d8   0x080048d8   0x000001a0   Code   RO          848    .text.svcRtxMutexRelease  rtx_mutex.o
    0x08004a78   0x08004a78   0x00000084   Code   RO         1151    .text.svcRtxThreadExit  rtx_thread.o
    0x08004afc   0x08004afc   0x0000046a   Code   RO         1021    .text.svcRtxThreadNew  rtx_thread.o
    0x08004f66   0x08004f66   0x00000002   PAD
    0x08004f68   0x08004f68   0x00000048   Code   RO          607    .text.user_perthread_libspace_free  rtx_lib.o
    0x08004fb0   0x08004fb0   0x00000012   Code   RO         1115    .text.xPSR_InitVal  rtx_thread.o
    0x08004fc2   0x08004fc2   0x0000001a   Code   RO         1382    x$fpl$fpinit        fz_wm.l(fpinit.o)
    0x08004fdc   0x08004fdc   0x00000070   Data   RO          621    .rodata             rtx_lib.o
    0x0800504c   0x0800504c   0x00000038   Data   RO          624    .rodata             rtx_lib.o
    0x08005084   0x08005084   0x00000018   Data   RO         1339    .rodata.EventRecorderInfo  eventrecorder.o
    0x0800509c   0x0800509c   0x00000004   Data   RO          623    .rodata.osRtxUserSVC  rtx_lib.o
    0x080050a0   0x080050a0   0x00000024   Data   RO          618    .rodata.os_idle_thread_attr  rtx_lib.o
    0x080050c4   0x080050c4   0x00000018   Data   RO          620    .rodata.os_timer_mq_attr  rtx_lib.o
    0x080050dc   0x080050dc   0x00000024   Data   RO          619    .rodata.os_timer_thread_attr  rtx_lib.o
    0x08005100   0x08005100   0x00000013   Data   RO           14    .rodata.str1.1      main.o
    0x08005113   0x08005113   0x0000000b   Data   RO          588    .rodata.str1.1      rtx_kernel.o
    0x0800511e   0x0800511e   0x00000002   PAD
    0x08005120   0x08005120   0x00000020   Data   RO         1544    Region$$Table       anon$$obj.o


    Execution Region ER_RW (Exec base: 0x20000000, Load base: 0x08005140, Size: 0x000000a8, Max: 0xffffffff, ABSOLUTE)

    Exec Addr    Load Addr    Size         Type   Attr      Idx    E Section Name        Object

    0x20000000   0x08005140   0x00000004   Data   RW         1361    .data.SystemCoreClock  system_stm32f4xx.o
    0x20000004   0x08005144   0x000000a4   Data   RW          589    .data.os            rtx_kernel.o


    Execution Region ER_ZI (Exec base: 0x200000c0, Load base: 0x080051e8, Size: 0x00009288, Max: 0xffffffff, ABSOLUTE)

    Exec Addr    Load Addr    Size         Type   Attr      Idx    E Section Name        Object

    0x200000c0        -       0x00000060   Zero   RW         1411    .bss                c_w.l(libspace.o)
    0x20000120        -       0x00000001   Zero   RW         1340    .bss.SysTimerState  eventrecorder.o
    0x20000121   0x080051e8   0x00000003   PAD
    0x20000124        -       0x00000004   Zero   RW           15    .bss.Task1_p        main.o
    0x20000128   0x080051e8   0x00000018   PAD
    0x20000140        -       0x000004a4   Zero   RW         1338    .bss.noinit         eventrecorder.o
    0x200005e4   0x080051e8   0x00000004   PAD
    0x200005e8        -       0x00008040   Zero   RW          617    .bss.os             rtx_lib.o
    0x20008628        -       0x00000001   Zero   RW         1267    .bss.os             os_systick.o
    0x20008629   0x080051e8   0x00000003   PAD
    0x2000862c        -       0x000001f0   Zero   RW          625    .bss.os.libspace    rtx_lib.o
    0x2000881c        -       0x00000034   Zero   RW          629    .bss.os.msgqueue.cb  rtx_lib.o
    0x20008850        -       0x00000050   Zero   RW          630    .bss.os.msgqueue.mem  rtx_lib.o
    0x200088a0        -       0x000000a0   Zero   RW          626    .bss.os.thread.cb   rtx_lib.o
    0x20008940        -       0x00000200   Zero   RW          627    .bss.os.thread.idle.stack  rtx_lib.o
    0x20008b40        -       0x00000200   Zero   RW          628    .bss.os.thread.timer.stack  rtx_lib.o
    0x20008d40        -       0x00000001   Zero   RW          631    .bss.os_kernel_is_active.os_kernel_active  rtx_lib.o
    0x20008d41   0x080051e8   0x00000007   PAD
    0x20008d48        -       0x00000200   Zero   RW         1348    HEAP                startup_stm32f446xx.o
    0x20008f48        -       0x00000400   Zero   RW         1347    STACK               startup_stm32f446xx.o


==============================================================================

Image component sizes


      Code (inc. data)   RO Data    RW Data    ZI Data      Debug   Object Name

      2190          0         24          0       1189       8942   eventrecorder.o
       256         16          0          0          0        775   irq_armv7m.o
       274          0         19          0          4       4297   main.o
       286          0          0          0          1       4909   os_systick.o
        56          6          0          0          0        733   rtx_config.o
       230          0          0          0          0       2816   rtx_delay.o
      1660          0          0          0          0      29352   rtx_evr.o
      1514          0         11        164          0      18128   rtx_kernel.o
       300          0        268          0      34645       8049   rtx_lib.o
       710          0          0          0          0       2372   rtx_memory.o
       478          0          0          0          0      12673   rtx_mempool.o
      2938          0          0          0          0      15299   rtx_msgqueue.o
      2356          0          0          0          0       9496   rtx_mutex.o
       940         10          0          0          0       6338   rtx_system.o
      4206          0          0          0          0      34192   rtx_thread.o
       548          0          0          0          0       9404   rtx_timer.o
        64         26        452          0       1536        880   startup_stm32f446xx.o
        18          0          0          4          0       2837   system_stm32f4xx.o

    ----------------------------------------------------------------------
     19246         58        808        168      37416     171492   Object Totals
         0          0         32          0          0          0   (incl. Generated)
       222          0          2          0         41          0   (incl. Padding)

    ----------------------------------------------------------------------

      Code (inc. data)   RO Data    RW Data    ZI Data      Debug   Library Member Name

         8          0          0          0          0         68   __main.o
         0          0          0          0          0          0   __rtentry.o
        20          0          0          0          0          0   __rtentry2.o
         6          0          0          0          0          0   __rtentry4.o
        94          8          0          0          0          0   __scatter.o
        26          0          0          0          0          0   __scatter_copy.o
        28          0          0          0          0          0   __scatter_zi.o
        18          0          0          0          0         80   exit.o
         6          0          0          0          0        152   heapauxi.o
         0          0          0          0          0          0   indicate_semi.o
         2          0          0          0          0          0   libinit.o
         6          0          0          0          0          0   libinit2.o
         2          0          0          0          0          0   libshutdown.o
         2          0          0          0          0          0   libshutdown2.o
         8          4          0          0         96         68   libspace.o
        68          0          0          0          0         68   rt_memclr.o
        78          0          0          0          0         80   rt_memclr_w.o
       138          0          0          0          0         68   rt_memcpy_v6.o
       100          0          0          0          0         80   rt_memcpy_w.o
         2          0          0          0          0          0   rtexit.o
        10          0          0          0          0          0   rtexit2.o
        12          4          0          0          0         68   sys_exit.o
        74          0          0          0          0         80   sys_stackheap_outer.o
         2          0          0          0          0         68   use_no_semi.o
        26          0          0          0          0        116   fpinit.o

    ----------------------------------------------------------------------
       746         16          0          0         96        996   Library Totals
        10          0          0          0          0          0   (incl. Padding)

    ----------------------------------------------------------------------

      Code (inc. data)   RO Data    RW Data    ZI Data      Debug   Library Name

       710         16          0          0         96        880   c_w.l
        26          0          0          0          0        116   fz_wm.l

    ----------------------------------------------------------------------
       746         16          0          0         96        996   Library Totals

    ----------------------------------------------------------------------

==============================================================================


      Code (inc. data)   RO Data    RW Data    ZI Data      Debug   

     19992         74        808        168      37512     171892   Grand Totals
     19992         74        808        168      37512     171892   ELF Image Totals
     19992         74        808        168          0          0   ROM Totals

==============================================================================

    Total RO  Size (Code + RO Data)                20800 (  20.31kB)
    Total RW  Size (RW Data + ZI Data)             37680 (  36.80kB)
    Total ROM Size (Code + RO Data + RW Data)      20968 (  20.48kB)

==============================================================================

