Component: Arm Compiler for Embedded 6.24 Tool: armlink [5f371500]

==============================================================================

Section Cross References

    main.o(.text.TaskA) refers to main.o(.bss.qUartTx) for qUartTx
    main.o(.text.TaskA) refers to rtx_msgqueue.o(.text.osMessageQueuePut) for osMessageQueuePut
    main.o(.text.TaskA) refers to rtx_delay.o(.text.osDelay) for osDelay
    main.o(.ARM.exidx.text.TaskA) refers to main.o(.text.TaskA) for [Anonymous Symbol]
    main.o(.text.TaskB) refers to main.o(.bss.qUartTx) for qUartTx
    main.o(.text.TaskB) refers to rtx_msgqueue.o(.text.osMessageQueuePut) for osMessageQueuePut
    main.o(.text.TaskB) refers to rtx_delay.o(.text.osDelay) for osDelay
    main.o(.ARM.exidx.text.TaskB) refers to main.o(.text.TaskB) for [Anonymous Symbol]
    main.o(.text.TaskUartTx) refers to main.o(.bss.qUartTx) for qUartTx
    main.o(.text.TaskUartTx) refers to rtx_msgqueue.o(.text.osMessageQueueGet) for osMessageQueueGet
    main.o(.text.TaskUartTx) refers to main.o(.text.USART2_StartTxDMA) for USART2_StartTxDMA
    main.o(.text.TaskUartTx) refers to main.o(.bss.semTxDone) for semTxDone
    main.o(.text.TaskUartTx) refers to rtx_semaphore.o(.text.osSemaphoreAcquire) for osSemaphoreAcquire
    main.o(.ARM.exidx.text.TaskUartTx) refers to main.o(.text.TaskUartTx) for [Anonymous Symbol]
    main.o(.ARM.exidx.text.USART2_StartTxDMA) refers to main.o(.text.USART2_StartTxDMA) for [Anonymous Symbol]
    main.o(.text.DMA1_Stream6_IRQHandler) refers to main.o(.bss.semTxDone) for semTxDone
    main.o(.text.DMA1_Stream6_IRQHandler) refers to rtx_semaphore.o(.text.osSemaphoreRelease) for osSemaphoreRelease
    main.o(.ARM.exidx.text.DMA1_Stream6_IRQHandler) refers to main.o(.text.DMA1_Stream6_IRQHandler) for [Anonymous Symbol]
    main.o(.text.main) refers to eventrecorder.o(.text.EventRecorderInitialize) for EventRecorderInitialize
    main.o(.text.main) refers to eventrecorder.o(.text.EventRecorderStart) for EventRecorderStart
    main.o(.text.main) refers to system_stm32f4xx.o(.text.SystemCoreClockUpdate) for SystemCoreClockUpdate
    main.o(.text.main) refers to main.o(.text.GPIO_Init) for GPIO_Init
    main.o(.text.main) refers to main.o(.text.USART2_Init) for USART2_Init
    main.o(.text.main) refers to main.o(.text.DMA1_Stream6_Init) for DMA1_Stream6_Init
    main.o(.text.main) refers to rtx_kernel.o(.text.osKernelInitialize) for osKernelInitialize
    main.o(.text.main) refers to rtx_msgqueue.o(.text.osMessageQueueNew) for osMessageQueueNew
    main.o(.text.main) refers to main.o(.bss.qUartTx) for qUartTx
    main.o(.text.main) refers to rtx_semaphore.o(.text.osSemaphoreNew) for osSemaphoreNew
    main.o(.text.main) refers to main.o(.bss.semTxDone) for semTxDone
    main.o(.text.main) refers to main.o(.text.TaskA) for TaskA
    main.o(.text.main) refers to rtx_thread.o(.text.osThreadNew) for osThreadNew
    main.o(.text.main) refers to main.o(.text.TaskB) for TaskB
    main.o(.text.main) refers to main.o(.text.TaskUartTx) for TaskUartTx
    main.o(.text.main) refers to rtx_kernel.o(.text.osKernelStart) for osKernelStart
    main.o(.ARM.exidx.text.main) refers to main.o(.text.main) for [Anonymous Symbol]
    main.o(.ARM.exidx.text.GPIO_Init) refers to main.o(.text.GPIO_Init) for [Anonymous Symbol]
    main.o(.ARM.exidx.text.USART2_Init) refers to main.o(.text.USART2_Init) for [Anonymous Symbol]
    main.o(.text.DMA1_Stream6_Init) refers to main.o(.text.__NVIC_SetPriority) for __NVIC_SetPriority
    main.o(.text.DMA1_Stream6_Init) refers to main.o(.text.__NVIC_EnableIRQ) for __NVIC_EnableIRQ
    main.o(.ARM.exidx.text.DMA1_Stream6_Init) refers to main.o(.text.DMA1_Stream6_Init) for [Anonymous Symbol]
    main.o(.ARM.exidx.text.__NVIC_SetPriority) refers to main.o(.text.__NVIC_SetPriority) for [Anonymous Symbol]
    main.o(.ARM.exidx.text.__NVIC_EnableIRQ) refers to main.o(.text.__NVIC_EnableIRQ) for [Anonymous Symbol]
    irq_armv7m.o(.text) refers to rtx_thread.o(.text.osRtxThreadStackCheck) for osRtxThreadStackCheck
    irq_armv7m.o(.text) refers to rtx_kernel.o(.text.osRtxKernelErrorNotify) for osRtxKernelErrorNotify
    irq_armv7m.o(.text) refers to rtx_system.o(.text.osRtxPendSV_Handler) for osRtxPendSV_Handler
    irq_armv7m.o(.text) refers to rtx_system.o(.text.osRtxTick_Handler) for osRtxTick_Handler
    irq_armv7m.o(.text) refers to rtx_kernel.o(.data.os) for osRtxInfo
    irq_armv7m.o(.text) refers to rtx_lib.o(.rodata.osRtxUserSVC) for osRtxUserSVC
    irq_armv7m.o(.ARM.exidx) refers to irq_armv7m.o(.text) for [Anonymous Symbol]
    rtx_delay.o(.text.osDelay) refers to rtx_evr.o(.text.EvrRtxDelay) for EvrRtxDelay
    rtx_delay.o(.text.osDelay) refers to rtx_delay.o(.text.IsException) for IsException
    rtx_delay.o(.text.osDelay) refers to rtx_delay.o(.text.IsIrqMasked) for IsIrqMasked
    rtx_delay.o(.text.osDelay) refers to rtx_evr.o(.text.EvrRtxDelayError) for EvrRtxDelayError
[...]
    os_timer_thread_stack                    0x20008b40   Data         512  rtx_lib.o(.bss.os.thread.timer.stack)
    [Anonymous Symbol]                       0x20008b40   Section        0  rtx_lib.o(.bss.os.thread.timer.stack)
    os_kernel_is_active.os_kernel_active     0x20008d40   Data           1  rtx_lib.o(.bss.os_kernel_is_active.os_kernel_active)
    [Anonymous Symbol]                       0x20008d40   Section        0  rtx_lib.o(.bss.os_kernel_is_active.os_kernel_active)
    Heap_Mem                                 0x20008d50   Data         512  startup_stm32f446xx.o(HEAP)
    HEAP                                     0x20008d50   Section      512  startup_stm32f446xx.o(HEAP)
    Stack_Mem                                0x20008f50   Data        1024  startup_stm32f446xx.o(STACK)
    STACK                                    0x20008f50   Section     1024  startup_stm32f446xx.o(STACK)
    __initial_sp                             0x20009350   Data           0  startup_stm32f446xx.o(STACK)
    FPCCR                                    0xe000ef34   Number         0  irq_armv7m.o ABSOLUTE

    Global Symbols

    Symbol Name                              Value     Ov Type        Size  Object(Section)

    BuildAttributes$$THM_ISAv4$E$P$D$K$B$S$7EM$VFPi3$EXTD16$VFPS$VFMA$PE$A:L22UL41UL21$X:L11$S22US41US21$IEEE1$IW$~IW$USESV6$~STKCKD$USESV7$~SHL$OSPACE$ROPI$EBA8$UX$STANDARDLIB$REQ8$PRES8$EABIv2 0x00000000   Number         0  anon$$obj.o ABSOLUTE
    .bss.os.evflags.cb$$Base                  - Undefined Weak Reference
    .bss.os.evflags.cb$$Limit                 - Undefined Weak Reference
    .bss.os.mempool.cb$$Base                  - Undefined Weak Reference
    .bss.os.mempool.cb$$Limit                 - Undefined Weak Reference
    .bss.os.mutex.cb$$Base                    - Undefined Weak Reference
    .bss.os.mutex.cb$$Limit                   - Undefined Weak Reference
    .bss.os.semaphore.cb$$Base                - Undefined Weak Reference
    .bss.os.semaphore.cb$$Limit               - Undefined Weak Reference
    .bss.os.timer.cb$$Base                    - Undefined Weak Reference
    .bss.os.timer.cb$$Limit                   - Undefined Weak Reference
    __ARM_exceptions_init                     - Undefined Weak Reference
    __alloca_initialize                       - Undefined Weak Reference
    __arm_preinit_                            - Undefined Weak Reference
    __arm_relocate_pie_                       - Undefined Weak Reference
    __cpp_initialize__aeabi_                  - Undefined Weak Reference
    __cxa_finalize                            - Undefined Weak Reference
    __rt_locale                               - Undefined Weak Reference
    __sigvec_lookup                           - Undefined Weak Reference
    _atexit_init                              - Undefined Weak Reference
    _call_atexit_fns                          - Undefined Weak Reference
    _clock_init                               - Undefined Weak Reference
    _fp_trap_init                             - Undefined Weak Reference
    _fp_trap_shutdown                         - Undefined Weak Reference
    _get_lc_collate                           - Undefined Weak Reference
    _get_lc_ctype                             - Undefined Weak Reference
    _get_lc_monetary                          - Undefined Weak Reference
    _get_lc_numeric                           - Undefined Weak Reference
    _get_lc_time                              - Undefined Weak Reference
    _getenv_init                              - Undefined Weak Reference
    _handle_redirection                       - Undefined Weak Reference
    _init_alloc                               - Undefined Weak Reference
    _init_user_alloc                          - Undefined Weak Reference
    _initio                                   - Undefined Weak Reference
    _rand_init                                - Undefined Weak Reference
    _signal_finish                            - Undefined Weak Reference
    _signal_init                              - Undefined Weak Reference
    _terminate_alloc                          - Undefined Weak Reference
    _terminate_user_alloc                     - Undefined Weak Reference
    _terminateio                              - Undefined Weak Reference
    __Vectors_Size                           0x000001c4   Number         0  startup_stm32f446xx.o ABSOLUTE
    __Vectors                                0x08000000   Data           4  startup_stm32f446xx.o(RESET)
    __Vectors_End                            0x080001c4   Data           0  startup_stm32f446xx.o(RESET)
    __main                                   0x080001c5   Thumb Code     8  __main.o(!!!main)
    __scatterload                            0x080001cd   Thumb Code     0  __scatter.o(!!!scatter)
    __scatterload_rt2                        0x080001cd   Thumb Code    84  __scatter.o(!!!scatter)
    __scatterload_rt2_thumb_only             0x080001cd   Thumb Code     0  __scatter.o(!!!scatter)
    __scatterload_loop                       0x080001d7   Thumb Code     0  __scatter.o(!!!scatter)
    __scatterload_copy                       0x08000229   Thumb Code    26  __scatter_copy.o(!!handler_copy)
    __scatterload_null                       0x08000245   Thumb Code     2  __scatter.o(!!handler_null)
    __scatterload_zeroinit                   0x08000249   Thumb Code    28  __scatter_zi.o(!!handler_zi)
    __rt_lib_init                            0x08000265   Thumb Code     0  libinit.o(.ARM.Collect$$libinit$$00000000)
    __rt_lib_init_fp_1                       0x08000267   Thumb Code     0  libinit2.o(.ARM.Collect$$libinit$$00000001)
    __rt_lib_init_alloca_1                   0x0800026b   Thumb Code     0  libinit2.o(.ARM.Collect$$libinit$$00000030)
    __rt_lib_init_argv_1                     0x0800026b   Thumb Code     0  libinit2.o(.ARM.Collect$$libinit$$0000002E)
    __rt_lib_init_atexit_1                   0x0800026b   Thumb Code     0  libinit2.o(.ARM.Collect$$libinit$$0000001D)
    __rt_lib_init_clock_1                    0x0800026b   Thumb Code     0  libinit2.o(.ARM.Collect$$libinit$$00000023)
    __rt_lib_init_cpp_1                      0x0800026b   Thumb Code     0  libinit2.o(.ARM.Collect$$libinit$$00000034)
    __rt_lib_init_exceptions_1               0x0800026b   Thumb Code     0  libinit2.o(.ARM.Collect$$libinit$$00000032)
    __rt_lib_init_fp_trap_1                  0x0800026b   Thumb Code     0  libinit2.o(.ARM.Collect$$libinit$$00000021)
    __rt_lib_init_getenv_1                   0x0800026b   Thumb Code     0  libinit2.o(.ARM.Collect$$libinit$$00000025)
    __rt_lib_init_heap_1                     0x0800026b   Thumb Code     0  libinit2.o(.ARM.Collect$$libinit$$0000000C)
    __rt_lib_init_lc_collate_1               0x0800026b   Thumb Code     0  libinit2.o(.ARM.Collect$$libinit$$00000013)
    __rt_lib_init_lc_ctype_1                 0x0800026b   Thumb Code     0  libinit2.o(.ARM.Collect$$libinit$$00000015)
    __rt_lib_init_lc_monetary_1              0x0800026b   Thumb Code     0  libinit2.o(.ARM.Collect$$libinit$$00000017)
    __rt_lib_init_lc_numeric_1               0x0800026b   Thumb Code     0  libinit2.o(.ARM.Collect$$libinit$$00000019)
    __rt_lib_init_lc_time_1                  0x0800026b   Thumb Code     0  libinit2.o(.ARM.Collect$$libinit$$0000001B)
    __rt_lib_init_preinit_1                  0x0800026b   Thumb Code     0  libinit2.o(.ARM.Collect$$libinit$$00000006)
    __rt_lib_init_rand_1                     0x0800026b   Thumb Code     0  libinit2.o(.ARM.Collect$$libinit$$00000010)
    __rt_lib_init_relocate_pie_1             0x0800026b   Thumb Code     0  libinit2.o(.ARM.Collect$$libinit$$00000004)
    __rt_lib_init_return                     0x0800026b   Thumb Code     0  libinit2.o(.ARM.Collect$$libinit$$00000035)
    __rt_lib_init_signal_1                   0x0800026b   Thumb Code     0  libinit2.o(.ARM.Collect$$libinit$$0000001F)
    __rt_lib_init_stdio_1                    0x0800026b   Thumb Code     0  libinit2.o(.ARM.Collect$$libinit$$00000027)
    __rt_lib_init_user_alloc_1               0x0800026b   Thumb Code     0  libinit2.o(.ARM.Collect$$libinit$$0000000E)
    __rt_lib_shutdown                        0x0800026d   Thumb Code     0  libshutdown.o(.ARM.Collect$$libshutdown$$00000000)
    __rt_lib_shutdown_cpp_1                  0x0800026f   Thumb Code     0  libshutdown2.o(.ARM.Collect$$libshutdown$$00000002)
    __rt_lib_shutdown_fp_trap_1              0x0800026f   Thumb Code     0  libshutdown2.o(.ARM.Collect$$libshutdown$$00000007)
    __rt_lib_shutdown_heap_1                 0x0800026f   Thumb Code     0  libshutdown2.o(.ARM.Collect$$libshutdown$$0000000F)
    __rt_lib_shutdown_return                 0x0800026f   Thumb Code     0  libshutdown2.o(.ARM.Collect$$libshutdown$$00000010)
    __rt_lib_shutdown_signal_1               0x0800026f   Thumb Code     0  libshutdown2.o(.ARM.Collect$$libshutdown$$0000000A)
    __rt_lib_shutdown_stdio_1                0x0800026f   Thumb Code     0  libshutdown2.o(.ARM.Collect$$libshutdown$$00000004)
    __rt_lib_shutdown_user_alloc_1           0x0800026f   Thumb Code     0  libshutdown2.o(.ARM.Collect$$libshutdown$$0000000C)
    __rt_entry                               0x08000271   Thumb Code     0  __rtentry.o(.ARM.Collect$$rtentry$$00000000)
    __rt_entry_presh_1                       0x08000271   Thumb Code     0  __rtentry2.o(.ARM.Collect$$rtentry$$00000002)
    __rt_entry_sh                            0x08000271   Thumb Code     0  __rtentry4.o(.ARM.Collect$$rtentry$$00000004)
    __rt_entry_postsh_1                      0x08000277   Thumb Code     0  __rtentry2.o(.ARM.Collect$$rtentry$$00000008)
    __rt_entry_li                            0x0800027f   Thumb Code     0  __rtentry2.o(.ARM.Collect$$rtentry$$0000000A)
    __rt_entry_main                          0x08000283   Thumb Code     0  __rtentry2.o(.ARM.Collect$$rtentry$$0000000D)
    __rt_entry_postli_1                      0x08000283   Thumb Code     0  __rtentry2.o(.ARM.Collect$$rtentry$$0000000C)
    __rt_exit                                0x0800028b   Thumb Code     0  rtexit.o(.ARM.Collect$$rtexit$$00000000)
    __rt_exit_ls                             0x0800028d   Thumb Code     0  rtexit2.o(.ARM.Collect$$rtexit$$00000003)
    __rt_exit_prels_1                        0x0800028d   Thumb Code     0  rtexit2.o(.ARM.Collect$$rtexit$$00000002)
    __rt_exit_exit                           0x08000291   Thumb Code     0  rtexit2.o(.ARM.Collect$$rtexit$$00000004)
    SVC_Handler                              0x08000299   Thumb Code   208  irq_armv7m.o(.text)
    PendSV_Handler                           0x08000369   Thumb Code    16  irq_armv7m.o(.text)
    SysTick_Handler                          0x08000379   Thumb Code    16  irq_armv7m.o(.text)
    Reset_Handler                            0x08000399   Thumb Code     8  startup_stm32f446xx.o(.text)
    NMI_Handler                              0x080003a1   Thumb Code     2  startup_stm32f446xx.o(.text)
    HardFault_Handler                        0x080003a3   Thumb Code     2  startup_stm32f446xx.o(.text)
    MemManage_Handler                        0x080003a5   Thumb Code     2  startup_stm32f446xx.o(.text)
    BusFault_Handler                         0x080003a7   Thumb Code     2  startup_stm32f446xx.o(.text)
    UsageFault_Handler                       0x080003a9   Thumb Code     2  startup_stm32f446xx.o(.text)
    DebugMon_Handler                         0x080003ad   Thumb Code     2  startup_stm32f446xx.o(.text)
    ADC_IRQHandler                           0x080003b3   Thumb Code     0  startup_stm32f446xx.o(.text)
    CAN1_RX0_IRQHandler                      0x080003b3   Thumb Code     0  startup_stm32f446xx.o(.text)
    CAN1_RX1_IRQHandler                      0x080003b3   Thumb Code     0  startup_stm32f446xx.o(.text)
    CAN1_SCE_IRQHandler                      0x080003b3   Thumb Code     0  startup_stm32f446xx.o(.text)
    CAN1_TX_IRQHandler                       0x080003b3   Thumb Code     0  startup_stm32f446xx.o(.text)
    CAN2_RX0_IRQHandler                      0x080003b3   Thumb Code     0  startup_stm32f446xx.o(.text)
    CAN2_RX1_IRQHandler                      0x080003b3   Thumb Code     0  startup_stm32f446xx.o(.text)
    CAN2_SCE_IRQHandler                      0x080003b3   Thumb Code     0  startup_stm32f446xx.o(.text)
    CAN2_TX_IRQHandler                       0x080003b3   Thumb Code     0  startup_stm32f446xx.o(.text)
    CEC_IRQHandler                           0x080003b3   Thumb Code     0  startup_stm32f446xx.o(.text)
    DCMI_IRQHandler                          0x080003b3   Thumb Code     0  startup_stm32f446xx.o(.text)
    DMA1_Stream0_IRQHandler                  0x080003b3   Thumb Code     0  startup_stm32f446xx.o(.text)
    DMA1_Stream1_IRQHandler                  0x080003b3   Thumb Code     0  startup_stm32f446xx.o(.text)
    DMA1_Stream2_IRQHandler                  0x080003b3   Thumb Code     0  startup_stm32f446xx.o(.text)
    DMA1_Stream3_IRQHandler                  0x080003b3   Thumb Code     0  startup_stm32f446xx.o(.text)
    DMA1_Stream4_IRQHandler                  0x080003b3   Thumb Code     0  startup_stm32f446xx.o(.text)
    DMA1_Stream5_IRQHandler                  0x080003b3   Thumb Code     0  startup_stm32f446xx.o(.text)
    DMA1_Stream7_IRQHandler                  0x080003b3   Thumb Code     0  startup_stm32f446xx.o(.text)
    DMA2_Stream0_IRQHandler                  0x080003b3   Thumb Code     0  startup_stm32f446xx.o(.text)
    DMA2_Stream1_IRQHandler                  0x080003b3   Thumb Code     0  startup_stm32f446xx.o(.text)
    DMA2_Stream2_IRQHandler                  0x080003b3   Thumb Code     0  startup_stm32f446xx.o(.text)
    DMA2_Stream3_IRQHandler                  0x080003b3   Thumb Code     0  startup_stm32f446xx.o(.text)
    DMA2_Stream4_IRQHandler                  0x080003b3   Thumb Code     0  startup_stm32f446xx.o(.text)
    DMA2_Stream5_IRQHandler                  0x080003b3   Thumb Code     0  startup_stm32f446xx.o(.text)
    DMA2_Stream6_IRQHandler                  0x080003b3   Thumb Code     0  startup_stm32f446xx.o(.text)
    DMA2_Stream7_IRQHandler                  0x080003b3   Thumb Code     0  startup_stm32f446xx.o(.text)
    EXTI0_IRQHandler                         0x080003b3   Thumb Code     0  startup_stm32f446xx.o(.text)
    EXTI15_10_IRQHandler                     0x080003b3   Thumb Code     0  startup_stm32f446xx.o(.text)
    EXTI1_IRQHandler                         0x080003b3   Thumb Code     0  startup_stm32f446xx.o(.text)
    EXTI2_IRQHandler                         0x080003b3   Thumb Code     0  startup_stm32f446xx.o(.text)
    EXTI3_IRQHandler                         0x080003b3   Thumb Code     0  startup_stm32f446xx.o(.text)
    EXTI4_IRQHandler                         0x080003b3   Thumb Code     0  startup_stm32f446xx.o(.text)
    EXTI9_5_IRQHandler                       0x080003b3   Thumb Code     0  startup_stm32f446xx.o(.text)
    FLASH_IRQHandler                         0x080003b3   Thumb Code     0  startup_stm32f446xx.o(.text)
    FMC_IRQHandler                           0x080003b3   Thumb Code     0  startup_stm32f446xx.o(.text)
    FMPI2C1_ER_IRQHandler                    0x080003b3   Thumb Code     0  startup_stm32f446xx.o(.text)
    FMPI2C1_EV_IRQHandler                    0x080003b3   Thumb Code     0  startup_stm32f446xx.o(.text)
    FPU_IRQHandler                           0x080003b3   Thumb Code     0  startup_stm32f446xx.o(.text)
    I2C1_ER_IRQHandler                       0x080003b3   Thumb Code     0  startup_stm32f446xx.o(.text)
    I2C1_EV_IRQHandler                       0x080003b3   Thumb Code     0  startup_stm32f446xx.o(.text)
    I2C2_ER_IRQHandler                       0x080003b3   Thumb Code     0  startup_stm32f446xx.o(.text)
    I2C2_EV_IRQHandler                       0x080003b3   Thumb Code     0  startup_stm32f446xx.o(.text)
    I2C3_ER_IRQHandler                       0x080003b3   Thumb Code     0  startup_stm32f446xx.o(.text)
    I2C3_EV_IRQHandler                       0x080003b3   Thumb Code     0  startup_stm32f446xx.o(.text)
    OTG_FS_IRQHandler                        0x080003b3   Thumb Code     0  startup_stm32f446xx.o(.text)
    OTG_FS_WKUP_IRQHandler                   0x080003b3   Thumb Code     0  startup_stm32f446xx.o(.text)
    OTG_HS_EP1_IN_IRQHandler                 0x080003b3   Thumb Code     0  startup_stm32f446xx.o(.text)
    OTG_HS_EP1_OUT_IRQHandler                0x080003b3   Thumb Code     0  startup_stm32f446xx.o(.text)
    OTG_HS_IRQHandler                        0x080003b3   Thumb Code     0  startup_stm32f446xx.o(.text)
    OTG_HS_WKUP_IRQHandler                   0x080003b3   Thumb Code     0  startup_stm32f446xx.o(.text)
    PVD_IRQHandler                           0x080003b3   Thumb Code     0  startup_stm32f446xx.o(.text)
    QUADSPI_IRQHandler                       0x080003b3   Thumb Code     0  startup_stm32f446xx.o(.text)
    RCC_IRQHandler                           0x080003b3   Thumb Code     0  startup_stm32f446xx.o(.text)
    RTC_Alarm_IRQHandler                     0x080003b3   Thumb Code     0  startup_stm32f446xx.o(.text)
    RTC_WKUP_IRQHandler                      0x080003b3   Thumb Code     0  startup_stm32f446xx.o(.text)
    SAI1_IRQHandler                          0x080003b3   Thumb Code     0  startup_stm32f446xx.o(.text)
    SAI2_IRQHandler                          0x080003b3   Thumb Code     0  startup_stm32f446xx.o(.text)
    SDIO_IRQHandler                          0x080003b3   Thumb Code     0  startup_stm32f446xx.o(.text)
    SPDIF_RX_IRQHandler                      0x080003b3   Thumb Code     0  startup_stm32f446xx.o(.text)
    SPI1_IRQHandler                          0x080003b3   Thumb Code     0  startup_stm32f446xx.o(.text)
    SPI2_IRQHandler                          0x080003b3   Thumb Code     0  startup_stm32f446xx.o(.text)
    SPI3_IRQHandler                          0x080003b3   Thumb Code     0  startup_stm32f446xx.o(.text)
    SPI4_IRQHandler                          0x080003b3   Thumb Code     0  startup_stm32f446xx.o(.text)
    TAMP_STAMP_IRQHandler                    0x080003b3   Thumb Code     0  startup_stm32f446xx.o(.text)
    TIM1_BRK_TIM9_IRQHandler                 0x080003b3   Thumb Code     0  startup_stm32f446xx.o(.text)
    TIM1_CC_IRQHandler                       0x080003b3   Thumb Code     0  startup_stm32f446xx.o(.text)
    TIM1_TRG_COM_TIM11_IRQHandler            0x080003b3   Thumb Code     0  startup_stm32f446xx.o(.text)
    TIM1_UP_TIM10_IRQHandler                 0x080003b3   Thumb Code     0  startup_stm32f446xx.o(.text)
    TIM2_IRQHandler                          0x080003b3   Thumb Code     0  startup_stm32f446xx.o(.text)
    TIM3_IRQHandler                          0x080003b3   Thumb Code     0  startup_stm32f446xx.o(.text)
    TIM4_IRQHandler                          0x080003b3   Thumb Code     0  startup_stm32f446xx.o(.text)
    TIM5_IRQHandler                          0x080003b3   Thumb Code     0  startup_stm32f446xx.o(.text)
    TIM6_DAC_IRQHandler                      0x080003b3   Thumb Code     0  startup_stm32f446xx.o(.text)
    TIM7_IRQHandler                          0x080003b3   Thumb Code     0  startup_stm32f446xx.o(.text)
    TIM8_BRK_TIM12_IRQHandler                0x080003b3   Thumb Code     0  startup_stm32f446xx.o(.text)
    TIM8_CC_IRQHandler                       0x080003b3   Thumb Code     0  startup_stm32f446xx.o(.text)
    TIM8_TRG_COM_TIM14_IRQHandler            0x080003b3   Thumb Code     0  startup_stm32f446xx.o(.text)
    TIM8_UP_TIM13_IRQHandler                 0x080003b3   Thumb Code     0  startup_stm32f446xx.o(.text)
    UART4_IRQHandler                         0x080003b3   Thumb Code     0  startup_stm32f446xx.o(.text)
    UART5_IRQHandler                         0x080003b3   Thumb Code     0  startup_stm32f446xx.o(.text)
    USART1_IRQHandler                        0x080003b3   Thumb Code     0  startup_stm32f446xx.o(.text)
    USART2_IRQHandler                        0x080003b3   Thumb Code     0  startup_stm32f446xx.o(.text)
    USART3_IRQHandler                        0x080003b3   Thumb Code     0  startup_stm32f446xx.o(.text)
    USART6_IRQHandler                        0x080003b3   Thumb Code     0  startup_stm32f446xx.o(.text)
    WWDG_IRQHandler                          0x080003b3   Thumb Code     0  startup_stm32f446xx.o(.text)
    __user_initial_stackheap                 0x080003b5   Thumb Code     0  startup_stm32f446xx.o(.text)
    __aeabi_memcpy                           0x080003d9   Thumb Code     0  rt_memcpy_v6.o(.text)
    __rt_memcpy                              0x080003d9   Thumb Code   138  rt_memcpy_v6.o(.text)
    _memcpy_lastbytes                        0x0800043f   Thumb Code     0  rt_memcpy_v6.o(.text)
    __aeabi_memclr                           0x08000463   Thumb Code     0  rt_memclr.o(.text)
    __rt_memclr                              0x08000463   Thumb Code     0  rt_memclr.o(.text)
    _memset                                  0x08000467   Thumb Code    64  rt_memclr.o(.text)
    __aeabi_memclr4                          0x080004a7   Thumb Code     0  rt_memclr_w.o(.text)
    __aeabi_memclr8                          0x080004a7   Thumb Code     0  rt_memclr_w.o(.text)
    __rt_memclr_w                            0x080004a7   Thumb Code     0  rt_memclr_w.o(.text)
    _memset_w                                0x080004ab   Thumb Code    74  rt_memclr_w.o(.text)
    __use_two_region_memory                  0x080004f5   Thumb Code     2  heapauxi.o(.text)
    __rt_heap_escrow$2region                 0x080004f7   Thumb Code     2  heapauxi.o(.text)
    __rt_heap_expand$2region                 0x080004f9   Thumb Code     2  heapauxi.o(.text)
    __aeabi_memcpy4                          0x080004fb   Thumb Code     0  rt_memcpy_w.o(.text)
    __aeabi_memcpy8                          0x080004fb   Thumb Code     0  rt_memcpy_w.o(.text)
    __rt_memcpy_w                            0x080004fb   Thumb Code   100  rt_memcpy_w.o(.text)
    _memcpy_lastbytes_aligned                0x08000543   Thumb Code     0  rt_memcpy_w.o(.text)
    __user_setup_stackheap                   0x0800055f   Thumb Code    74  sys_stackheap_outer.o(.text)
    exit                                     0x080005a9   Thumb Code    18  exit.o(.text)
    __user_libspace                          0x080005bd   Thumb Code     8  libspace.o(.text)
    __user_perproc_libspace                  0x080005bd   Thumb Code     0  libspace.o(.text)
    _sys_exit                                0x080005c5   Thumb Code     8  sys_exit.o(.text)
    __I$use$semihosting                      0x080005d1   Thumb Code     0  use_no_semi.o(.text)
    __use_no_semihosting_swi                 0x080005d1   Thumb Code     2  use_no_semi.o(.text)
    __semihosting_library_function           0x080005d3   Thumb Code     0  indicate_semi.o(.text)
    _fp_init                                 0x080005d5   Thumb Code    22  rtx_lib.o(.text.$Sub$$_fp_init)
    DMA1_Stream6_IRQHandler                  0x080005ed   Thumb Code   164  main.o(.text.DMA1_Stream6_IRQHandler)
    EventRecord2                             0x080007c5   Thumb Code    90  eventrecorder.o(.text.EventRecord2)
    EventRecord4                             0x08000821   Thumb Code   150  eventrecorder.o(.text.EventRecord4)
    EventRecorderEnable                      0x080009a9   Thumb Code   146  eventrecorder.o(.text.EventRecorderEnable)
    EventRecorderInitialize                  0x08000a3d   Thumb Code   486  eventrecorder.o(.text.EventRecorderInitialize)
    EventRecorderStart                       0x08000c25   Thumb Code    74  eventrecorder.o(.text.EventRecorderStart)
    EventRecorderTimerGetCount               0x08000c71   Thumb Code    32  eventrecorder.o(.text.EventRecorderTimerGetCount)
    EventRecorderTimerSetup                  0x08000c91   Thumb Code    16  eventrecorder.o(.text.EventRecorderTimerSetup)
    EvrRtxDelay                              0x08000ca1   Thumb Code    26  rtx_evr.o(.text.EvrRtxDelay)
    EvrRtxDelayCompleted                     0x08000cbd   Thumb Code    26  rtx_evr.o(.text.EvrRtxDelayCompleted)
    EvrRtxDelayError                         0x08000cd9   Thumb Code    22  rtx_evr.o(.text.EvrRtxDelayError)
    EvrRtxDelayStarted                       0x08000cf1   Thumb Code    26  rtx_evr.o(.text.EvrRtxDelayStarted)
    EvrRtxEventFlagsWaitTimeout              0x08000d0d   Thumb Code    26  rtx_evr.o(.text.EvrRtxEventFlagsWaitTimeout)
    EvrRtxKernelError                        0x08000d29   Thumb Code    22  rtx_evr.o(.text.EvrRtxKernelError)
    EvrRtxKernelErrorNotify                  0x08000d41   Thumb Code    24  rtx_evr.o(.text.EvrRtxKernelErrorNotify)
    EvrRtxKernelInitialize                   0x08000d59   Thumb Code    20  rtx_evr.o(.text.EvrRtxKernelInitialize)
    EvrRtxKernelInitialized                  0x08000d6d   Thumb Code    20  rtx_evr.o(.text.EvrRtxKernelInitialized)
    EvrRtxKernelStart                        0x08000d81   Thumb Code    20  rtx_evr.o(.text.EvrRtxKernelStart)
    EvrRtxKernelStarted                      0x08000d95   Thumb Code    20  rtx_evr.o(.text.EvrRtxKernelStarted)
    EvrRtxMemoryAlloc                        0x08000da9   Thumb Code    42  rtx_evr.o(.text.EvrRtxMemoryAlloc)
    EvrRtxMemoryBlockAlloc                   0x08000dd5   Thumb Code    28  rtx_evr.o(.text.EvrRtxMemoryBlockAlloc)
    EvrRtxMemoryBlockFree                    0x08000df1   Thumb Code    40  rtx_evr.o(.text.EvrRtxMemoryBlockFree)
    EvrRtxMemoryBlockInit                    0x08000e19   Thumb Code    42  rtx_evr.o(.text.EvrRtxMemoryBlockInit)
    EvrRtxMemoryFree                         0x08000e45   Thumb Code    40  rtx_evr.o(.text.EvrRtxMemoryFree)
    EvrRtxMemoryInit                         0x08000e6d   Thumb Code    36  rtx_evr.o(.text.EvrRtxMemoryInit)
    EvrRtxMemoryPoolAllocTimeout             0x08000e91   Thumb Code    26  rtx_evr.o(.text.EvrRtxMemoryPoolAllocTimeout)
    EvrRtxMessageQueueCreated                0x08000ead   Thumb Code    28  rtx_evr.o(.text.EvrRtxMessageQueueCreated)
    EvrRtxMessageQueueError                  0x08000ec9   Thumb Code    24  rtx_evr.o(.text.EvrRtxMessageQueueError)
    EvrRtxMessageQueueGet                    0x08000ee1   Thumb Code    42  rtx_evr.o(.text.EvrRtxMessageQueueGet)
    EvrRtxMessageQueueGetPending             0x08000f0d   Thumb Code    40  rtx_evr.o(.text.EvrRtxMessageQueueGetPending)
    EvrRtxMessageQueueGetTimeout             0x08000f35   Thumb Code    26  rtx_evr.o(.text.EvrRtxMessageQueueGetTimeout)
    EvrRtxMessageQueueInsertPending          0x08000f51   Thumb Code    28  rtx_evr.o(.text.EvrRtxMessageQueueInsertPending)
    EvrRtxMessageQueueInserted               0x08000f6d   Thumb Code    28  rtx_evr.o(.text.EvrRtxMessageQueueInserted)
    EvrRtxMessageQueueNew                    0x08000f89   Thumb Code    40  rtx_evr.o(.text.EvrRtxMessageQueueNew)
    EvrRtxMessageQueueNotInserted            0x08000fb1   Thumb Code    28  rtx_evr.o(.text.EvrRtxMessageQueueNotInserted)
    EvrRtxMessageQueueNotRetrieved           0x08000fcd   Thumb Code    28  rtx_evr.o(.text.EvrRtxMessageQueueNotRetrieved)
    EvrRtxMessageQueuePut                    0x08000fe9   Thumb Code    46  rtx_evr.o(.text.EvrRtxMessageQueuePut)
    EvrRtxMessageQueuePutPending             0x08001019   Thumb Code    40  rtx_evr.o(.text.EvrRtxMessageQueuePutPending)
    EvrRtxMessageQueuePutTimeout             0x08001041   Thumb Code    26  rtx_evr.o(.text.EvrRtxMessageQueuePutTimeout)
    EvrRtxMessageQueueRetrieved              0x0800105d   Thumb Code    28  rtx_evr.o(.text.EvrRtxMessageQueueRetrieved)
    EvrRtxMutexAcquire                       0x08001079   Thumb Code    28  rtx_evr.o(.text.EvrRtxMutexAcquire)
    EvrRtxMutexAcquirePending                0x08001095   Thumb Code    28  rtx_evr.o(.text.EvrRtxMutexAcquirePending)
    EvrRtxMutexAcquireTimeout                0x080010b1   Thumb Code    26  rtx_evr.o(.text.EvrRtxMutexAcquireTimeout)
    EvrRtxMutexAcquired                      0x080010cd   Thumb Code    28  rtx_evr.o(.text.EvrRtxMutexAcquired)
    EvrRtxMutexCreated                       0x080010e9   Thumb Code    28  rtx_evr.o(.text.EvrRtxMutexCreated)
    EvrRtxMutexDelete                        0x08001105   Thumb Code    26  rtx_evr.o(.text.EvrRtxMutexDelete)
    EvrRtxMutexDestroyed                     0x08001121   Thumb Code    26  rtx_evr.o(.text.EvrRtxMutexDestroyed)
    EvrRtxMutexError                         0x0800113d   Thumb Code    24  rtx_evr.o(.text.EvrRtxMutexError)
    EvrRtxMutexNew                           0x08001155   Thumb Code    26  rtx_evr.o(.text.EvrRtxMutexNew)
    EvrRtxMutexNotAcquired                   0x08001171   Thumb Code    26  rtx_evr.o(.text.EvrRtxMutexNotAcquired)
    EvrRtxMutexRelease                       0x0800118d   Thumb Code    26  rtx_evr.o(.text.EvrRtxMutexRelease)
    EvrRtxMutexReleased                      0x080011a9   Thumb Code    28  rtx_evr.o(.text.EvrRtxMutexReleased)
    EvrRtxSemaphoreAcquire                   0x080011c5   Thumb Code    28  rtx_evr.o(.text.EvrRtxSemaphoreAcquire)
    EvrRtxSemaphoreAcquirePending            0x080011e1   Thumb Code    28  rtx_evr.o(.text.EvrRtxSemaphoreAcquirePending)
    EvrRtxSemaphoreAcquireTimeout            0x080011fd   Thumb Code    26  rtx_evr.o(.text.EvrRtxSemaphoreAcquireTimeout)
    EvrRtxSemaphoreAcquired                  0x08001219   Thumb Code    28  rtx_evr.o(.text.EvrRtxSemaphoreAcquired)
    EvrRtxSemaphoreCreated                   0x08001235   Thumb Code    28  rtx_evr.o(.text.EvrRtxSemaphoreCreated)
    EvrRtxSemaphoreError                     0x08001251   Thumb Code    24  rtx_evr.o(.text.EvrRtxSemaphoreError)
    EvrRtxSemaphoreNew                       0x08001269   Thumb Code    40  rtx_evr.o(.text.EvrRtxSemaphoreNew)
    EvrRtxSemaphoreNotAcquired               0x08001291   Thumb Code    26  rtx_evr.o(.text.EvrRtxSemaphoreNotAcquired)
    EvrRtxSemaphoreRelease                   0x080012ad   Thumb Code    26  rtx_evr.o(.text.EvrRtxSemaphoreRelease)
    EvrRtxSemaphoreReleased                  0x080012c9   Thumb Code    28  rtx_evr.o(.text.EvrRtxSemaphoreReleased)
    EvrRtxThreadBlocked                      0x080012e5   Thumb Code    28  rtx_evr.o(.text.EvrRtxThreadBlocked)
    EvrRtxThreadCreated                      0x08001301   Thumb Code    56  rtx_evr.o(.text.EvrRtxThreadCreated)
    EvrRtxThreadDestroyed                    0x08001339   Thumb Code    26  rtx_evr.o(.text.EvrRtxThreadDestroyed)
    EvrRtxThreadError                        0x08001355   Thumb Code    24  rtx_evr.o(.text.EvrRtxThreadError)
    EvrRtxThreadExit                         0x0800136d   Thumb Code    20  rtx_evr.o(.text.EvrRtxThreadExit)
    EvrRtxThreadFlagsWaitCompleted           0x08001381   Thumb Code    42  rtx_evr.o(.text.EvrRtxThreadFlagsWaitCompleted)
    EvrRtxThreadFlagsWaitTimeout             0x080013ad   Thumb Code    26  rtx_evr.o(.text.EvrRtxThreadFlagsWaitTimeout)
    EvrRtxThreadJoined                       0x080013c9   Thumb Code    26  rtx_evr.o(.text.EvrRtxThreadJoined)
    EvrRtxThreadNew                          0x080013e5   Thumb Code    40  rtx_evr.o(.text.EvrRtxThreadNew)
    EvrRtxThreadPreempted                    0x0800140d   Thumb Code    26  rtx_evr.o(.text.EvrRtxThreadPreempted)
    EvrRtxThreadSwitched                     0x08001429   Thumb Code    26  rtx_evr.o(.text.EvrRtxThreadSwitched)
    EvrRtxThreadUnblocked                    0x08001445   Thumb Code    28  rtx_evr.o(.text.EvrRtxThreadUnblocked)
    EvrRtxTimerCallback                      0x08001461   Thumb Code    28  rtx_evr.o(.text.EvrRtxTimerCallback)
    OS_Tick_AcknowledgeIRQ                   0x0800193d   Thumb Code    12  os_systick.o(.text.OS_Tick_AcknowledgeIRQ)
    OS_Tick_Enable                           0x08001949   Thumb Code    60  os_systick.o(.text.OS_Tick_Enable)
    OS_Tick_GetCount                         0x08001985   Thumb Code    52  os_systick.o(.text.OS_Tick_GetCount)
    OS_Tick_GetIRQn                          0x080019b9   Thumb Code     6  os_systick.o(.text.OS_Tick_GetIRQn)
    OS_Tick_GetInterval                      0x080019c1   Thumb Code    14  os_systick.o(.text.OS_Tick_GetInterval)
    OS_Tick_GetOverflow                      0x080019d1   Thumb Code    16  os_systick.o(.text.OS_Tick_GetOverflow)
    OS_Tick_Setup                            0x080019e1   Thumb Code   126  os_systick.o(.text.OS_Tick_Setup)
    SystemCoreClockUpdate                    0x08001b99   Thumb Code   302  system_stm32f4xx.o(.text.SystemCoreClockUpdate)
    SystemInit                               0x08001cc9   Thumb Code    18  system_stm32f4xx.o(.text.SystemInit)
    TaskA                                    0x08001cdd   Thumb Code    62  main.o(.text.TaskA)
    TaskB                                    0x08001d1d   Thumb Code    62  main.o(.text.TaskB)
    TaskUartTx                               0x08001d5d   Thumb Code    62  main.o(.text.TaskUartTx)
    _mutex_acquire                           0x0800207d   Thumb Code    32  rtx_lib.o(.text._mutex_acquire)
    _mutex_free                              0x0800209d   Thumb Code    18  rtx_lib.o(.text._mutex_free)
    _mutex_initialize                        0x080020b1   Thumb Code    50  rtx_lib.o(.text._mutex_initialize)
    _mutex_release                           0x080020e5   Thumb Code    28  rtx_lib.o(.text._mutex_release)
    _platform_post_stackheap_init            0x08002101   Thumb Code     8  rtx_lib.o(.text._platform_post_stackheap_init)
    main                                     0x08002801   Thumb Code   142  main.o(.text.main)
    osDelay                                  0x08002891   Thumb Code    84  rtx_delay.o(.text.osDelay)
    osKernelGetState                         0x080028e5   Thumb Code    66  rtx_kernel.o(.text.osKernelGetState)
    osKernelGetSysTimerCount                 0x08002929   Thumb Code    58  rtx_kernel.o(.text.osKernelGetSysTimerCount)
    osKernelInitialize                       0x08002965   Thumb Code    74  rtx_kernel.o(.text.osKernelInitialize)
    osKernelStart                            0x080029b1   Thumb Code    70  rtx_kernel.o(.text.osKernelStart)
    osMessageQueueGet                        0x080029f9   Thumb Code   126  rtx_msgqueue.o(.text.osMessageQueueGet)
    osMessageQueueNew                        0x08002a79   Thumb Code   114  rtx_msgqueue.o(.text.osMessageQueueNew)
    osMessageQueuePut                        0x08002aed   Thumb Code   138  rtx_msgqueue.o(.text.osMessageQueuePut)
    osMutexAcquire                           0x08002b79   Thumb Code   100  rtx_mutex.o(.text.osMutexAcquire)
    osMutexDelete                            0x08002bdd   Thumb Code    86  rtx_mutex.o(.text.osMutexDelete)
    osMutexNew                               0x08002c35   Thumb Code    86  rtx_mutex.o(.text.osMutexNew)
    osMutexRelease                           0x08002c8d   Thumb Code    86  rtx_mutex.o(.text.osMutexRelease)
    osRtxErrorNotify                         0x08002ce5   Thumb Code    48  rtx_config.o(.text.osRtxErrorNotify)
    osRtxIdleThread                          0x08002d21   Thumb Code     8  rtx_config.o(.text.osRtxIdleThread)
    osRtxKernelBeforeInit                    0x08002d29   Thumb Code     2  rtx_kernel.o(.text.osRtxKernelBeforeInit)
    osRtxKernelErrorNotify                   0x08002d2d   Thumb Code    28  rtx_kernel.o(.text.osRtxKernelErrorNotify)
    osRtxMemoryAlloc                         0x08002d6d   Thumb Code   332  rtx_memory.o(.text.osRtxMemoryAlloc)
    osRtxMemoryFree                          0x08002eb9   Thumb Code   194  rtx_memory.o(.text.osRtxMemoryFree)
    osRtxMemoryInit                          0x08002f7d   Thumb Code   150  rtx_memory.o(.text.osRtxMemoryInit)
    osRtxMemoryPoolAlloc                     0x08003015   Thumb Code    74  rtx_mempool.o(.text.osRtxMemoryPoolAlloc)
    osRtxMemoryPoolFree                      0x08003061   Thumb Code   100  rtx_mempool.o(.text.osRtxMemoryPoolFree)
    osRtxMemoryPoolInit                      0x080030c5   Thumb Code   152  rtx_mempool.o(.text.osRtxMemoryPoolInit)
    osRtxMessageQueueTimerSetup              0x080032c5   Thumb Code    62  rtx_msgqueue.o(.text.osRtxMessageQueueTimerSetup)
    osRtxMutexOwnerRelease                   0x08003379   Thumb Code   152  rtx_mutex.o(.text.osRtxMutexOwnerRelease)
    osRtxMutexOwnerRestore                   0x08003411   Thumb Code   172  rtx_mutex.o(.text.osRtxMutexOwnerRestore)
    osRtxPendSV_Handler                      0x080035f5   Thumb Code   184  rtx_system.o(.text.osRtxPendSV_Handler)
    osRtxPostProcess                         0x080036ad   Thumb Code    66  rtx_system.o(.text.osRtxPostProcess)
    osRtxThreadBeforeFree                    0x08003749   Thumb Code    16  rtx_lib.o(.text.osRtxThreadBeforeFree)
    osRtxThreadDelayRemove                   0x080038dd   Thumb Code   156  rtx_thread.o(.text.osRtxThreadDelayRemove)
    osRtxThreadDelayTick                     0x08003979   Thumb Code   336  rtx_thread.o(.text.osRtxThreadDelayTick)
    osRtxThreadDestroy                       0x08003ac9   Thumb Code    96  rtx_thread.o(.text.osRtxThreadDestroy)
    osRtxThreadDispatch                      0x08003b29   Thumb Code   150  rtx_thread.o(.text.osRtxThreadDispatch)
    osRtxThreadJoinWakeup                    0x08003cad   Thumb Code    60  rtx_thread.o(.text.osRtxThreadJoinWakeup)
    osRtxThreadListGet                       0x08003ce9   Thumb Code    54  rtx_thread.o(.text.osRtxThreadListGet)
    osRtxThreadListPut                       0x08003d21   Thumb Code   118  rtx_thread.o(.text.osRtxThreadListPut)
    osRtxThreadListRemove                    0x08003d99   Thumb Code    50  rtx_thread.o(.text.osRtxThreadListRemove)
    osRtxThreadListSort                      0x08003df1   Thumb Code    88  rtx_thread.o(.text.osRtxThreadListSort)
    osRtxThreadReadyPut                      0x08003ea5   Thumb Code    32  rtx_thread.o(.text.osRtxThreadReadyPut)
    osRtxThreadRegPtr                        0x08003ec5   Thumb Code    34  rtx_thread.o(.text.osRtxThreadRegPtr)
    osRtxThreadStackCheck                    0x08003f11   Thumb Code    60  rtx_thread.o(.text.osRtxThreadStackCheck)
    osRtxThreadStartup                       0x08003f4d   Thumb Code   150  rtx_thread.o(.text.osRtxThreadStartup)
    osRtxThreadSwitch                        0x08003fe5   Thumb Code    46  rtx_thread.o(.text.osRtxThreadSwitch)
    osRtxThreadWaitEnter                     0x08004015   Thumb Code   118  rtx_thread.o(.text.osRtxThreadWaitEnter)
    osRtxThreadWaitExit                      0x0800408d   Thumb Code    70  rtx_thread.o(.text.osRtxThreadWaitExit)
    osRtxTick_Handler                        0x080040d5   Thumb Code   272  rtx_system.o(.text.osRtxTick_Handler)
    osRtxTimerSetup                          0x080041e5   Thumb Code    48  rtx_timer.o(.text.osRtxTimerSetup)
    osRtxTimerThread                         0x08004215   Thumb Code    50  rtx_timer.o(.text.osRtxTimerThread)
    osSemaphoreAcquire                       0x08004325   Thumb Code    94  rtx_semaphore.o(.text.osSemaphoreAcquire)
    osSemaphoreNew                           0x08004385   Thumb Code   114  rtx_semaphore.o(.text.osSemaphoreNew)
    osSemaphoreRelease                       0x080043f9   Thumb Code    78  rtx_semaphore.o(.text.osSemaphoreRelease)
    osThreadExit                             0x08004459   Thumb Code    36  rtx_thread.o(.text.osThreadExit)
    osThreadNew                              0x0800447d   Thumb Code   114  rtx_thread.o(.text.osThreadNew)
    $Super$$_fp_init                         0x08005b93   Thumb Code    26  fpinit.o(x$fpl$fpinit)
    __fplib_config_fpu_vfp                   0x08005bab   Thumb Code     0  fpinit.o(x$fpl$fpinit)
    __fplib_config_pureend_doubles           0x08005bab   Thumb Code     0  fpinit.o(x$fpl$fpinit)
    osRtxConfig                              0x08005bac   Data         112  rtx_lib.o(.rodata)
    os_cb_sections                           0x08005c1c   Data          56  rtx_lib.o(.rodata)
    AHBPrescTable                            0x08005c54   Data          16  system_stm32f4xx.o(.rodata.AHBPrescTable)
    EventRecorderInfo                        0x08005c64   Data          24  eventrecorder.o(.rodata.EventRecorderInfo)
    osRtxUserSVC                             0x08005c7c   Data           4  rtx_lib.o(.rodata.osRtxUserSVC)
    Region$$Table$$Base                      0x08005cec   Number         0  anon$$obj.o(Region$$Table)
    Region$$Table$$Limit                     0x08005d0c   Number         0  anon$$obj.o(Region$$Table)
    SystemCoreClock                          0x20000000   Data           4  system_stm32f4xx.o(.data.SystemCoreClock)
    osRtxInfo                                0x20000004   Data         164  rtx_kernel.o(.data.os)
    __libspace_start                         0x200000c0   Data          96  libspace.o(.bss)
    __temporary_stack_top$libspace           0x20000120   Data           0  libspace.o(.bss)
    .bss.os.msgqueue.cb$$Base                0x2000881c   Number         0  rtx_lib.o(.bss.os.msgqueue.cb)
    .bss.os.msgqueue.cb$$Limit               0x20008850   Number         0  rtx_lib.o(.bss.os.msgqueue.cb)
    .bss.os.thread.cb$$Base                  0x200088a0   Number         0  rtx_lib.o(.bss.os.thread.cb)
    .bss.os.thread.cb$$Limit                 0x20008940   Number         0  rtx_lib.o(.bss.os.thread.cb)
    qUartTx                                  0x20008d44   Data           4  main.o(.bss.qUartTx)
    semTxDone                                0x20008d48   Data           4  main.o(.bss.semTxDone)



==============================================================================

Memory Map of the image

  Image Entry point : 0x08000399

  Load Region LR_1 (Base: 0x08000000, Size: 0x00005db4, Max: 0xffffffff, ABSOLUTE)

    Execution Region ER_RO (Exec base: 0x08000000, Load base: 0x08000000, Size: 0x00005d0c, Max: 0xffffffff, ABSOLUTE)

    Exec Addr    Load Addr    Size         Type   Attr      Idx    E Section Name        Object

    0x08000000   0x08000000   0x000001c4   Data   RO         1361    RESET               startup_stm32f446xx.o
    0x080001c4   0x080001c4   0x00000008   Code   RO         1392  * !!!main             c_w.l(__main.o)
    0x080001cc   0x080001cc   0x0000005c   Code   RO         1557    !!!scatter          c_w.l(__scatter.o)
    0x08000228   0x08000228   0x0000001a   Code   RO         1561    !!handler_copy      c_w.l(__scatter_copy.o)
    0x08000242   0x08000242   0x00000002   PAD
    0x08000244   0x08000244   0x00000002   Code   RO         1558    !!handler_null      c_w.l(__scatter.o)
    0x08000246   0x08000246   0x00000002   PAD
    0x08000248   0x08000248   0x0000001c   Code   RO         1563    !!handler_zi        c_w.l(__scatter_zi.o)
    0x08000264   0x08000264   0x00000002   Code   RO         1421    .ARM.Collect$$libinit$$00000000  c_w.l(libinit.o)
    0x08000266   0x08000266   0x00000004   Code   RO         1427    .ARM.Collect$$libinit$$00000001  c_w.l(libinit2.o)
    0x0800026a   0x0800026a   0x00000000   Code   RO         1430    .ARM.Collect$$libinit$$00000004  c_w.l(libinit2.o)
    0x0800026a   0x0800026a   0x00000000   Code   RO         1432    .ARM.Collect$$libinit$$00000006  c_w.l(libinit2.o)
    0x0800026a   0x0800026a   0x00000000   Code   RO         1435    .ARM.Collect$$libinit$$0000000C  c_w.l(libinit2.o)
    0x0800026a   0x0800026a   0x00000000   Code   RO         1437    .ARM.Collect$$libinit$$0000000E  c_w.l(libinit2.o)
    0x0800026a   0x0800026a   0x00000000   Code   RO         1439    .ARM.Collect$$libinit$$00000010  c_w.l(libinit2.o)
    0x0800026a   0x0800026a   0x00000000   Code   RO         1442    .ARM.Collect$$libinit$$00000013  c_w.l(libinit2.o)
    0x0800026a   0x0800026a   0x00000000   Code   RO         1444    .ARM.Collect$$libinit$$00000015  c_w.l(libinit2.o)
    0x0800026a   0x0800026a   0x00000000   Code   RO         1446    .ARM.Collect$$libinit$$00000017  c_w.l(libinit2.o)
    0x0800026a   0x0800026a   0x00000000   Code   RO         1448    .ARM.Collect$$libinit$$00000019  c_w.l(libinit2.o)
    0x0800026a   0x0800026a   0x00000000   Code   RO         1450    .ARM.Collect$$libinit$$0000001B  c_w.l(libinit2.o)
    0x0800026a   0x0800026a   0x00000000   Code   RO         1452    .ARM.Collect$$libinit$$0000001D  c_w.l(libinit2.o)
    0x0800026a   0x0800026a   0x00000000   Code   RO         1454    .ARM.Collect$$libinit$$0000001F  c_w.l(libinit2.o)
    0x0800026a   0x0800026a   0x00000000   Code   RO         1456    .ARM.Collect$$libinit$$00000021  c_w.l(libinit2.o)
    0x0800026a   0x0800026a   0x00000000   Code   RO         1458    .ARM.Collect$$libinit$$00000023  c_w.l(libinit2.o)
    0x0800026a   0x0800026a   0x00000000   Code   RO         1460    .ARM.Collect$$libinit$$00000025  c_w.l(libinit2.o)
    0x0800026a   0x0800026a   0x00000000   Code   RO         1462    .ARM.Collect$$libinit$$00000027  c_w.l(libinit2.o)
    0x0800026a   0x0800026a   0x00000000   Code   RO         1466    .ARM.Collect$$libinit$$0000002E  c_w.l(libinit2.o)
    0x0800026a   0x0800026a   0x00000000   Code   RO         1468    .ARM.Collect$$libinit$$00000030  c_w.l(libinit2.o)
    0x0800026a   0x0800026a   0x00000000   Code   RO         1470    .ARM.Collect$$libinit$$00000032  c_w.l(libinit2.o)
    0x0800026a   0x0800026a   0x00000000   Code   RO         1472    .ARM.Collect$$libinit$$00000034  c_w.l(libinit2.o)
    0x0800026a   0x0800026a   0x00000002   Code   RO         1473    .ARM.Collect$$libinit$$00000035  c_w.l(libinit2.o)
    0x0800026c   0x0800026c   0x00000002   Code   RO         1493    .ARM.Collect$$libshutdown$$00000000  c_w.l(libshutdown.o)
    0x0800026e   0x0800026e   0x00000000   Code   RO         1508    .ARM.Collect$$libshutdown$$00000002  c_w.l(libshutdown2.o)
    0x0800026e   0x0800026e   0x00000000   Code   RO         1510    .ARM.Collect$$libshutdown$$00000004  c_w.l(libshutdown2.o)
    0x0800026e   0x0800026e   0x00000000   Code   RO         1513    .ARM.Collect$$libshutdown$$00000007  c_w.l(libshutdown2.o)
    0x0800026e   0x0800026e   0x00000000   Code   RO         1516    .ARM.Collect$$libshutdown$$0000000A  c_w.l(libshutdown2.o)
    0x0800026e   0x0800026e   0x00000000   Code   RO         1518    .ARM.Collect$$libshutdown$$0000000C  c_w.l(libshutdown2.o)
    0x0800026e   0x0800026e   0x00000000   Code   RO         1521    .ARM.Collect$$libshutdown$$0000000F  c_w.l(libshutdown2.o)
    0x0800026e   0x0800026e   0x00000002   Code   RO         1522    .ARM.Collect$$libshutdown$$00000010  c_w.l(libshutdown2.o)
    0x08000270   0x08000270   0x00000000   Code   RO         1396    .ARM.Collect$$rtentry$$00000000  c_w.l(__rtentry.o)
    0x08000270   0x08000270   0x00000000   Code   RO         1400    .ARM.Collect$$rtentry$$00000002  c_w.l(__rtentry2.o)
    0x08000270   0x08000270   0x00000006   Code   RO         1412    .ARM.Collect$$rtentry$$00000004  c_w.l(__rtentry4.o)
    0x08000276   0x08000276   0x00000008   Code   RO         1401    .ARM.Collect$$rtentry$$00000008  c_w.l(__rtentry2.o)
    0x0800027e   0x0800027e   0x00000004   Code   RO         1403    .ARM.Collect$$rtentry$$0000000A  c_w.l(__rtentry2.o)
    0x08000282   0x08000282   0x00000000   Code   RO         1405    .ARM.Collect$$rtentry$$0000000C  c_w.l(__rtentry2.o)
    0x08000282   0x08000282   0x00000008   Code   RO         1406    .ARM.Collect$$rtentry$$0000000D  c_w.l(__rtentry2.o)
    0x0800028a   0x0800028a   0x00000002   Code   RO         1425    .ARM.Collect$$rtexit$$00000000  c_w.l(rtexit.o)
    0x0800028c   0x0800028c   0x00000000   Code   RO         1475    .ARM.Collect$$rtexit$$00000002  c_w.l(rtexit2.o)
    0x0800028c   0x0800028c   0x00000004   Code   RO         1476    .ARM.Collect$$rtexit$$00000003  c_w.l(rtexit2.o)
    0x08000290   0x08000290   0x00000006   Code   RO         1477    .ARM.Collect$$rtexit$$00000004  c_w.l(rtexit2.o)
    0x08000296   0x08000296   0x00000002   PAD
    0x08000298   0x08000298   0x00000100   Code   RO           35    .text               irq_armv7m.o
    0x08000398   0x08000398   0x00000040   Code   RO         1362  * .text               startup_stm32f446xx.o
    0x080003d8   0x080003d8   0x0000008a   Code   RO         1384    .text               c_w.l(rt_memcpy_v6.o)
    0x08000462   0x08000462   0x00000044   Code   RO         1386    .text               c_w.l(rt_memclr.o)
    0x080004a6   0x080004a6   0x0000004e   Code   RO         1388    .text               c_w.l(rt_memclr_w.o)
    0x080004f4   0x080004f4   0x00000006   Code   RO         1390    .text               c_w.l(heapauxi.o)
    0x080004fa   0x080004fa   0x00000064   Code   RO         1397    .text               c_w.l(rt_memcpy_w.o)
    0x0800055e   0x0800055e   0x0000004a   Code   RO         1414    .text               c_w.l(sys_stackheap_outer.o)
    0x080005a8   0x080005a8   0x00000012   Code   RO         1416    .text               c_w.l(exit.o)
    0x080005ba   0x080005ba   0x00000002   PAD
    0x080005bc   0x080005bc   0x00000008   Code   RO         1422    .text               c_w.l(libspace.o)
    0x080005c4   0x080005c4   0x0000000c   Code   RO         1483    .text               c_w.l(sys_exit.o)
    0x080005d0   0x080005d0   0x00000002   Code   RO         1498    .text               c_w.l(use_no_semi.o)
    0x080005d2   0x080005d2   0x00000000   Code   RO         1500    .text               c_w.l(indicate_semi.o)
    0x080005d2   0x080005d2   0x00000002   PAD
    0x080005d4   0x080005d4   0x00000016   Code   RO          611    .text.$Sub$$_fp_init  rtx_lib.o
    0x080005ea   0x080005ea   0x00000002   PAD
    0x080005ec   0x080005ec   0x000000a4   Code   RO           10    .text.DMA1_Stream6_IRQHandler  main.o
    0x08000690   0x08000690   0x0000005a   Code   RO           18    .text.DMA1_Stream6_Init  main.o
    0x080006ea   0x080006ea   0x00000002   PAD
    0x080006ec   0x080006ec   0x0000003c   Code   RO         1326    .text.EventCheckFilter  eventrecorder.o
    0x08000728   0x08000728   0x0000009a   Code   RO         1312    .text.EventGetTS    eventrecorder.o
    0x080007c2   0x080007c2   0x00000002   PAD
    0x080007c4   0x080007c4   0x0000005a   Code   RO         1330    .text.EventRecord2  eventrecorder.o
    0x0800081e   0x0800081e   0x00000002   PAD
    0x08000820   0x08000820   0x00000096   Code   RO         1332    .text.EventRecord4  eventrecorder.o
    0x080008b6   0x080008b6   0x00000002   PAD
    0x080008b8   0x080008b8   0x000000f0   Code   RO         1314    .text.EventRecordItem  eventrecorder.o
    0x080009a8   0x080009a8   0x00000092   Code   RO         1310    .text.EventRecorderEnable  eventrecorder.o
    0x08000a3a   0x08000a3a   0x00000002   PAD
    0x08000a3c   0x08000a3c   0x000001e6   Code   RO         1306    .text.EventRecorderInitialize  eventrecorder.o
    0x08000c22   0x08000c22   0x00000002   PAD
    0x08000c24   0x08000c24   0x0000004a   Code   RO         1316    .text.EventRecorderStart  eventrecorder.o
    0x08000c6e   0x08000c6e   0x00000002   PAD
    0x08000c70   0x08000c70   0x00000020   Code   RO         1304    .text.EventRecorderTimerGetCount  eventrecorder.o
    0x08000c90   0x08000c90   0x00000010   Code   RO         1298    .text.EventRecorderTimerSetup  eventrecorder.o
    0x08000ca0   0x08000ca0   0x0000001a   Code   RO          293    .text.EvrRtxDelay   rtx_evr.o
    0x08000cba   0x08000cba   0x00000002   PAD
    0x08000cbc   0x08000cbc   0x0000001a   Code   RO          301    .text.EvrRtxDelayCompleted  rtx_evr.o
    0x08000cd6   0x08000cd6   0x00000002   PAD
    0x08000cd8   0x08000cd8   0x00000016   Code   RO          291    .text.EvrRtxDelayError  rtx_evr.o
    0x08000cee   0x08000cee   0x00000002   PAD
    0x08000cf0   0x08000cf0   0x0000001a   Code   RO          297    .text.EvrRtxDelayStarted  rtx_evr.o
    0x08000d0a   0x08000d0a   0x00000002   PAD
    0x08000d0c   0x08000d0c   0x0000001a   Code   RO          349    .text.EvrRtxEventFlagsWaitTimeout  rtx_evr.o
    0x08000d26   0x08000d26   0x00000002   PAD
    0x08000d28   0x08000d28   0x00000016   Code   RO          143    .text.EvrRtxKernelError  rtx_evr.o
    0x08000d3e   0x08000d3e   0x00000002   PAD
    0x08000d40   0x08000d40   0x00000018   Code   RO          185    .text.EvrRtxKernelErrorNotify  rtx_evr.o
    0x08000d58   0x08000d58   0x00000014   Code   RO          145    .text.EvrRtxKernelInitialize  rtx_evr.o
    0x08000d6c   0x08000d6c   0x00000014   Code   RO          147    .text.EvrRtxKernelInitialized  rtx_evr.o
    0x08000d80   0x08000d80   0x00000014   Code   RO          153    .text.EvrRtxKernelStart  rtx_evr.o
    0x08000d94   0x08000d94   0x00000014   Code   RO          155    .text.EvrRtxKernelStarted  rtx_evr.o
    0x08000da8   0x08000da8   0x0000002a   Code   RO          133    .text.EvrRtxMemoryAlloc  rtx_evr.o
    0x08000dd2   0x08000dd2   0x00000002   PAD
    0x08000dd4   0x08000dd4   0x0000001c   Code   RO          139    .text.EvrRtxMemoryBlockAlloc  rtx_evr.o
    0x08000df0   0x08000df0   0x00000028   Code   RO          141    .text.EvrRtxMemoryBlockFree  rtx_evr.o
    0x08000e18   0x08000e18   0x0000002a   Code   RO          137    .text.EvrRtxMemoryBlockInit  rtx_evr.o
    0x08000e42   0x08000e42   0x00000002   PAD
    0x08000e44   0x08000e44   0x00000028   Code   RO          135    .text.EvrRtxMemoryFree  rtx_evr.o
    0x08000e6c   0x08000e6c   0x00000024   Code   RO          131    .text.EvrRtxMemoryInit  rtx_evr.o
    0x08000e90   0x08000e90   0x0000001a   Code   RO          427    .text.EvrRtxMemoryPoolAllocTimeout  rtx_evr.o
    0x08000eaa   0x08000eaa   0x00000002   PAD
    0x08000eac   0x08000eac   0x0000001c   Code   RO          455    .text.EvrRtxMessageQueueCreated  rtx_evr.o
    0x08000ec8   0x08000ec8   0x00000018   Code   RO          451    .text.EvrRtxMessageQueueError  rtx_evr.o
    0x08000ee0   0x08000ee0   0x0000002a   Code   RO          471    .text.EvrRtxMessageQueueGet  rtx_evr.o
    0x08000f0a   0x08000f0a   0x00000002   PAD
    0x08000f0c   0x08000f0c   0x00000028   Code   RO          473    .text.EvrRtxMessageQueueGetPending  rtx_evr.o
    0x08000f34   0x08000f34   0x0000001a   Code   RO          475    .text.EvrRtxMessageQueueGetTimeout  rtx_evr.o
    0x08000f4e   0x08000f4e   0x00000002   PAD
    0x08000f50   0x08000f50   0x0000001c   Code   RO          465    .text.EvrRtxMessageQueueInsertPending  rtx_evr.o
    0x08000f6c   0x08000f6c   0x0000001c   Code   RO          467    .text.EvrRtxMessageQueueInserted  rtx_evr.o
    0x08000f88   0x08000f88   0x00000028   Code   RO          453    .text.EvrRtxMessageQueueNew  rtx_evr.o
    0x08000fb0   0x08000fb0   0x0000001c   Code   RO          469    .text.EvrRtxMessageQueueNotInserted  rtx_evr.o
    0x08000fcc   0x08000fcc   0x0000001c   Code   RO          479    .text.EvrRtxMessageQueueNotRetrieved  rtx_evr.o
    0x08000fe8   0x08000fe8   0x0000002e   Code   RO          459    .text.EvrRtxMessageQueuePut  rtx_evr.o
    0x08001016   0x08001016   0x00000002   PAD
    0x08001018   0x08001018   0x00000028   Code   RO          461    .text.EvrRtxMessageQueuePutPending  rtx_evr.o
    0x08001040   0x08001040   0x0000001a   Code   RO          463    .text.EvrRtxMessageQueuePutTimeout  rtx_evr.o
    0x0800105a   0x0800105a   0x00000002   PAD
    0x0800105c   0x0800105c   0x0000001c   Code   RO          477    .text.EvrRtxMessageQueueRetrieved  rtx_evr.o
    0x08001078   0x08001078   0x0000001c   Code   RO          367    .text.EvrRtxMutexAcquire  rtx_evr.o
    0x08001094   0x08001094   0x0000001c   Code   RO          369    .text.EvrRtxMutexAcquirePending  rtx_evr.o
    0x080010b0   0x080010b0   0x0000001a   Code   RO          371    .text.EvrRtxMutexAcquireTimeout  rtx_evr.o
    0x080010ca   0x080010ca   0x00000002   PAD
    0x080010cc   0x080010cc   0x0000001c   Code   RO          373    .text.EvrRtxMutexAcquired  rtx_evr.o
    0x080010e8   0x080010e8   0x0000001c   Code   RO          363    .text.EvrRtxMutexCreated  rtx_evr.o
    0x08001104   0x08001104   0x0000001a   Code   RO          383    .text.EvrRtxMutexDelete  rtx_evr.o
    0x0800111e   0x0800111e   0x00000002   PAD
    0x08001120   0x08001120   0x0000001a   Code   RO          385    .text.EvrRtxMutexDestroyed  rtx_evr.o
    0x0800113a   0x0800113a   0x00000002   PAD
    0x0800113c   0x0800113c   0x00000018   Code   RO          359    .text.EvrRtxMutexError  rtx_evr.o
    0x08001154   0x08001154   0x0000001a   Code   RO          361    .text.EvrRtxMutexNew  rtx_evr.o
    0x0800116e   0x0800116e   0x00000002   PAD
    0x08001170   0x08001170   0x0000001a   Code   RO          375    .text.EvrRtxMutexNotAcquired  rtx_evr.o
    0x0800118a   0x0800118a   0x00000002   PAD
    0x0800118c   0x0800118c   0x0000001a   Code   RO          377    .text.EvrRtxMutexRelease  rtx_evr.o
    0x080011a6   0x080011a6   0x00000002   PAD
    0x080011a8   0x080011a8   0x0000001c   Code   RO          379    .text.EvrRtxMutexReleased  rtx_evr.o
    0x080011c4   0x080011c4   0x0000001c   Code   RO          395    .text.EvrRtxSemaphoreAcquire  rtx_evr.o
    0x080011e0   0x080011e0   0x0000001c   Code   RO          397    .text.EvrRtxSemaphoreAcquirePending  rtx_evr.o
    0x080011fc   0x080011fc   0x0000001a   Code   RO          399    .text.EvrRtxSemaphoreAcquireTimeout  rtx_evr.o
    0x08001216   0x08001216   0x00000002   PAD
    0x08001218   0x08001218   0x0000001c   Code   RO          401    .text.EvrRtxSemaphoreAcquired  rtx_evr.o
    0x08001234   0x08001234   0x0000001c   Code   RO          391    .text.EvrRtxSemaphoreCreated  rtx_evr.o
    0x08001250   0x08001250   0x00000018   Code   RO          387    .text.EvrRtxSemaphoreError  rtx_evr.o
    0x08001268   0x08001268   0x00000028   Code   RO          389    .text.EvrRtxSemaphoreNew  rtx_evr.o
    0x08001290   0x08001290   0x0000001a   Code   RO          403    .text.EvrRtxSemaphoreNotAcquired  rtx_evr.o
    0x080012aa   0x080012aa   0x00000002   PAD
    0x080012ac   0x080012ac   0x0000001a   Code   RO          405    .text.EvrRtxSemaphoreRelease  rtx_evr.o
    0x080012c6   0x080012c6   0x00000002   PAD
    0x080012c8   0x080012c8   0x0000001c   Code   RO          407    .text.EvrRtxSemaphoreReleased  rtx_evr.o
    0x080012e4   0x080012e4   0x0000001c   Code   RO          235    .text.EvrRtxThreadBlocked  rtx_evr.o
    0x08001300   0x08001300   0x00000038   Code   RO          193    .text.EvrRtxThreadCreated  rtx_evr.o
    0x08001338   0x08001338   0x0000001a   Code   RO          247    .text.EvrRtxThreadDestroyed  rtx_evr.o
    0x08001352   0x08001352   0x00000002   PAD
    0x08001354   0x08001354   0x00000018   Code   RO          189    .text.EvrRtxThreadError  rtx_evr.o
    0x0800136c   0x0800136c   0x00000014   Code   RO          243    .text.EvrRtxThreadExit  rtx_evr.o
    0x08001380   0x08001380   0x0000002a   Code   RO          287    .text.EvrRtxThreadFlagsWaitCompleted  rtx_evr.o
    0x080013aa   0x080013aa   0x00000002   PAD
    0x080013ac   0x080013ac   0x0000001a   Code   RO          285    .text.EvrRtxThreadFlagsWaitTimeout  rtx_evr.o
    0x080013c6   0x080013c6   0x00000002   PAD
    0x080013c8   0x080013c8   0x0000001a   Code   RO          233    .text.EvrRtxThreadJoined  rtx_evr.o
    0x080013e2   0x080013e2   0x00000002   PAD
    0x080013e4   0x080013e4   0x00000028   Code   RO          191    .text.EvrRtxThreadNew  rtx_evr.o
    0x0800140c   0x0800140c   0x0000001a   Code   RO          239    .text.EvrRtxThreadPreempted  rtx_evr.o
    0x08001426   0x08001426   0x00000002   PAD
    0x08001428   0x08001428   0x0000001a   Code   RO          241    .text.EvrRtxThreadSwitched  rtx_evr.o
    0x08001442   0x08001442   0x00000002   PAD
    0x08001444   0x08001444   0x0000001c   Code   RO          237    .text.EvrRtxThreadUnblocked  rtx_evr.o
    0x08001460   0x08001460   0x0000001c   Code   RO          305    .text.EvrRtxTimerCallback  rtx_evr.o
    0x0800147c   0x0800147c   0x0000003e   Code   RO           14    .text.GPIO_Init     main.o
    0x080014ba   0x080014ba   0x00000002   PAD
    0x080014bc   0x080014bc   0x00000012   Code   RO         1328    .text.GetContext    eventrecorder.o
    0x080014ce   0x080014ce   0x00000002   PAD
    0x080014d0   0x080014d0   0x00000012   Code   RO         1336    .text.GetRecordIndex  eventrecorder.o
    0x080014e2   0x080014e2   0x00000002   PAD
    0x080014e4   0x080014e4   0x00000012   Code   RO         1344    .text.IncrementRecordsDumped  eventrecorder.o
    0x080014f6   0x080014f6   0x00000002   PAD
    0x080014f8   0x080014f8   0x00000012   Code   RO         1342    .text.IncrementRecordsWritten  eventrecorder.o
    0x0800150a   0x0800150a   0x00000002   PAD
    0x0800150c   0x0800150c   0x00000014   Code   RO           45    .text.IsException   rtx_delay.o
    0x08001520   0x08001520   0x00000014   Code   RO          510    .text.IsException   rtx_kernel.o
    0x08001534   0x08001534   0x00000014   Code   RO          753    .text.IsException   rtx_msgqueue.o
    0x08001548   0x08001548   0x00000014   Code   RO          834    .text.IsException   rtx_mutex.o
    0x0800155c   0x0800155c   0x00000014   Code   RO          879    .text.IsException   rtx_semaphore.o
    0x08001570   0x08001570   0x00000014   Code   RO         1037    .text.IsException   rtx_thread.o
    0x08001584   0x08001584   0x0000002e   Code   RO           47    .text.IsIrqMasked   rtx_delay.o
    0x080015b2   0x080015b2   0x00000002   PAD
    0x080015b4   0x080015b4   0x0000002e   Code   RO          512    .text.IsIrqMasked   rtx_kernel.o
    0x080015e2   0x080015e2   0x00000002   PAD
    0x080015e4   0x080015e4   0x0000002e   Code   RO          755    .text.IsIrqMasked   rtx_msgqueue.o
    0x08001612   0x08001612   0x00000002   PAD
    0x08001614   0x08001614   0x0000002e   Code   RO          836    .text.IsIrqMasked   rtx_mutex.o
    0x08001642   0x08001642   0x00000002   PAD
    0x08001644   0x08001644   0x0000002e   Code   RO          881    .text.IsIrqMasked   rtx_semaphore.o
    0x08001672   0x08001672   0x00000002   PAD
    0x08001674   0x08001674   0x0000002e   Code   RO         1039    .text.IsIrqMasked   rtx_thread.o
    0x080016a2   0x080016a2   0x00000002   PAD
    0x080016a4   0x080016a4   0x00000022   Code   RO          789    .text.IsMessageQueuePtrValid  rtx_msgqueue.o
    0x080016c6   0x080016c6   0x00000002   PAD
    0x080016c8   0x080016c8   0x00000022   Code   RO          852    .text.IsMutexPtrValid  rtx_mutex.o
    0x080016ea   0x080016ea   0x00000002   PAD
    0x080016ec   0x080016ec   0x00000014   Code   RO          516    .text.IsPrivileged  rtx_kernel.o
    0x08001700   0x08001700   0x00000022   Code   RO          903    .text.IsSemaphorePtrValid  rtx_semaphore.o
    0x08001722   0x08001722   0x00000002   PAD
    0x08001724   0x08001724   0x00000022   Code   RO         1123    .text.IsThreadPtrValid  rtx_thread.o
    0x08001746   0x08001746   0x00000002   PAD
    0x08001748   0x08001748   0x0000008c   Code   RO         1338    .text.LockRecord    eventrecorder.o
    0x080017d4   0x080017d4   0x00000018   Code   RO          655    .text.MemBlockPtr   rtx_memory.o
    0x080017ec   0x080017ec   0x0000000a   Code   RO          653    .text.MemHeadPtr    rtx_memory.o
    0x080017f6   0x080017f6   0x00000002   PAD
    0x080017f8   0x080017f8   0x00000052   Code   RO          805    .text.MessageQueueGet  rtx_msgqueue.o
    0x0800184a   0x0800184a   0x00000002   PAD
    0x0800184c   0x0800184c   0x000000ac   Code   RO          797    .text.MessageQueuePut  rtx_msgqueue.o
    0x080018f8   0x080018f8   0x00000042   Code   RO          793    .text.MessageQueueRemove  rtx_msgqueue.o
    0x0800193a   0x0800193a   0x00000002   PAD
    0x0800193c   0x0800193c   0x0000000c   Code   RO         1267    .text.OS_Tick_AcknowledgeIRQ  os_systick.o
    0x08001948   0x08001948   0x0000003c   Code   RO         1263    .text.OS_Tick_Enable  os_systick.o
    0x08001984   0x08001984   0x00000034   Code   RO         1275    .text.OS_Tick_GetCount  os_systick.o
    0x080019b8   0x080019b8   0x00000006   Code   RO         1269    .text.OS_Tick_GetIRQn  os_systick.o
    0x080019be   0x080019be   0x00000002   PAD
    0x080019c0   0x080019c0   0x0000000e   Code   RO         1273    .text.OS_Tick_GetInterval  os_systick.o
    0x080019ce   0x080019ce   0x00000002   PAD
    0x080019d0   0x080019d0   0x00000010   Code   RO         1277    .text.OS_Tick_GetOverflow  os_systick.o
    0x080019e0   0x080019e0   0x0000007e   Code   RO         1261    .text.OS_Tick_Setup  os_systick.o
    0x08001a5e   0x08001a5e   0x00000002   PAD
    0x08001a60   0x08001a60   0x00000050   Code   RO          574    .text.SVC_Setup     rtx_kernel.o
    0x08001ab0   0x08001ab0   0x00000024   Code   RO          907    .text.SemaphoreTokenDecrement  rtx_semaphore.o
    0x08001ad4   0x08001ad4   0x0000002e   Code   RO          919    .text.SemaphoreTokenIncrement  rtx_semaphore.o
    0x08001b02   0x08001b02   0x00000002   PAD
    0x08001b04   0x08001b04   0x00000010   Code   RO          958    .text.SetPendSV     rtx_system.o
    0x08001b14   0x08001b14   0x00000034   Code   RO         1003    .text.SetPrivileged  rtx_thread.o
    0x08001b48   0x08001b48   0x00000018   Code   RO          999    .text.StackOffsetR0  rtx_thread.o
    0x08001b60   0x08001b60   0x00000036   Code   RO         1302    .text.SysTimerIsRunning  eventrecorder.o
    0x08001b96   0x08001b96   0x00000002   PAD
    0x08001b98   0x08001b98   0x0000012e   Code   RO         1371    .text.SystemCoreClockUpdate  system_stm32f4xx.o
    0x08001cc6   0x08001cc6   0x00000002   PAD
    0x08001cc8   0x08001cc8   0x00000012   Code   RO         1369    .text.SystemInit    system_stm32f4xx.o
    0x08001cda   0x08001cda   0x00000002   PAD
    0x08001cdc   0x08001cdc   0x0000003e   Code   RO            2    .text.TaskA         main.o
    0x08001d1a   0x08001d1a   0x00000002   PAD
    0x08001d1c   0x08001d1c   0x0000003e   Code   RO            4    .text.TaskB         main.o
    0x08001d5a   0x08001d5a   0x00000002   PAD
    0x08001d5c   0x08001d5c   0x0000003e   Code   RO            6    .text.TaskUartTx    main.o
    0x08001d9a   0x08001d9a   0x00000002   PAD
    0x08001d9c   0x08001d9c   0x0000007c   Code   RO         1131    .text.ThreadFlagsCheck  rtx_thread.o
    0x08001e18   0x08001e18   0x0000009e   Code   RO         1234    .text.TimerInsert   rtx_timer.o
    0x08001eb6   0x08001eb6   0x00000002   PAD
    0x08001eb8   0x08001eb8   0x00000028   Code   RO         1230    .text.TimerUnlink   rtx_timer.o
    0x08001ee0   0x08001ee0   0x0000002c   Code   RO           16    .text.USART2_Init   main.o
    0x08001f0c   0x08001f0c   0x00000094   Code   RO            8    .text.USART2_StartTxDMA  main.o
    0x08001fa0   0x08001fa0   0x00000056   Code   RO         1340    .text.UnlockRecord  eventrecorder.o
    0x08001ff6   0x08001ff6   0x00000002   PAD
    0x08001ff8   0x08001ff8   0x00000030   Code   RO           22    .text.__NVIC_EnableIRQ  main.o
    0x08002028   0x08002028   0x00000010   Code   RO          576    .text.__NVIC_GetPriorityGrouping  rtx_kernel.o
    0x08002038   0x08002038   0x00000042   Code   RO           20    .text.__NVIC_SetPriority  main.o
    0x0800207a   0x0800207a   0x00000002   PAD
    0x0800207c   0x0800207c   0x00000020   Code   RO          623    .text._mutex_acquire  rtx_lib.o
    0x0800209c   0x0800209c   0x00000012   Code   RO          627    .text._mutex_free   rtx_lib.o
    0x080020ae   0x080020ae   0x00000002   PAD
    0x080020b0   0x080020b0   0x00000032   Code   RO          621    .text._mutex_initialize  rtx_lib.o
    0x080020e2   0x080020e2   0x00000002   PAD
    0x080020e4   0x080020e4   0x0000001c   Code   RO          625    .text._mutex_release  rtx_lib.o
    0x08002100   0x08002100   0x00000008   Code   RO          609    .text._platform_post_stackheap_init  rtx_lib.o
    0x08002108   0x08002108   0x00000038   Code   RO         1133    .text.atomic_chk32_all  rtx_thread.o
    0x08002140   0x08002140   0x00000034   Code   RO         1135    .text.atomic_chk32_any  rtx_thread.o
    0x08002174   0x08002174   0x00000060   Code   RO         1334    .text.atomic_cmp_xch_32  eventrecorder.o
    0x080021d4   0x080021d4   0x0000002c   Code   RO          911    .text.atomic_dec16_nz  rtx_semaphore.o
    0x08002200   0x08002200   0x0000002c   Code   RO          960    .text.atomic_dec16_nz  rtx_system.o
    0x0800222c   0x0800222c   0x00000020   Code   RO          680    .text.atomic_dec32  rtx_mempool.o
    0x0800224c   0x0800224c   0x00000028   Code   RO          807    .text.atomic_dec32_nz  rtx_msgqueue.o
    0x08002274   0x08002274   0x00000034   Code   RO          962    .text.atomic_inc16_lim  rtx_system.o
    0x080022a8   0x080022a8   0x00000038   Code   RO          921    .text.atomic_inc16_lt  rtx_semaphore.o
    0x080022e0   0x080022e0   0x00000038   Code   RO          966    .text.atomic_inc16_lt  rtx_system.o
    0x08002318   0x08002318   0x00000020   Code   RO          674    .text.atomic_inc32  rtx_mempool.o
    0x08002338   0x08002338   0x00000020   Code   RO          799    .text.atomic_inc32  rtx_msgqueue.o
    0x08002358   0x08002358   0x0000004c   Code   RO         1346    .text.atomic_inc_32  eventrecorder.o
    0x080023a4   0x080023a4   0x00000058   Code   RO         1348    .text.atomic_inc_8  eventrecorder.o
    0x080023fc   0x080023fc   0x00000028   Code   RO          672    .text.atomic_link_get  rtx_mempool.o
    0x08002424   0x08002424   0x00000030   Code   RO          678    .text.atomic_link_put  rtx_mempool.o
    0x08002454   0x08002454   0x00000028   Code   RO          809    .text.atomic_wr8    rtx_msgqueue.o
    0x0800247c   0x0800247c   0x00000082   Code   RO         1308    .text.crc16_ccitt   eventrecorder.o
    0x080024fe   0x080024fe   0x00000002   PAD
    0x08002500   0x08002500   0x000000ac   Code   RO          767    .text.isrRtxMessageQueueGet  rtx_msgqueue.o
    0x080025ac   0x080025ac   0x000000bc   Code   RO          763    .text.isrRtxMessageQueuePut  rtx_msgqueue.o
    0x08002668   0x08002668   0x0000006e   Code   RO          889    .text.isrRtxSemaphoreAcquire  rtx_semaphore.o
    0x080026d6   0x080026d6   0x00000002   PAD
    0x080026d8   0x080026d8   0x00000074   Code   RO          893    .text.isrRtxSemaphoreRelease  rtx_semaphore.o
    0x0800274c   0x0800274c   0x00000054   Code   RO          942    .text.isr_queue_get  rtx_system.o
    0x080027a0   0x080027a0   0x0000005e   Code   RO          956    .text.isr_queue_put  rtx_system.o
    0x080027fe   0x080027fe   0x00000002   PAD
    0x08002800   0x08002800   0x0000008e   Code   RO           12    .text.main          main.o
    0x0800288e   0x0800288e   0x00000002   PAD
    0x08002890   0x08002890   0x00000054   Code   RO           43    .text.osDelay       rtx_delay.o
    0x080028e4   0x080028e4   0x00000042   Code   RO          520    .text.osKernelGetState  rtx_kernel.o
    0x08002926   0x08002926   0x00000002   PAD
    0x08002928   0x08002928   0x0000003a   Code   RO          560    .text.osKernelGetSysTimerCount  rtx_kernel.o
    0x08002962   0x08002962   0x00000002   PAD
    0x08002964   0x08002964   0x0000004a   Code   RO          508    .text.osKernelInitialize  rtx_kernel.o
    0x080029ae   0x080029ae   0x00000002   PAD
    0x080029b0   0x080029b0   0x00000046   Code   RO          524    .text.osKernelStart  rtx_kernel.o
    0x080029f6   0x080029f6   0x00000002   PAD
    0x080029f8   0x080029f8   0x0000007e   Code   RO          765    .text.osMessageQueueGet  rtx_msgqueue.o
    0x08002a76   0x08002a76   0x00000002   PAD
    0x08002a78   0x08002a78   0x00000072   Code   RO          751    .text.osMessageQueueNew  rtx_msgqueue.o
    0x08002aea   0x08002aea   0x00000002   PAD
    0x08002aec   0x08002aec   0x0000008a   Code   RO          761    .text.osMessageQueuePut  rtx_msgqueue.o
    0x08002b76   0x08002b76   0x00000002   PAD
    0x08002b78   0x08002b78   0x00000064   Code   RO          842    .text.osMutexAcquire  rtx_mutex.o
    0x08002bdc   0x08002bdc   0x00000056   Code   RO          848    .text.osMutexDelete  rtx_mutex.o
    0x08002c32   0x08002c32   0x00000002   PAD
    0x08002c34   0x08002c34   0x00000056   Code   RO          832    .text.osMutexNew    rtx_mutex.o
    0x08002c8a   0x08002c8a   0x00000002   PAD
    0x08002c8c   0x08002c8c   0x00000056   Code   RO          844    .text.osMutexRelease  rtx_mutex.o
    0x08002ce2   0x08002ce2   0x00000002   PAD
    0x08002ce4   0x08002ce4   0x00000030   Code   RO         1289    .text.osRtxErrorNotify  rtx_config.o
    0x08002d14   0x08002d14   0x0000000a   Code   RO          946    .text.osRtxEventFlagsObject  rtx_system.o
    0x08002d1e   0x08002d1e   0x00000002   PAD
    0x08002d20   0x08002d20   0x00000008   Code   RO         1287    .text.osRtxIdleThread  rtx_config.o
    0x08002d28   0x08002d28   0x00000002   Code   RO          504    .text.osRtxKernelBeforeInit  rtx_kernel.o
    0x08002d2a   0x08002d2a   0x00000002   PAD
    0x08002d2c   0x08002d2c   0x0000001c   Code   RO          506    .text.osRtxKernelErrorNotify  rtx_kernel.o
    0x08002d48   0x08002d48   0x0000000c   Code   RO          938    .text.osRtxKernelGetState  rtx_system.o
    0x08002d54   0x08002d54   0x0000000c   Code   RO         1007    .text.osRtxKernelGetState  rtx_thread.o
    0x08002d60   0x08002d60   0x0000000c   Code   RO          570    .text.osRtxKernelState  rtx_kernel.o
    0x08002d6c   0x08002d6c   0x0000014c   Code   RO          657    .text.osRtxMemoryAlloc  rtx_memory.o
    0x08002eb8   0x08002eb8   0x000000c2   Code   RO          659    .text.osRtxMemoryFree  rtx_memory.o
    0x08002f7a   0x08002f7a   0x00000002   PAD
    0x08002f7c   0x08002f7c   0x00000096   Code   RO          651    .text.osRtxMemoryInit  rtx_memory.o
    0x08003012   0x08003012   0x00000002   PAD
    0x08003014   0x08003014   0x0000004a   Code   RO          670    .text.osRtxMemoryPoolAlloc  rtx_mempool.o
    0x0800305e   0x0800305e   0x00000002   PAD
    0x08003060   0x08003060   0x00000064   Code   RO          676    .text.osRtxMemoryPoolFree  rtx_mempool.o
    0x080030c4   0x080030c4   0x00000098   Code   RO          668    .text.osRtxMemoryPoolInit  rtx_mempool.o
    0x0800315c   0x0800315c   0x0000000a   Code   RO          950    .text.osRtxMemoryPoolObject  rtx_system.o
    0x08003166   0x08003166   0x00000002   PAD
    0x08003168   0x08003168   0x0000000a   Code   RO          952    .text.osRtxMessageObject  rtx_system.o
    0x08003172   0x08003172   0x00000002   PAD
    0x08003174   0x08003174   0x0000000a   Code   RO          747    .text.osRtxMessageQueueId  rtx_msgqueue.o
    0x0800317e   0x0800317e   0x00000002   PAD
    0x08003180   0x08003180   0x00000144   Code   RO          791    .text.osRtxMessageQueuePostProcess  rtx_msgqueue.o
    0x080032c4   0x080032c4   0x0000003e   Code   RO          745    .text.osRtxMessageQueueTimerSetup  rtx_msgqueue.o
    0x08003302   0x08003302   0x00000002   PAD
    0x08003304   0x08003304   0x0000005a   Code   RO          868    .text.osRtxMutexDestroy  rtx_mutex.o
    0x0800335e   0x0800335e   0x00000002   PAD
    0x08003360   0x08003360   0x0000000a   Code   RO          854    .text.osRtxMutexId  rtx_mutex.o
    0x0800336a   0x0800336a   0x00000002   PAD
    0x0800336c   0x0800336c   0x0000000a   Code   RO          995    .text.osRtxMutexObject  rtx_thread.o
    0x08003376   0x08003376   0x00000002   PAD
    0x08003378   0x08003378   0x00000098   Code   RO          826    .text.osRtxMutexOwnerRelease  rtx_mutex.o
    0x08003410   0x08003410   0x000000ac   Code   RO          830    .text.osRtxMutexOwnerRestore  rtx_mutex.o
    0x080034bc   0x080034bc   0x000000fc   Code   RO          866    .text.osRtxMutexOwnerUnlock  rtx_mutex.o
    0x080035b8   0x080035b8   0x0000000a   Code   RO          795    .text.osRtxObject   rtx_msgqueue.o
    0x080035c2   0x080035c2   0x00000002   PAD
    0x080035c4   0x080035c4   0x0000000a   Code   RO          828    .text.osRtxObject   rtx_mutex.o
    0x080035ce   0x080035ce   0x00000002   PAD
    0x080035d0   0x080035d0   0x0000000a   Code   RO          909    .text.osRtxObject   rtx_semaphore.o
    0x080035da   0x080035da   0x00000002   PAD
    0x080035dc   0x080035dc   0x0000000a   Code   RO          964    .text.osRtxObject   rtx_system.o
    0x080035e6   0x080035e6   0x00000002   PAD
    0x080035e8   0x080035e8   0x0000000a   Code   RO          983    .text.osRtxObject   rtx_thread.o
    0x080035f2   0x080035f2   0x00000002   PAD
    0x080035f4   0x080035f4   0x000000b8   Code   RO          940    .text.osRtxPendSV_Handler  rtx_system.o
    0x080036ac   0x080036ac   0x00000042   Code   RO          954    .text.osRtxPostProcess  rtx_system.o
    0x080036ee   0x080036ee   0x00000002   PAD
    0x080036f0   0x080036f0   0x0000000a   Code   RO          913    .text.osRtxSemaphoreId  rtx_semaphore.o
    0x080036fa   0x080036fa   0x00000002   PAD
    0x080036fc   0x080036fc   0x0000000a   Code   RO          948    .text.osRtxSemaphoreObject  rtx_system.o
    0x08003706   0x08003706   0x00000002   PAD
    0x08003708   0x08003708   0x0000003e   Code   RO          905    .text.osRtxSemaphorePostProcess  rtx_semaphore.o
    0x08003746   0x08003746   0x00000002   PAD
    0x08003748   0x08003748   0x00000010   Code   RO          617    .text.osRtxThreadBeforeFree  rtx_lib.o
    0x08003758   0x08003758   0x00000088   Code   RO         1011    .text.osRtxThreadBlock  rtx_thread.o
    0x080037e0   0x080037e0   0x000000fa   Code   RO         1017    .text.osRtxThreadDelayInsert  rtx_thread.o
    0x080038da   0x080038da   0x00000002   PAD
    0x080038dc   0x080038dc   0x0000009c   Code   RO          989    .text.osRtxThreadDelayRemove  rtx_thread.o
    0x08003978   0x08003978   0x00000150   Code   RO          991    .text.osRtxThreadDelayTick  rtx_thread.o
    0x08003ac8   0x08003ac8   0x00000060   Code   RO         1023    .text.osRtxThreadDestroy  rtx_thread.o
    0x08003b28   0x08003b28   0x00000096   Code   RO         1005    .text.osRtxThreadDispatch  rtx_thread.o
    0x08003bbe   0x08003bbe   0x00000002   PAD
    0x08003bc0   0x08003bc0   0x000000a2   Code   RO         1025    .text.osRtxThreadFree  rtx_thread.o
    0x08003c62   0x08003c62   0x00000002   PAD
    0x08003c64   0x08003c64   0x0000000c   Code   RO          803    .text.osRtxThreadGetRunning  rtx_msgqueue.o
    0x08003c70   0x08003c70   0x0000000c   Code   RO          858    .text.osRtxThreadGetRunning  rtx_mutex.o
    0x08003c7c   0x08003c7c   0x0000000c   Code   RO          917    .text.osRtxThreadGetRunning  rtx_semaphore.o
    0x08003c88   0x08003c88   0x0000000c   Code   RO         1009    .text.osRtxThreadGetRunning  rtx_thread.o
    0x08003c94   0x08003c94   0x0000000c   Code   RO         1228    .text.osRtxThreadGetRunning  rtx_timer.o
    0x08003ca0   0x08003ca0   0x0000000a   Code   RO         1031    .text.osRtxThreadId  rtx_thread.o
    0x08003caa   0x08003caa   0x00000002   PAD
    0x08003cac   0x08003cac   0x0000003c   Code   RO         1021    .text.osRtxThreadJoinWakeup  rtx_thread.o
    0x08003ce8   0x08003ce8   0x00000036   Code   RO          979    .text.osRtxThreadListGet  rtx_thread.o
    0x08003d1e   0x08003d1e   0x00000002   PAD
    0x08003d20   0x08003d20   0x00000076   Code   RO          975    .text.osRtxThreadListPut  rtx_thread.o
    0x08003d96   0x08003d96   0x00000002   PAD
    0x08003d98   0x08003d98   0x00000032   Code   RO          985    .text.osRtxThreadListRemove  rtx_thread.o
    0x08003dca   0x08003dca   0x00000002   PAD
    0x08003dcc   0x08003dcc   0x00000022   Code   RO          993    .text.osRtxThreadListRoot  rtx_thread.o
    0x08003dee   0x08003dee   0x00000002   PAD
    0x08003df0   0x08003df0   0x00000058   Code   RO          981    .text.osRtxThreadListSort  rtx_thread.o
    0x08003e48   0x08003e48   0x0000000a   Code   RO          944    .text.osRtxThreadObject  rtx_system.o
    0x08003e52   0x08003e52   0x00000002   PAD
    0x08003e54   0x08003e54   0x0000000a   Code   RO          977    .text.osRtxThreadObject  rtx_thread.o
    0x08003e5e   0x08003e5e   0x00000002   PAD
    0x08003e60   0x08003e60   0x00000044   Code   RO         1129    .text.osRtxThreadPostProcess  rtx_thread.o
    0x08003ea4   0x08003ea4   0x00000020   Code   RO          987    .text.osRtxThreadReadyPut  rtx_thread.o
    0x08003ec4   0x08003ec4   0x00000022   Code   RO          997    .text.osRtxThreadRegPtr  rtx_thread.o
    0x08003ee6   0x08003ee6   0x00000002   PAD
    0x08003ee8   0x08003ee8   0x00000014   Code   RO         1165    .text.osRtxThreadSetRunning  rtx_thread.o
    0x08003efc   0x08003efc   0x00000014   Code   RO         1232    .text.osRtxThreadSetRunning  rtx_timer.o
    0x08003f10   0x08003f10   0x0000003c   Code   RO         1019    .text.osRtxThreadStackCheck  rtx_thread.o
    0x08003f4c   0x08003f4c   0x00000096   Code   RO         1029    .text.osRtxThreadStartup  rtx_thread.o
    0x08003fe2   0x08003fe2   0x00000002   PAD
    0x08003fe4   0x08003fe4   0x0000002e   Code   RO         1001    .text.osRtxThreadSwitch  rtx_thread.o
    0x08004012   0x08004012   0x00000002   PAD
    0x08004014   0x08004014   0x00000076   Code   RO         1015    .text.osRtxThreadWaitEnter  rtx_thread.o
    0x0800408a   0x0800408a   0x00000002   PAD
    0x0800408c   0x0800408c   0x00000046   Code   RO         1013    .text.osRtxThreadWaitExit  rtx_thread.o
    0x080040d2   0x080040d2   0x00000002   PAD
    0x080040d4   0x080040d4   0x00000110   Code   RO          936    .text.osRtxTick_Handler  rtx_system.o
    0x080041e4   0x080041e4   0x00000030   Code   RO         1204    .text.osRtxTimerSetup  rtx_timer.o
    0x08004214   0x08004214   0x00000032   Code   RO         1208    .text.osRtxTimerThread  rtx_timer.o
    0x08004246   0x08004246   0x00000002   PAD
    0x08004248   0x08004248   0x000000dc   Code   RO         1206    .text.osRtxTimerTick  rtx_timer.o
    0x08004324   0x08004324   0x0000005e   Code   RO          887    .text.osSemaphoreAcquire  rtx_semaphore.o
    0x08004382   0x08004382   0x00000002   PAD
    0x08004384   0x08004384   0x00000072   Code   RO          877    .text.osSemaphoreNew  rtx_semaphore.o
    0x080043f6   0x080043f6   0x00000002   PAD
    0x080043f8   0x080043f8   0x0000004e   Code   RO          891    .text.osSemaphoreRelease  rtx_semaphore.o
    0x08004446   0x08004446   0x00000002   PAD
    0x08004448   0x08004448   0x00000010   Code   RO         1125    .text.osThreadEntry  rtx_thread.o
    0x08004458   0x08004458   0x00000024   Code   RO         1077    .text.osThreadExit  rtx_thread.o
    0x0800447c   0x0800447c   0x00000072   Code   RO         1035    .text.osThreadNew   rtx_thread.o
    0x080044ee   0x080044ee   0x00000002   PAD
    0x080044f0   0x080044f0   0x00000036   Code   RO          615    .text.os_kernel_is_active  rtx_lib.o
    0x08004526   0x08004526   0x00000002   PAD
    0x08004528   0x08004528   0x00000050   Code   RO           51    .text.svcRtxDelay   rtx_delay.o
    0x08004578   0x08004578   0x00000010   Code   RO          522    .text.svcRtxKernelGetState  rtx_kernel.o
    0x08004588   0x08004588   0x00000046   Code   RO          562    .text.svcRtxKernelGetSysTimerCount  rtx_kernel.o
    0x080045ce   0x080045ce   0x00000002   PAD
    0x080045d0   0x080045d0   0x00000304   Code   RO          568    .text.svcRtxKernelInitialize  rtx_kernel.o
    0x080048d4   0x080048d4   0x000000a4   Code   RO          572    .text.svcRtxKernelStart  rtx_kernel.o
    0x08004978   0x08004978   0x00000168   Code   RO          811    .text.svcRtxMessageQueueGet  rtx_msgqueue.o
    0x08004ae0   0x08004ae0   0x00000290   Code   RO          749    .text.svcRtxMessageQueueNew  rtx_msgqueue.o
    0x08004d70   0x08004d70   0x0000015c   Code   RO          801    .text.svcRtxMessageQueuePut  rtx_msgqueue.o
    0x08004ecc   0x08004ecc   0x00000176   Code   RO          856    .text.svcRtxMutexAcquire  rtx_mutex.o
    0x08005042   0x08005042   0x00000002   PAD
    0x08005044   0x08005044   0x00000058   Code   RO          864    .text.svcRtxMutexDelete  rtx_mutex.o
    0x0800509c   0x0800509c   0x00000142   Code   RO          850    .text.svcRtxMutexNew  rtx_mutex.o
    0x080051de   0x080051de   0x00000002   PAD
    0x080051e0   0x080051e0   0x000001a0   Code   RO          860    .text.svcRtxMutexRelease  rtx_mutex.o
    0x08005380   0x08005380   0x000000aa   Code   RO          915    .text.svcRtxSemaphoreAcquire  rtx_semaphore.o
    0x0800542a   0x0800542a   0x00000002   PAD
    0x0800542c   0x0800542c   0x00000176   Code   RO          901    .text.svcRtxSemaphoreNew  rtx_semaphore.o
    0x080055a2   0x080055a2   0x00000002   PAD
    0x080055a4   0x080055a4   0x000000a2   Code   RO          923    .text.svcRtxSemaphoreRelease  rtx_semaphore.o
    0x08005646   0x08005646   0x00000002   PAD
    0x08005648   0x08005648   0x00000084   Code   RO         1163    .text.svcRtxThreadExit  rtx_thread.o
    0x080056cc   0x080056cc   0x0000046a   Code   RO         1033    .text.svcRtxThreadNew  rtx_thread.o
    0x08005b36   0x08005b36   0x00000002   PAD
    0x08005b38   0x08005b38   0x00000048   Code   RO          619    .text.user_perthread_libspace_free  rtx_lib.o
    0x08005b80   0x08005b80   0x00000012   Code   RO         1127    .text.xPSR_InitVal  rtx_thread.o
    0x08005b92   0x08005b92   0x0000001a   Code   RO         1394    x$fpl$fpinit        fz_wm.l(fpinit.o)
    0x08005bac   0x08005bac   0x00000070   Data   RO          633    .rodata             rtx_lib.o
    0x08005c1c   0x08005c1c   0x00000038   Data   RO          636    .rodata             rtx_lib.o
    0x08005c54   0x08005c54   0x00000010   Data   RO         1374    .rodata.AHBPrescTable  system_stm32f4xx.o
    0x08005c64   0x08005c64   0x00000018   Data   RO         1351    .rodata.EventRecorderInfo  eventrecorder.o
    0x08005c7c   0x08005c7c   0x00000004   Data   RO          635    .rodata.osRtxUserSVC  rtx_lib.o
    0x08005c80   0x08005c80   0x00000024   Data   RO          630    .rodata.os_idle_thread_attr  rtx_lib.o
    0x08005ca4   0x08005ca4   0x00000018   Data   RO          632    .rodata.os_timer_mq_attr  rtx_lib.o
    0x08005cbc   0x08005cbc   0x00000024   Data   RO          631    .rodata.os_timer_thread_attr  rtx_lib.o
    0x08005ce0   0x08005ce0   0x0000000b   Data   RO          600    .rodata.str1.1      rtx_kernel.o
    0x08005ceb   0x08005ceb   0x00000001   PAD
    0x08005cec   0x08005cec   0x00000020   Data   RO         1556    Region$$Table       anon$$obj.o


    Execution Region ER_RW (Exec base: 0x20000000, Load base: 0x08005d0c, Size: 0x000000a8, Max: 0xffffffff, ABSOLUTE)

    Exec Addr    Load Addr    Size         Type   Attr      Idx    E Section Name        Object

    0x20000000   0x08005d0c   0x00000004   Data   RW         1373    .data.SystemCoreClock  system_stm32f4xx.o
    0x20000004   0x08005d10   0x000000a4   Data   RW          601    .data.os            rtx_kernel.o


    Execution Region ER_ZI (Exec base: 0x200000c0, Load base: 0x08005db4, Size: 0x00009290, Max: 0xffffffff, ABSOLUTE)

    Exec Addr    Load Addr    Size         Type   Attr      Idx    E Section Name        Object

    0x200000c0        -       0x00000060   Zero   RW         1423    .bss                c_w.l(libspace.o)
    0x20000120        -       0x00000001   Zero   RW         1352    .bss.SysTimerState  eventrecorder.o
    0x20000121   0x08005db4   0x0000001f   PAD
    0x20000140        -       0x000004a4   Zero   RW         1350    .bss.noinit         eventrecorder.o
    0x200005e4   0x08005db4   0x00000004   PAD
    0x200005e8        -       0x00008040   Zero   RW          629    .bss.os             rtx_lib.o
    0x20008628        -       0x00000001   Zero   RW         1279    .bss.os             os_systick.o
    0x20008629   0x08005db4   0x00000003   PAD
    0x2000862c        -       0x000001f0   Zero   RW          637    .bss.os.libspace    rtx_lib.o
    0x2000881c        -       0x00000034   Zero   RW          641    .bss.os.msgqueue.cb  rtx_lib.o
    0x20008850        -       0x00000050   Zero   RW          642    .bss.os.msgqueue.mem  rtx_lib.o
    0x200088a0        -       0x000000a0   Zero   RW          638    .bss.os.thread.cb   rtx_lib.o
    0x20008940        -       0x00000200   Zero   RW          639    .bss.os.thread.idle.stack  rtx_lib.o
    0x20008b40        -       0x00000200   Zero   RW          640    .bss.os.thread.timer.stack  rtx_lib.o
    0x20008d40        -       0x00000001   Zero   RW          643    .bss.os_kernel_is_active.os_kernel_active  rtx_lib.o
    0x20008d41   0x08005db4   0x00000003   PAD
    0x20008d44        -       0x00000004   Zero   RW           25    .bss.qUartTx        main.o
    0x20008d48        -       0x00000004   Zero   RW           27    .bss.semTxDone      main.o
    0x20008d4c   0x08005db4   0x00000004   PAD
    0x20008d50        -       0x00000200   Zero   RW         1360    HEAP                startup_stm32f446xx.o
    0x20008f50        -       0x00000400   Zero   RW         1359    STACK               startup_stm32f446xx.o


==============================================================================

Image component sizes


      Code (inc. data)   RO Data    RW Data    ZI Data      Debug   Object Name

      2190          0         24          0       1189       8942   eventrecorder.o
       256         16          0          0          0        775   irq_armv7m.o
       950          0          0          0          8       7033   main.o
       286          0          0          0          1       4909   os_systick.o
        56          6          0          0          0        733   rtx_config.o
       230          0          0          0          0       2816   rtx_delay.o
      1956          0          0          0          0      29352   rtx_evr.o
      1514          0         11        164          0      18128   rtx_kernel.o
       300          0        268          0      34645       8049   rtx_lib.o
       710          0          0          0          0       2372   rtx_memory.o
       478          0          0          0          0      12673   rtx_mempool.o
      3052          0          0          0          0      15299   rtx_msgqueue.o
      2356          0          0          0          0       9496   rtx_mutex.o
      1594          0          0          0          0       9628   rtx_semaphore.o
       940         10          0          0          0       6338   rtx_system.o
      4206          0          0          0          0      34192   rtx_thread.o
       548          0          0          0          0       9404   rtx_timer.o
        64         26        452          0       1536        880   startup_stm32f446xx.o
       320          0         16          4          0       2837   system_stm32f4xx.o

    ----------------------------------------------------------------------
     22270         58        804        168      37424     183856   Object Totals
         0          0         32          0          0          0   (incl. Generated)
       264          0          1          0         45          0   (incl. Padding)

    ----------------------------------------------------------------------

      Code (inc. data)   RO Data    RW Data    ZI Data      Debug   Library Member Name

         8          0          0          0          0         68   __main.o
         0          0          0          0          0          0   __rtentry.o
        20          0          0          0          0          0   __rtentry2.o
         6          0          0          0          0          0   __rtentry4.o
        94          8          0          0          0          0   __scatter.o
        26          0          0          0          0          0   __scatter_copy.o
        28          0          0          0          0          0   __scatter_zi.o
        18          0          0          0          0         80   exit.o
         6          0          0          0          0        152   heapauxi.o
         0          0          0          0          0          0   indicate_semi.o
         2          0          0          0          0          0   libinit.o
         6          0          0          0          0          0   libinit2.o
         2          0          0          0          0          0   libshutdown.o
         2          0          0          0          0          0   libshutdown2.o
         8          4          0          0         96         68   libspace.o
        68          0          0          0          0         68   rt_memclr.o
        78          0          0          0          0         80   rt_memclr_w.o
       138          0          0          0          0         68   rt_memcpy_v6.o
       100          0          0          0          0         80   rt_memcpy_w.o
         2          0          0          0          0          0   rtexit.o
        10          0          0          0          0          0   rtexit2.o
        12          4          0          0          0         68   sys_exit.o
        74          0          0          0          0         80   sys_stackheap_outer.o
         2          0          0          0          0         68   use_no_semi.o
        26          0          0          0          0        116   fpinit.o

    ----------------------------------------------------------------------
       746         16          0          0         96        996   Library Totals
        10          0          0          0          0          0   (incl. Padding)

    ----------------------------------------------------------------------

      Code (inc. data)   RO Data    RW Data    ZI Data      Debug   Library Name

       710         16          0          0         96        880   c_w.l
        26          0          0          0          0        116   fz_wm.l

    ----------------------------------------------------------------------
       746         16          0          0         96        996   Library Totals

    ----------------------------------------------------------------------

==============================================================================


      Code (inc. data)   RO Data    RW Data    ZI Data      Debug   

     23016         74        804        168      37520     184236   Grand Totals
     23016         74        804        168      37520     184236   ELF Image Totals
     23016         74        804        168          0          0   ROM Totals

==============================================================================

    Total RO  Size (Code + RO Data)                23820 (  23.26kB)
    Total RW  Size (RW Data + ZI Data)             37688 (  36.80kB)
    Total ROM Size (Code + RO Data + RW Data)      23988 (  23.43kB)

==============================================================================

